Archive member included to satisfy reference by file (symbol)

C:/nxp/MCUXpressoIDE_11.10.0_3148/ide/plugins/com.nxp.mcuxpresso.tools.win32_11.10.0.202311280810/tools/bin/../lib/gcc/arm-none-eabi/13.2.1/../../../../arm-none-eabi/lib/thumb/v7e-m+fp/hard\libcr_c.a(memcpy.o)
                              ./source/menu.o (memcpy)
C:/nxp/MCUXpressoIDE_11.10.0_3148/ide/plugins/com.nxp.mcuxpresso.tools.win32_11.10.0.202311280810/tools/bin/../lib/gcc/arm-none-eabi/13.2.1/../../../../arm-none-eabi/lib/thumb/v7e-m+fp/hard\libcr_c.a(memset.o)
                              ./source/database.o (memset)
C:/nxp/MCUXpressoIDE_11.10.0_3148/ide/plugins/com.nxp.mcuxpresso.tools.win32_11.10.0.202311280810/tools/bin/../lib/gcc/arm-none-eabi/13.2.1/../../../../arm-none-eabi/lib/thumb/v7e-m+fp/hard\libcr_c.a(strcmp.o)
                              ./source/display_rtos.o (strcmp)
C:/nxp/MCUXpressoIDE_11.10.0_3148/ide/plugins/com.nxp.mcuxpresso.tools.win32_11.10.0.202311280810/tools/bin/../lib/gcc/arm-none-eabi/13.2.1/../../../../arm-none-eabi/lib/thumb/v7e-m+fp/hard\libcr_c.a(strcpy.o)
                              ./source/menu.o (strcpy)
C:/nxp/MCUXpressoIDE_11.10.0_3148/ide/plugins/com.nxp.mcuxpresso.tools.win32_11.10.0.202311280810/tools/bin/../lib/gcc/arm-none-eabi/13.2.1/../../../../arm-none-eabi/lib/thumb/v7e-m+fp/hard\libcr_c.a(strlen.o)
                              ./source/display_rtos.o (strlen)
C:/nxp/MCUXpressoIDE_11.10.0_3148/ide/plugins/com.nxp.mcuxpresso.tools.win32_11.10.0.202311280810/tools/bin/../lib/gcc/arm-none-eabi/13.2.1/../../../../arm-none-eabi/lib/thumb/v7e-m+fp/hard\libcr_c.a(strncmp.o)
                              ./source/database.o (strncmp)
C:/nxp/MCUXpressoIDE_11.10.0_3148/ide/plugins/com.nxp.mcuxpresso.tools.win32_11.10.0.202311280810/tools/bin/../lib/gcc/arm-none-eabi/13.2.1/../../../../arm-none-eabi/lib/thumb/v7e-m+fp/hard\libcr_c.a(strncpy.o)
                              ./source/database.o (strncpy)
C:/nxp/MCUXpressoIDE_11.10.0_3148/ide/plugins/com.nxp.mcuxpresso.tools.win32_11.10.0.202311280810/tools/bin/../lib/gcc/arm-none-eabi/13.2.1/thumb/v7e-m+fp/hard\libcr_eabihelpers.a(division_64.o)
                              ./source/rtos/uCOSIII/BSP/cpu_bsp.o (__aeabi_uldivmod)
C:/nxp/MCUXpressoIDE_11.10.0_3148/ide/plugins/com.nxp.mcuxpresso.tools.win32_11.10.0.202311280810/tools/bin/../lib/gcc/arm-none-eabi/13.2.1/thumb/v7e-m+fp/hard\libcr_eabihelpers.a(division_idiv0.o)
                              C:/nxp/MCUXpressoIDE_11.10.0_3148/ide/plugins/com.nxp.mcuxpresso.tools.win32_11.10.0.202311280810/tools/bin/../lib/gcc/arm-none-eabi/13.2.1/thumb/v7e-m+fp/hard\libcr_eabihelpers.a(division_64.o) (__aeabi_idiv0)
C:/nxp/MCUXpressoIDE_11.10.0_3148/ide/plugins/com.nxp.mcuxpresso.tools.win32_11.10.0.202311280810/tools/bin/../lib/gcc/arm-none-eabi/13.2.1/thumb/v7e-m+fp/hard\libcr_eabihelpers.a(memcpy.o)
                              C:/nxp/MCUXpressoIDE_11.10.0_3148/ide/plugins/com.nxp.mcuxpresso.tools.win32_11.10.0.202311280810/tools/bin/../lib/gcc/arm-none-eabi/13.2.1/../../../../arm-none-eabi/lib/thumb/v7e-m+fp/hard\libcr_c.a(memcpy.o) (__aeabi_memcpy)

Discarded input sections

 .group         0x00000000        0xc ./source/rtos/uCOSIII/src/uCOS-III/Source/os_cfg_app.o
 .group         0x00000000        0xc ./source/rtos/uCOSIII/src/uCOS-III/Source/os_cfg_app.o
 .group         0x00000000        0xc ./source/rtos/uCOSIII/src/uCOS-III/Source/os_cfg_app.o
 .group         0x00000000        0xc ./source/rtos/uCOSIII/src/uCOS-III/Source/os_cfg_app.o
 .group         0x00000000        0xc ./source/rtos/uCOSIII/src/uCOS-III/Source/os_cfg_app.o
 .group         0x00000000        0xc ./source/rtos/uCOSIII/src/uCOS-III/Source/os_cfg_app.o
 .group         0x00000000        0xc ./source/rtos/uCOSIII/src/uCOS-III/Source/os_cfg_app.o
 .group         0x00000000        0xc ./source/rtos/uCOSIII/src/uCOS-III/Source/os_cfg_app.o
 .group         0x00000000        0xc ./source/rtos/uCOSIII/src/uCOS-III/Source/os_cfg_app.o
 .group         0x00000000        0xc ./source/rtos/uCOSIII/src/uCOS-III/Source/os_cfg_app.o
 .group         0x00000000        0xc ./source/rtos/uCOSIII/src/uCOS-III/Source/os_cfg_app.o
 .group         0x00000000        0xc ./source/rtos/uCOSIII/src/uCOS-III/Source/os_cfg_app.o
 .text          0x00000000        0x0 ./source/rtos/uCOSIII/src/uCOS-III/Source/os_cfg_app.o
 .data          0x00000000        0x0 ./source/rtos/uCOSIII/src/uCOS-III/Source/os_cfg_app.o
 .bss           0x00000000        0x0 ./source/rtos/uCOSIII/src/uCOS-III/Source/os_cfg_app.o
 .rodata.OSCfg_IdleTaskStkSizeRAM
                0x00000000        0x4 ./source/rtos/uCOSIII/src/uCOS-III/Source/os_cfg_app.o
 .rodata.OSCfg_IntQBasePtr
                0x00000000        0x4 ./source/rtos/uCOSIII/src/uCOS-III/Source/os_cfg_app.o
 .rodata.OSCfg_IntQSize
                0x00000000        0x2 ./source/rtos/uCOSIII/src/uCOS-III/Source/os_cfg_app.o
 .rodata.OSCfg_IntQSizeRAM
[...]
Memory Configuration

Name             Origin             Length             Attributes
PROGRAM_FLASH    0x00000000         0x00100000         xr
SRAM_UPPER       0x20000000         0x00030000         xrw
SRAM_LOWER       0x1fff0000         0x00010000         xrw
FLEX_RAM         0x14000000         0x00001000         xrw
*default*        0x00000000         0xffffffff

Linker script and memory map

LOAD ./source/rtos/uCOSIII/src/uCOS-III/Source/os_cfg_app.o
LOAD ./source/rtos/uCOSIII/src/uCOS-III/Source/os_core.o
LOAD ./source/rtos/uCOSIII/src/uCOS-III/Source/os_dbg.o
LOAD ./source/rtos/uCOSIII/src/uCOS-III/Source/os_flag.o
LOAD ./source/rtos/uCOSIII/src/uCOS-III/Source/os_int.o
LOAD ./source/rtos/uCOSIII/src/uCOS-III/Source/os_mem.o
LOAD ./source/rtos/uCOSIII/src/uCOS-III/Source/os_msg.o
LOAD ./source/rtos/uCOSIII/src/uCOS-III/Source/os_mutex.o
LOAD ./source/rtos/uCOSIII/src/uCOS-III/Source/os_pend_multi.o
LOAD ./source/rtos/uCOSIII/src/uCOS-III/Source/os_prio.o
LOAD ./source/rtos/uCOSIII/src/uCOS-III/Source/os_q.o
LOAD ./source/rtos/uCOSIII/src/uCOS-III/Source/os_sem.o
LOAD ./source/rtos/uCOSIII/src/uCOS-III/Source/os_stat.o
LOAD ./source/rtos/uCOSIII/src/uCOS-III/Source/os_task.o
LOAD ./source/rtos/uCOSIII/src/uCOS-III/Source/os_tick.o
LOAD ./source/rtos/uCOSIII/src/uCOS-III/Source/os_time.o
LOAD ./source/rtos/uCOSIII/src/uCOS-III/Source/os_tmr.o
LOAD ./source/rtos/uCOSIII/src/uCOS-III/Source/os_var.o
LOAD ./source/rtos/uCOSIII/src/uCOS-III/Ports/ARM-Cortex-M4/Generic/GNU/os_cpu_a.o
LOAD ./source/rtos/uCOSIII/src/uCOS-III/Ports/ARM-Cortex-M4/Generic/GNU/os_cpu_c.o
LOAD ./source/rtos/uCOSIII/src/uC-CPU/ARM-Cortex-M4/GNU/cpu_a.o
LOAD ./source/rtos/uCOSIII/src/uC-CPU/ARM-Cortex-M4/GNU/cpu_c.o
LOAD ./source/rtos/uCOSIII/src/uC-CPU/cpu_core.o
LOAD ./source/rtos/uCOSIII/BSP/cpu_bsp.o
LOAD ./source/FTM.o
LOAD ./source/SysTick.o
LOAD ./source/WS2812.o
LOAD ./source/card.o
LOAD ./source/database.o
LOAD ./source/display_matrix.o
LOAD ./source/display_rtos.o
LOAD ./source/encoder.o
LOAD ./source/gpio.o
LOAD ./source/leds.o
LOAD ./source/main.o
LOAD ./source/menu.o
LOAD ./source/msg_pool.o
LOAD ./source/ui.o
LOAD ./source/user_db.o
LOAD ./SDK/startup/hardware.o
LOAD ./SDK/startup/semihost_hardfault.o
LOAD ./SDK/startup/startup_mk64f12.o
LOAD ./SDK/CMSIS/system_MK64F12.o
START GROUP
LOAD C:/nxp/MCUXpressoIDE_11.10.0_3148/ide/plugins/com.nxp.mcuxpresso.tools.win32_11.10.0.202311280810/tools/bin/../lib/gcc/arm-none-eabi/13.2.1/../../../../arm-none-eabi/lib/thumb/v7e-m+fp/hard\libcr_c.a
LOAD C:/nxp/MCUXpressoIDE_11.10.0_3148/ide/plugins/com.nxp.mcuxpresso.tools.win32_11.10.0.202311280810/tools/bin/../lib/gcc/arm-none-eabi/13.2.1/thumb/v7e-m+fp/hard\libcr_eabihelpers.a
LOAD C:/nxp/MCUXpressoIDE_11.10.0_3148/ide/plugins/com.nxp.mcuxpresso.tools.win32_11.10.0.202311280810/tools/bin/../lib/gcc/arm-none-eabi/13.2.1/thumb/v7e-m+fp/hard\libgcc.a
END GROUP
                0x00000000                        __base_PROGRAM_FLASH = 0x0
                0x00000000                        __base_Flash = 0x0
                0x00100000                        __top_PROGRAM_FLASH = 0x100000
                0x00100000                        __top_Flash = 0x100000
                0x20000000                        __base_SRAM_UPPER = 0x20000000
                0x20000000                        __base_RAM = 0x20000000
                0x20030000                        __top_SRAM_UPPER = 0x20030000
                0x20030000                        __top_RAM = 0x20030000
                0x1fff0000                        __base_SRAM_LOWER = 0x1fff0000
                0x1fff0000                        __base_RAM2 = 0x1fff0000
                0x20000000                        __top_SRAM_LOWER = 0x20000000
                0x20000000                        __top_RAM2 = 0x20000000
                0x14000000                        __base_FLEX_RAM = 0x14000000
                0x14000000                        __base_RAM3 = 0x14000000
                0x14001000                        __top_FLEX_RAM = 0x14001000
                0x14001000                        __top_RAM3 = 0x14001000

.text           0x00000000     0x90f0
 FILL mask 0xff
                0x00000000                        __vectors_start__ = ABSOLUTE (.)
 *(SORT_BY_ALIGNMENT(.isr_vector))
 .isr_vector    0x00000000      0x198 ./SDK/startup/startup_mk64f12.o
                0x00000000                g_pfnVectors
                0x00000000                __Vectors
                0x00000198                        . = ALIGN (0x4)
                0x00000198                        __section_table_start = .
                0x00000198                        __data_section_table = .
                0x00000198        0x4 LONG 0x90f0 LOADADDR (.data)
                0x0000019c        0x4 LONG 0x20000000 ADDR (.data)
                0x000001a0        0x4 LONG 0xd0 SIZEOF (.data)
                0x000001a4        0x4 LONG 0x90f0 LOADADDR (.data_RAM2)
                0x000001a8        0x4 LONG 0x1fff0000 ADDR (.data_RAM2)
                0x000001ac        0x4 LONG 0x0 SIZEOF (.data_RAM2)
                0x000001b0        0x4 LONG 0x90f0 LOADADDR (.data_RAM3)
                0x000001b4        0x4 LONG 0x14000000 ADDR (.data_RAM3)
                0x000001b8        0x4 LONG 0x0 SIZEOF (.data_RAM3)
                0x000001bc                        __data_section_table_end = .
                0x000001bc                        __bss_section_table = .
                0x000001bc        0x4 LONG 0x200000d0 ADDR (.bss)
                0x000001c0        0x4 LONG 0x5938 SIZEOF (.bss)
                0x000001c4        0x4 LONG 0x1fff0000 ADDR (.bss_RAM2)
                0x000001c8        0x4 LONG 0x0 SIZEOF (.bss_RAM2)
                0x000001cc        0x4 LONG 0x14000000 ADDR (.bss_RAM3)
                0x000001d0        0x4 LONG 0x0 SIZEOF (.bss_RAM3)
                0x000001d4                        __bss_section_table_end = .
                0x000001d4                        __section_table_end = .
 *(SORT_BY_ALIGNMENT(.after_vectors*))
 .after_vectors.reset
                0x000001d4       0x4c ./SDK/startup/startup_mk64f12.o
                0x000001d4                ResetISR
 .after_vectors.init_data
                0x00000220       0x1e ./SDK/startup/startup_mk64f12.o
                0x00000220                data_init
 .after_vectors.init_bss
                0x0000023e       0x12 ./SDK/startup/startup_mk64f12.o
                0x0000023e                bss_init
 .after_vectors
                0x00000250       0x14 ./SDK/startup/startup_mk64f12.o
                0x00000250                NMI_Handler
                0x00000254                MemManage_Handler
                0x00000256                BusFault_Handler
                0x00000258                UsageFault_Handler
                0x0000025a                SVC_Handler
                0x0000025c                DebugMon_Handler
                0x00000262                DMA_Error_DriverIRQHandler
                0x00000262                LPTMR0_DriverIRQHandler
                0x00000262                FTM1_DriverIRQHandler
                0x00000262                FTM2_DriverIRQHandler
                0x00000262                PIT2_DriverIRQHandler
                0x00000262                SDHC_DriverIRQHandler
                0x00000262                I2S0_Tx_DriverIRQHandler
                0x00000262                RTC_Seconds_DriverIRQHandler
                0x00000262                DMA6_DriverIRQHandler
                0x00000262                LLWU_DriverIRQHandler
                0x00000262                MCM_DriverIRQHandler
                0x00000262                MCG_DriverIRQHandler
                0x00000262                ENET_1588_Timer_DriverIRQHandler
                0x00000262                I2C2_DriverIRQHandler
                0x00000262                DAC1_DriverIRQHandler
                0x00000262                SPI1_DriverIRQHandler
                0x00000262                CMP1_DriverIRQHandler
                0x00000262                UART5_RX_TX_DriverIRQHandler
                0x00000262                FTM0_DriverIRQHandler
                0x00000262                IntDefaultHandler
                0x00000262                USB0_DriverIRQHandler
                0x00000262                UART5_ERR_DriverIRQHandler
                0x00000262                PORTC_DriverIRQHandler
                0x00000262                DMA11_DriverIRQHandler
                0x00000262                DAC0_DriverIRQHandler
                0x00000262                DMA10_DriverIRQHandler
                0x00000262                CMP2_DriverIRQHandler
                0x00000262                UART2_ERR_DriverIRQHandler
                0x00000262                SPI2_DriverIRQHandler
                0x00000262                LVD_LVW_DriverIRQHandler
                0x00000262                PIT0_DriverIRQHandler
                0x00000262                RNG_DriverIRQHandler
                0x00000262                DMA5_DriverIRQHandler
                0x00000262                DMA12_DriverIRQHandler
                0x00000262                UART2_RX_TX_DriverIRQHandler
                0x00000262                USBDCD_DriverIRQHandler
                0x00000262                UART3_ERR_DriverIRQHandler
                0x00000262                DMA3_DriverIRQHandler
                0x00000262                DMA8_DriverIRQHandler
                0x00000262                DMA9_DriverIRQHandler
                0x00000262                UART0_ERR_DriverIRQHandler
                0x00000262                CMT_DriverIRQHandler
                0x00000262                Reserved71_DriverIRQHandler
                0x00000262                ADC1_DriverIRQHandler
                0x00000262                PORTA_DriverIRQHandler
                0x00000262                DMA14_DriverIRQHandler
                0x00000262                PIT3_DriverIRQHandler
                0x00000262                PIT1_DriverIRQHandler
                0x00000262                WDOG_EWM_DriverIRQHandler
                0x00000262                PDB0_DriverIRQHandler
                0x00000262                RTC_DriverIRQHandler
                0x00000262                I2S0_Rx_DriverIRQHandler
                0x00000262                Read_Collision_DriverIRQHandler
                0x00000262                SWI_DriverIRQHandler
                0x00000262                UART4_RX_TX_DriverIRQHandler
                0x00000262                UART4_ERR_DriverIRQHandler
                0x00000262                PORTB_DriverIRQHandler
                0x00000262                UART0_LON_DriverIRQHandler
                0x00000262                DMA0_DriverIRQHandler
                0x00000262                DMA1_DriverIRQHandler
                0x00000262                I2C1_DriverIRQHandler
                0x00000262                UART3_RX_TX_DriverIRQHandler
                0x00000262                ENET_Receive_DriverIRQHandler
                0x00000262                DMA13_DriverIRQHandler
                0x00000262                ENET_Error_DriverIRQHandler
                0x00000262                DMA15_DriverIRQHandler
                0x00000262                UART0_RX_TX_DriverIRQHandler
                0x00000262                SPI0_DriverIRQHandler
                0x00000262                ADC0_DriverIRQHandler
                0x00000262                CMP0_DriverIRQHandler
                0x00000262                CAN0_DriverIRQHandler
                0x00000262                FTM3_DriverIRQHandler
                0x00000262                DMA4_DriverIRQHandler
                0x00000262                UART1_ERR_DriverIRQHandler
                0x00000262                DMA2_DriverIRQHandler
                0x00000262                ENET_Transmit_DriverIRQHandler
                0x00000262                PORTD_DriverIRQHandler
                0x00000262                PORTE_DriverIRQHandler
                0x00000262                FTFE_DriverIRQHandler
                0x00000262                I2C0_DriverIRQHandler
                0x00000262                DMA7_DriverIRQHandler
                0x00000262                UART1_RX_TX_DriverIRQHandler
                0x00000400                        . = 0x400
 *fill*         0x00000264      0x19c ff
                0x00000400                        PROVIDE (__FLASH_CONFIG_START__ = .)
 *(SORT_BY_ALIGNMENT(.FlashConfig))
 .FlashConfig   0x00000400       0x10 ./SDK/startup/startup_mk64f12.o
                0x00000400                Flash_Config
                0x00000410                        PROVIDE (__FLASH_CONFIG_END__ = .)
                0x00000001                        ASSERT (! ((__FLASH_CONFIG_START__ == __FLASH_CONFIG_END__)), Linker Flash Config Support Enabled, but no .FlashConfig section provided within application)
 *(SORT_BY_ALIGNMENT(.text*))
 .text.OSInit   0x00000410      0x1ec ./source/rtos/uCOSIII/src/uCOS-III/Source/os_core.o
                0x00000410                OSInit
 .text.OSIntEnter
                0x000005fc       0x38 ./source/rtos/uCOSIII/src/uCOS-III/Source/os_core.o
                0x000005fc                OSIntEnter
 .text.OSIntExit
                0x00000634       0xd8 ./source/rtos/uCOSIII/src/uCOS-III/Source/os_core.o
                0x00000634                OSIntExit
 .text.OSSched  0x0000070c       0xa8 ./source/rtos/uCOSIII/src/uCOS-III/Source/os_core.o
                0x0000070c                OSSched
 .text.OSSchedLock
                0x000007b4       0x74 ./source/rtos/uCOSIII/src/uCOS-III/Source/os_core.o
                0x000007b4                OSSchedLock
 .text.OSSchedUnlock
                0x00000828       0x90 ./source/rtos/uCOSIII/src/uCOS-III/Source/os_core.o
                0x00000828                OSSchedUnlock
 .text.OSSchedRoundRobinCfg
                0x000008b8       0x70 ./source/rtos/uCOSIII/src/uCOS-III/Source/os_core.o
                0x000008b8                OSSchedRoundRobinCfg
 .text.OSStart  0x00000928       0x80 ./source/rtos/uCOSIII/src/uCOS-III/Source/os_core.o
                0x00000928                OSStart
 .text.OS_IdleTask
                0x000009a8       0x3c ./source/rtos/uCOSIII/src/uCOS-III/Source/os_core.o
                0x000009a8                OS_IdleTask
 .text.OS_IdleTaskInit
                0x000009e4       0x68 ./source/rtos/uCOSIII/src/uCOS-III/Source/os_core.o
                0x000009e4                OS_IdleTaskInit
 .text.OS_Pend  0x00000a4c       0x84 ./source/rtos/uCOSIII/src/uCOS-III/Source/os_core.o
                0x00000a4c                OS_Pend
 .text.OS_PendDbgNameAdd
                0x00000ad0       0x7c ./source/rtos/uCOSIII/src/uCOS-III/Source/os_core.o
                0x00000ad0                OS_PendDbgNameAdd
 .text.OS_PendDbgNameRemove
                0x00000b4c       0x4c ./source/rtos/uCOSIII/src/uCOS-III/Source/os_core.o
                0x00000b4c                OS_PendDbgNameRemove
 .text.OS_Post  0x00000b98      0x130 ./source/rtos/uCOSIII/src/uCOS-III/Source/os_core.o
                0x00000b98                OS_Post
 .text.OS_RdyListInit
                0x00000cc8       0x4c ./source/rtos/uCOSIII/src/uCOS-III/Source/os_core.o
                0x00000cc8                OS_RdyListInit
 .text.OS_RdyListInsert
                0x00000d14       0x3c ./source/rtos/uCOSIII/src/uCOS-III/Source/os_core.o
                0x00000d14                OS_RdyListInsert
 .text.OS_RdyListInsertHead
                0x00000d50       0x84 ./source/rtos/uCOSIII/src/uCOS-III/Source/os_core.o
                0x00000d50                OS_RdyListInsertHead
 .text.OS_RdyListInsertTail
                0x00000dd4       0x80 ./source/rtos/uCOSIII/src/uCOS-III/Source/os_core.o
                0x00000dd4                OS_RdyListInsertTail
 .text.OS_RdyListRemove
                0x00000e54       0xb0 ./source/rtos/uCOSIII/src/uCOS-III/Source/os_core.o
                0x00000e54                OS_RdyListRemove
 .text.OS_SchedRoundRobin
                0x00000f04       0xc8 ./source/rtos/uCOSIII/src/uCOS-III/Source/os_core.o
                0x00000f04                OS_SchedRoundRobin
 .text.OS_TaskBlock
                0x00000fcc       0x40 ./source/rtos/uCOSIII/src/uCOS-III/Source/os_core.o
                0x00000fcc                OS_TaskBlock
 .text.OS_Dbg_Init
                0x0000100c      0x23c ./source/rtos/uCOSIII/src/uCOS-III/Source/os_dbg.o
                0x0000100c                OS_Dbg_Init
 .text.OS_FlagInit
                0x00001248       0x30 ./source/rtos/uCOSIII/src/uCOS-III/Source/os_flag.o
                0x00001248                OS_FlagInit
 .text.OSMemCreate
                0x00001278      0x120 ./source/rtos/uCOSIII/src/uCOS-III/Source/os_mem.o
                0x00001278                OSMemCreate
 .text.OS_MemDbgListAdd
                0x00001398       0x44 ./source/rtos/uCOSIII/src/uCOS-III/Source/os_mem.o
                0x00001398                OS_MemDbgListAdd
 .text.OS_MemInit
                0x000013dc       0x30 ./source/rtos/uCOSIII/src/uCOS-III/Source/os_mem.o
                0x000013dc                OS_MemInit
 .text.OS_MsgPoolInit
                0x0000140c       0xd0 ./source/rtos/uCOSIII/src/uCOS-III/Source/os_msg.o
                0x0000140c                OS_MsgPoolInit
 .text.OS_MsgQFreeAll
                0x000014dc       0x78 ./source/rtos/uCOSIII/src/uCOS-III/Source/os_msg.o
                0x000014dc                OS_MsgQFreeAll
 .text.OS_MsgQGet
                0x00001554       0xc0 ./source/rtos/uCOSIII/src/uCOS-III/Source/os_msg.o
                0x00001554                OS_MsgQGet
 .text.OS_MsgQPut
                0x00001614      0x114 ./source/rtos/uCOSIII/src/uCOS-III/Source/os_msg.o
                0x00001614                OS_MsgQPut
 .text.OSMutexCreate
                0x00001728       0x98 ./source/rtos/uCOSIII/src/uCOS-III/Source/os_mutex.o
                0x00001728                OSMutexCreate
 .text.OSMutexPend
                0x000017c0      0x210 ./source/rtos/uCOSIII/src/uCOS-III/Source/os_mutex.o
                0x000017c0                OSMutexPend
 .text.OSMutexPost
                0x000019d0      0x1b8 ./source/rtos/uCOSIII/src/uCOS-III/Source/os_mutex.o
                0x000019d0                OSMutexPost
 .text.OS_MutexDbgListAdd
                0x00001b88       0x50 ./source/rtos/uCOSIII/src/uCOS-III/Source/os_mutex.o
                0x00001b88                OS_MutexDbgListAdd
 .text.OS_MutexInit
                0x00001bd8       0x30 ./source/rtos/uCOSIII/src/uCOS-III/Source/os_mutex.o
                0x00001bd8                OS_MutexInit
 .text.OS_PrioInit
                0x00001c08       0x34 ./source/rtos/uCOSIII/src/uCOS-III/Source/os_prio.o
                0x00001c08                OS_PrioInit
 .text.OS_PrioGetHighest
                0x00001c3c       0x48 ./source/rtos/uCOSIII/src/uCOS-III/Source/os_prio.o
                0x00001c3c                OS_PrioGetHighest
 .text.OS_PrioInsert
                0x00001c84       0x50 ./source/rtos/uCOSIII/src/uCOS-III/Source/os_prio.o
                0x00001c84                OS_PrioInsert
 .text.OS_PrioRemove
                0x00001cd4       0x50 ./source/rtos/uCOSIII/src/uCOS-III/Source/os_prio.o
                0x00001cd4                OS_PrioRemove
 .text.OSQCreate
                0x00001d24       0xa0 ./source/rtos/uCOSIII/src/uCOS-III/Source/os_q.o
                0x00001d24                OSQCreate
 .text.OSQPend  0x00001dc4      0x1f0 ./source/rtos/uCOSIII/src/uCOS-III/Source/os_q.o
                0x00001dc4                OSQPend
 .text.OSQPost  0x00001fb4       0xc4 ./source/rtos/uCOSIII/src/uCOS-III/Source/os_q.o
                0x00001fb4                OSQPost
 .text.OS_QDbgListAdd
                0x00002078       0x50 ./source/rtos/uCOSIII/src/uCOS-III/Source/os_q.o
                0x00002078                OS_QDbgListAdd
 .text.OS_QInit
                0x000020c8       0x30 ./source/rtos/uCOSIII/src/uCOS-III/Source/os_q.o
                0x000020c8                OS_QInit
 .text.OS_SemInit
                0x000020f8       0x30 ./source/rtos/uCOSIII/src/uCOS-III/Source/os_sem.o
                0x000020f8                OS_SemInit
 .text.OSStatReset
                0x00002128      0x118 ./source/rtos/uCOSIII/src/uCOS-III/Source/os_stat.o
                0x00002128                OSStatReset
 .text.OSStatTaskCPUUsageInit
                0x00002240       0xfc ./source/rtos/uCOSIII/src/uCOS-III/Source/os_stat.o
                0x00002240                OSStatTaskCPUUsageInit
 .text.OS_StatTask
                0x0000233c      0x310 ./source/rtos/uCOSIII/src/uCOS-III/Source/os_stat.o
                0x0000233c                OS_StatTask
 .text.OS_StatTaskInit
                0x0000264c       0xd4 ./source/rtos/uCOSIII/src/uCOS-III/Source/os_stat.o
                0x0000264c                OS_StatTaskInit
 .text.OSTaskCreate
                0x00002720      0x21c ./source/rtos/uCOSIII/src/uCOS-III/Source/os_task.o
                0x00002720                OSTaskCreate
 .text.OSTaskDel
                0x0000293c      0x200 ./source/rtos/uCOSIII/src/uCOS-III/Source/os_task.o
                0x0000293c                OSTaskDel
 .text.OSTaskResume
                0x00002b3c       0x64 ./source/rtos/uCOSIII/src/uCOS-III/Source/os_task.o
                0x00002b3c                OSTaskResume
 .text.OSTaskSemPend
                0x00002ba0      0x1d8 ./source/rtos/uCOSIII/src/uCOS-III/Source/os_task.o
                0x00002ba0                OSTaskSemPend
 .text.OSTaskStkChk
                0x00002d78       0xf0 ./source/rtos/uCOSIII/src/uCOS-III/Source/os_task.o
                0x00002d78                OSTaskStkChk
 .text.OSTaskSuspend
                0x00002e68       0x44 ./source/rtos/uCOSIII/src/uCOS-III/Source/os_task.o
                0x00002e68                OSTaskSuspend
 .text.OS_TaskDbgListAdd
                0x00002eac       0x4c ./source/rtos/uCOSIII/src/uCOS-III/Source/os_task.o
                0x00002eac                OS_TaskDbgListAdd
 .text.OS_TaskDbgListRemove
                0x00002ef8       0x84 ./source/rtos/uCOSIII/src/uCOS-III/Source/os_task.o
                0x00002ef8                OS_TaskDbgListRemove
 .text.OS_TaskInit
                0x00002f7c       0x38 ./source/rtos/uCOSIII/src/uCOS-III/Source/os_task.o
                0x00002f7c                OS_TaskInit
 .text.OS_TaskInitTCB
                0x00002fb4      0x1a0 ./source/rtos/uCOSIII/src/uCOS-III/Source/os_task.o
                0x00002fb4                OS_TaskInitTCB
 .text.OS_TaskResume
                0x00003154      0x124 ./source/rtos/uCOSIII/src/uCOS-III/Source/os_task.o
                0x00003154                OS_TaskResume
 .text.OS_TaskReturn
                0x00003278       0x28 ./source/rtos/uCOSIII/src/uCOS-III/Source/os_task.o
                0x00003278                OS_TaskReturn
 .text.OS_TaskSemPost
                0x000032a0      0x128 ./source/rtos/uCOSIII/src/uCOS-III/Source/os_task.o
                0x000032a0                OS_TaskSemPost
 .text.OS_TaskSuspend
                0x000033c8      0x118 ./source/rtos/uCOSIII/src/uCOS-III/Source/os_task.o
                0x000033c8                OS_TaskSuspend
 .text.OS_TaskChangePrio
                0x000034e0      0x148 ./source/rtos/uCOSIII/src/uCOS-III/Source/os_task.o
                0x000034e0                OS_TaskChangePrio
 .text.OS_TickTask
                0x00003628       0x64 ./source/rtos/uCOSIII/src/uCOS-III/Source/os_tick.o
                0x00003628                OS_TickTask
 .text.OS_TickTaskInit
                0x0000368c       0xd8 ./source/rtos/uCOSIII/src/uCOS-III/Source/os_tick.o
                0x0000368c                OS_TickTaskInit
 .text.OS_TickListInsertDly
                0x00003764      0x108 ./source/rtos/uCOSIII/src/uCOS-III/Source/os_tick.o
                0x00003764                OS_TickListInsertDly
 .text.OS_TickListUpdateDly
                0x0000386c       0xbc ./source/rtos/uCOSIII/src/uCOS-III/Source/os_tick.o
 .text.OS_TickListUpdateTimeout
                0x00003928      0x158 ./source/rtos/uCOSIII/src/uCOS-III/Source/os_tick.o
 .text.OSTimeDly
                0x00003a80       0xd8 ./source/rtos/uCOSIII/src/uCOS-III/Source/os_time.o
                0x00003a80                OSTimeDly
 .text.OSTimeDlyHMSM
                0x00003b58      0x1f0 ./source/rtos/uCOSIII/src/uCOS-III/Source/os_time.o
                0x00003b58                OSTimeDlyHMSM
 .text.OSTimeTick
                0x00003d48       0x74 ./source/rtos/uCOSIII/src/uCOS-III/Source/os_time.o
                0x00003d48                OSTimeTick
 .text.OS_TmrInit
                0x00003dbc      0x138 ./source/rtos/uCOSIII/src/uCOS-III/Source/os_tmr.o
                0x00003dbc                OS_TmrInit
 .text.OS_TmrUnlink
                0x00003ef4       0x80 ./source/rtos/uCOSIII/src/uCOS-III/Source/os_tmr.o
                0x00003ef4                OS_TmrUnlink
 .text.OS_TmrTask
                0x00003f74       0xc8 ./source/rtos/uCOSIII/src/uCOS-III/Source/os_tmr.o
                0x00003f74                OS_TmrTask
 .text.OS_TmrLock
                0x0000403c       0x24 ./source/rtos/uCOSIII/src/uCOS-III/Source/os_tmr.o
 .text.OS_TmrUnlock
                0x00004060       0x20 ./source/rtos/uCOSIII/src/uCOS-III/Source/os_tmr.o
 .text          0x00004080       0xfc ./source/rtos/uCOSIII/src/uCOS-III/Ports/ARM-Cortex-M4/Generic/GNU/os_cpu_a.o
                0x00004080                OS_CPU_FP_Reg_Push
                0x00004092                OS_CPU_FP_Reg_Pop
                0x0000409e                OSStartHighRdy
                0x0000410e                OSCtxSw
                0x00004118                OSIntCtxSw
                0x00004122                PendSV_Handler
 .text.OSIdleTaskHook
                0x0000417c       0x1c ./source/rtos/uCOSIII/src/uCOS-III/Ports/ARM-Cortex-M4/Generic/GNU/os_cpu_c.o
                0x0000417c                OSIdleTaskHook
 .text.OSInitHook
                0x00004198       0x38 ./source/rtos/uCOSIII/src/uCOS-III/Ports/ARM-Cortex-M4/Generic/GNU/os_cpu_c.o
                0x00004198                OSInitHook
 .text.OSStatTaskHook
                0x000041d0       0x1c ./source/rtos/uCOSIII/src/uCOS-III/Ports/ARM-Cortex-M4/Generic/GNU/os_cpu_c.o
                0x000041d0                OSStatTaskHook
 .text.OSTaskCreateHook
                0x000041ec       0x24 ./source/rtos/uCOSIII/src/uCOS-III/Ports/ARM-Cortex-M4/Generic/GNU/os_cpu_c.o
                0x000041ec                OSTaskCreateHook
 .text.OSTaskDelHook
                0x00004210       0x24 ./source/rtos/uCOSIII/src/uCOS-III/Ports/ARM-Cortex-M4/Generic/GNU/os_cpu_c.o
                0x00004210                OSTaskDelHook
 .text.OSTaskReturnHook
                0x00004234       0x24 ./source/rtos/uCOSIII/src/uCOS-III/Ports/ARM-Cortex-M4/Generic/GNU/os_cpu_c.o
                0x00004234                OSTaskReturnHook
 .text.OSTaskStkInit
                0x00004258      0x34c ./source/rtos/uCOSIII/src/uCOS-III/Ports/ARM-Cortex-M4/Generic/GNU/os_cpu_c.o
                0x00004258                OSTaskStkInit
 .text.OSTaskSwHook
                0x000045a4       0xa8 ./source/rtos/uCOSIII/src/uCOS-III/Ports/ARM-Cortex-M4/Generic/GNU/os_cpu_c.o
                0x000045a4                OSTaskSwHook
 .text.OSTimeTickHook
                0x0000464c       0x1c ./source/rtos/uCOSIII/src/uCOS-III/Ports/ARM-Cortex-M4/Generic/GNU/os_cpu_c.o
                0x0000464c                OSTimeTickHook
 .text.OS_CPU_SysTickInit
                0x00004668       0x54 ./source/rtos/uCOSIII/src/uCOS-III/Ports/ARM-Cortex-M4/Generic/GNU/os_cpu_c.o
                0x00004668                OS_CPU_SysTickInit
 .text          0x000046bc       0x34 ./source/rtos/uCOSIII/src/uC-CPU/ARM-Cortex-M4/GNU/cpu_a.o
                0x000046bc                CPU_IntDis
                0x000046c0                CPU_IntEn
                0x000046c4                CPU_SR_Save
                0x000046cc                CPU_SR_Restore
                0x000046d2                CPU_WaitForInt
                0x000046d6                CPU_WaitForExcept
                0x000046da                CPU_CntLeadZeros
                0x000046e0                CPU_CntTrailZeros
                0x000046ea                CPU_RevBits
 .text.CPU_TS_TmrFreqSet
                0x000046f0       0x20 ./source/rtos/uCOSIII/src/uC-CPU/cpu_core.o
                0x000046f0                CPU_TS_TmrFreqSet
 .text.CPU_TS_Init
                0x00004710       0x18 ./source/rtos/uCOSIII/src/uC-CPU/cpu_core.o
 .text.CPU_TS_TmrInit
                0x00004728       0x48 ./source/rtos/uCOSIII/BSP/cpu_bsp.o
                0x00004728                CPU_TS_TmrInit
 .text.FTM_Init
                0x00004770       0x50 ./source/FTM.o
                0x00004770                FTM_Init
 .text.__NVIC_EnableIRQ
                0x000047c0       0x3c ./source/WS2812.o
 .text.WS2812_Refresh
                0x000047fc      0x120 ./source/WS2812.o
                0x000047fc                WS2812_Refresh
 .text.Set_LED  0x0000491c       0x6c ./source/WS2812.o
                0x0000491c                Set_LED
 .text.WS2812_Send
                0x00004988       0x58 ./source/WS2812.o
                0x00004988                WS2812_Send
 .text.DMA_Init
                0x000049e0       0xac ./source/WS2812.o
                0x000049e0                DMA_Init
 .text.DMA0_IRQHandler
                0x00004a8c       0x48 ./source/WS2812.o
                0x00004a8c                DMA0_IRQHandler
 .text.hw_Init2
                0x00004ad4      0x1c0 ./source/WS2812.o
                0x00004ad4                hw_Init2
 .text.card_init
                0x00004c94       0x30 ./source/card.o
                0x00004c94                card_init
 .text.Card_TaskCreate
                0x00004cc4       0x50 ./source/card.o
                0x00004cc4                Card_TaskCreate
 .text.CardTask
                0x00004d14      0x16c ./source/card.o
                0x00004d14                CardTask
 .text.card_IRQ_Handler
                0x00004e80       0x3c ./source/card.o
                0x00004e80                card_IRQ_Handler
 .text.save_bit_data
                0x00004ebc       0x94 ./source/card.o
                0x00004ebc                save_bit_data
 .text.save_char
                0x00004f50       0x7c ./source/card.o
                0x00004f50                save_char
 .text.check_init_symbol
                0x00004fcc       0x68 ./source/card.o
                0x00004fcc                check_init_symbol
 .text.byte2char
                0x00005034      0x108 ./source/card.o
                0x00005034                byte2char
 .text.ena_check
                0x0000513c       0xa0 ./source/card.o
                0x0000513c                ena_check
 .text.save_data_to_export
                0x000051dc       0x44 ./source/card.o
                0x000051dc                save_data_to_export
 .text.reset_card_functions
                0x00005220       0x38 ./source/card.o
                0x00005220                reset_card_functions
 .text.DB_FindUserById
                0x00005258       0x70 ./source/database.o
                0x00005258                DB_FindUserById
 .text.DB_GetUserPinLength
                0x000052c8       0x54 ./source/database.o
                0x000052c8                DB_GetUserPinLength
 .text.DB_VerifyPin
                0x0000531c       0x84 ./source/database.o
                0x0000531c                DB_VerifyPin
 .text.DB_DeleteUser
                0x000053a0       0xbc ./source/database.o
                0x000053a0                DB_DeleteUser
 .text.DB_IsAdmin
                0x0000545c       0x68 ./source/database.o
                0x0000545c                DB_IsAdmin
 .text.DB_ChangeUserPin
                0x000054c4       0xc8 ./source/database.o
                0x000054c4                DB_ChangeUserPin
 .text.DB_SetUserInBuilding
                0x0000558c       0x58 ./source/database.o
                0x0000558c                DB_SetUserInBuilding
 .text.DB_IsUserInBuilding
                0x000055e4       0x54 ./source/database.o
                0x000055e4                DB_IsUserInBuilding
 .text.DB_GetUserFloor
                0x00005638       0x54 ./source/database.o
                0x00005638                DB_GetUserFloor
 .text.Color_To_RGB
                0x0000568c       0xe8 ./source/display_matrix.o
 .text.Draw_Person
                0x00005774       0xa4 ./source/display_matrix.o
 .text.Matrix_Push
                0x00005818       0x48 ./source/display_matrix.o
 .text.Matrix_AddPerson
                0x00005860       0x8c ./source/display_matrix.o
                0x00005860                Matrix_AddPerson
 .text.Matrix_RemovePerson
                0x000058ec       0x50 ./source/display_matrix.o
                0x000058ec                Matrix_RemovePerson
 .text.Display_TaskCreate
                0x0000593c       0x50 ./source/display_rtos.o
                0x0000593c                Display_TaskCreate
 .text.Display_Init
                0x0000598c       0x94 ./source/display_rtos.o
                0x0000598c                Display_Init
 .text.display_char
                0x00005a20       0x68 ./source/display_rtos.o
                0x00005a20                display_char
 .text.clear_display
                0x00005a88       0x60 ./source/display_rtos.o
                0x00005a88                clear_display
 .text.display_brightness
                0x00005ae8       0x38 ./source/display_rtos.o
                0x00005ae8                display_brightness
 .text.shift_display_reposition
                0x00005b20       0xc0 ./source/display_rtos.o
                0x00005b20                shift_display_reposition
 .text.refresh_display
                0x00005be0       0xbc ./source/display_rtos.o
                0x00005be0                refresh_display
 .text.ScrollMessage
                0x00005c9c       0x8c ./source/display_rtos.o
                0x00005c9c                ScrollMessage
 .text.num27seg
                0x00005d28      0x1c8 ./source/display_rtos.o
                0x00005d28                num27seg
 .text.seg2port
                0x00005ef0       0x58 ./source/display_rtos.o
                0x00005ef0                seg2port
 .text.num2disp
                0x00005f48       0x24 ./source/display_rtos.o
                0x00005f48                num2disp
 .text.display_select
                0x00005f6c       0x78 ./source/display_rtos.o
                0x00005f6c                display_select
 .text.led_select
                0x00005fe4       0x98 ./source/display_rtos.o
                0x00005fe4                led_select
 .text.Encoder_Init
                0x0000607c       0x30 ./source/encoder.o
                0x0000607c                Encoder_Init
 .text.EncoderTask
                0x000060ac      0x140 ./source/encoder.o
                0x000060ac                EncoderTask
 .text.Encoder_TaskCreate
                0x000061ec       0x50 ./source/encoder.o
                0x000061ec                Encoder_TaskCreate
 .text.encoder_turns
                0x0000623c       0x24 ./source/encoder.o
                0x0000623c                encoder_turns
 .text.Encoder_ButtonWasPressed
                0x00006260       0x28 ./source/encoder.o
                0x00006260                Encoder_ButtonWasPressed
 .text.Encoder_ButtonIsPressed
                0x00006288       0x18 ./source/encoder.o
                0x00006288                Encoder_ButtonIsPressed
 .text.Encoder_ButtonGetPressDuration
                0x000062a0       0x18 ./source/encoder.o
                0x000062a0                Encoder_ButtonGetPressDuration
 .text.turn_detect
                0x000062b8      0x298 ./source/encoder.o
                0x000062b8                turn_detect
 .text.button_status
                0x00006550      0x124 ./source/encoder.o
 .text.__NVIC_EnableIRQ
                0x00006674       0x3c ./source/gpio.o
 .text.gpioMode
                0x000066b0      0x198 ./source/gpio.o
                0x000066b0                gpioMode
 .text.gpioWrite
                0x00006848       0x58 ./source/gpio.o
                0x00006848                gpioWrite
 .text.gpioRead
                0x000068a0       0x48 ./source/gpio.o
                0x000068a0                gpioRead
 .text.gpioIRQ  0x000068e8      0x11c ./source/gpio.o
                0x000068e8                gpioIRQ
 .text.IRQHandler
                0x00006a04       0x80 ./source/gpio.o
 .text.PortWrite
                0x00006a84       0x50 ./source/gpio.o
                0x00006a84                PortWrite
 .text.Led_Control
                0x00006ad4       0x68 ./source/leds.o
                0x00006ad4                Led_Control
 .text.ColorLed_Control
                0x00006b3c       0xb4 ./source/leds.o
                0x00006b3c                ColorLed_Control
 .text.TaskStart
                0x00006bf0       0x8c ./source/main.o
 .text.main     0x00006c7c      0x110 ./source/main.o
                0x00006c7c                main
 .text.render_main_menu
                0x00006d8c       0x40 ./source/menu.o
 .text.render_id_input
                0x00006dcc       0x7c ./source/menu.o
                0x00006dcc                render_id_input
 .text.render_pin_input
                0x00006e48       0x70 ./source/menu.o
 .text.show_error
                0x00006eb8       0x1c ./source/menu.o
 .text.show_welcome
                0x00006ed4       0x1c ./source/menu.o
 .text.show_done
                0x00006ef0       0x14 ./source/menu.o
 .text.enter_brightness
                0x00006f04       0x18 ./source/menu.o
 .text.enter_id_input_state
                0x00006f1c       0x3c ./source/menu.o
 .text.enter_pin_input_for_user
                0x00006f58       0x78 ./source/menu.o
 .text.enter_change_pin_id
                0x00006fd0       0x38 ./source/menu.o
 .text.main_move
                0x00007008       0x40 ./source/menu.o
 .text.select_char_with_encoder
                0x00007048       0x54 ./source/menu.o
                0x00007048                select_char_with_encoder
 .text.handle_encoder_move_int
                0x0000709c       0xec ./source/menu.o
 .text.process_entered_pin_for_user
                0x00007188      0x1c0 ./source/menu.o
 .text.process_entered_new_pin_for_user
                0x00007348       0x78 ./source/menu.o
 .text.process_entered_id_for_user
                0x000073c0       0x58 ./source/menu.o
 .text.handle_button_shortpress
                0x00007418      0x144 ./source/menu.o
 .text.handle_longpress_backspace
                0x0000755c       0x94 ./source/menu.o
 .text.Menu_HandleMessage
                0x000075f0       0xd0 ./source/menu.o
                0x000075f0                Menu_HandleMessage
 .text.Menu_Tick
                0x000076c0      0x138 ./source/menu.o
                0x000076c0                Menu_Tick
 .text.Menu_Init
                0x000077f8       0x44 ./source/menu.o
                0x000077f8                Menu_Init
 .text.MsgPool_Init
                0x0000783c       0x30 ./source/msg_pool.o
                0x0000783c                MsgPool_Init
 .text.MsgPool_Alloc
                0x0000786c       0x30 ./source/msg_pool.o
                0x0000786c                MsgPool_Alloc
 .text.MsgPool_Free
                0x0000789c       0x20 ./source/msg_pool.o
                0x0000789c                MsgPool_Free
 .text.UI_GetQueue
                0x000078bc       0x14 ./source/ui.o
                0x000078bc                UI_GetQueue
 .text.UITask   0x000078d0       0x5c ./source/ui.o
 .text.UI_Init  0x0000792c       0x6c ./source/ui.o
                0x0000792c                UI_Init
 .text.hw_Init  0x00007998      0x104 ./SDK/startup/hardware.o
                0x00007998                hw_Init
 .text.SystemInit
                0x00007a9c       0x3c ./SDK/CMSIS/system_MK64F12.o
                0x00007a9c                SystemInit
 .text.SystemCoreClockUpdate
                0x00007ad8      0x28c ./SDK/CMSIS/system_MK64F12.o
                0x00007ad8                SystemCoreClockUpdate
 .text.OSCfg_Init
                0x00007d64        0xe ./source/rtos/uCOSIII/src/uCOS-III/Source/os_cfg_app.o
                0x00007d64                OSCfg_Init
 .text.OS_PendDataInit
                0x00007d72       0x6e ./source/rtos/uCOSIII/src/uCOS-III/Source/os_core.o
                0x00007d72                OS_PendDataInit
 .text.OS_PendListChangePrio
                0x00007de0       0x58 ./source/rtos/uCOSIII/src/uCOS-III/Source/os_core.o
                0x00007de0                OS_PendListChangePrio
 .text.OS_PendListInit
                0x00007e38       0x26 ./source/rtos/uCOSIII/src/uCOS-III/Source/os_core.o
                0x00007e38                OS_PendListInit
 .text.OS_PendListInsertPrio
                0x00007e5e       0xe8 ./source/rtos/uCOSIII/src/uCOS-III/Source/os_core.o
                0x00007e5e                OS_PendListInsertPrio
 .text.OS_PendListRemove
                0x00007f46       0x54 ./source/rtos/uCOSIII/src/uCOS-III/Source/os_core.o
                0x00007f46                OS_PendListRemove
 .text.OS_PendListRemove1
                0x00007f9a       0x94 ./source/rtos/uCOSIII/src/uCOS-III/Source/os_core.o
                0x00007f9a                OS_PendListRemove1
 .text.OS_Post1
                0x0000802e       0x62 ./source/rtos/uCOSIII/src/uCOS-III/Source/os_core.o
                0x0000802e                OS_Post1
 .text.OS_RdyListMoveHeadToTail
                0x00008090       0x92 ./source/rtos/uCOSIII/src/uCOS-III/Source/os_core.o
                0x00008090                OS_RdyListMoveHeadToTail
 .text.OSMemGet
                0x00008122       0x70 ./source/rtos/uCOSIII/src/uCOS-III/Source/os_mem.o
                0x00008122                OSMemGet
 .text.OSMemPut
                0x00008192       0x7e ./source/rtos/uCOSIII/src/uCOS-III/Source/os_mem.o
                0x00008192                OSMemPut
 .text.OS_MsgQInit
                0x00008210       0x36 ./source/rtos/uCOSIII/src/uCOS-III/Source/os_msg.o
                0x00008210                OS_MsgQInit
 .text.OS_MutexGrpAdd
                0x00008246       0x24 ./source/rtos/uCOSIII/src/uCOS-III/Source/os_mutex.o
                0x00008246                OS_MutexGrpAdd
 .text.OS_MutexGrpRemove
                0x0000826a       0x3a ./source/rtos/uCOSIII/src/uCOS-III/Source/os_mutex.o
                0x0000826a                OS_MutexGrpRemove
 .text.OS_MutexGrpPrioFindHighest
                0x000082a4       0x56 ./source/rtos/uCOSIII/src/uCOS-III/Source/os_mutex.o
                0x000082a4                OS_MutexGrpPrioFindHighest
 .text.OS_MutexGrpPostAll
                0x000082fa       0x88 ./source/rtos/uCOSIII/src/uCOS-III/Source/os_mutex.o
                0x000082fa                OS_MutexGrpPostAll
 .text.OS_QPost
                0x00008382       0xce ./source/rtos/uCOSIII/src/uCOS-III/Source/os_q.o
                0x00008382                OS_QPost
 .text.OSTaskSemPost
                0x00008450       0x44 ./source/rtos/uCOSIII/src/uCOS-III/Source/os_task.o
                0x00008450                OSTaskSemPost
 .text.OS_TickListInsert
                0x00008494      0x12e ./source/rtos/uCOSIII/src/uCOS-III/Source/os_tick.o
                0x00008494                OS_TickListInsert
 .text.OS_TickListRemove
                0x000085c2       0xca ./source/rtos/uCOSIII/src/uCOS-III/Source/os_tick.o
                0x000085c2                OS_TickListRemove
 .text.OS_TickListResetPeak
                0x0000868c        0xe ./source/rtos/uCOSIII/src/uCOS-III/Source/os_tick.o
                0x0000868c                OS_TickListResetPeak
 .text.OS_TmrResetPeak
                0x0000869a        0xe ./source/rtos/uCOSIII/src/uCOS-III/Source/os_tmr.o
                0x0000869a                OS_TmrResetPeak
 .text.SysTick_Handler
                0x000086a8       0x2a ./source/rtos/uCOSIII/src/uCOS-III/Ports/ARM-Cortex-M4/Generic/GNU/os_cpu_c.o
                0x000086a8                SysTick_Handler
 .text.CPU_Init
                0x000086d2        0xc ./source/rtos/uCOSIII/src/uC-CPU/cpu_core.o
                0x000086d2                CPU_Init
 .text.WS2812_Init
                0x000086de       0x40 ./source/WS2812.o
                0x000086de                WS2812_Init
 .text.DB_Init  0x0000871e        0xe ./source/database.o
                0x0000871e                DB_Init
 .text.Matrix_Init
                0x0000872c        0xc ./source/display_matrix.o
                0x0000872c                Matrix_Init
 .text.TaskDisplay
                0x00008738       0x26 ./source/display_rtos.o
 .text.PORTA_IRQHandler
                0x0000875e       0x1e ./source/gpio.o
                0x0000875e                PORTA_IRQHandler
 .text.PORTB_IRQHandler
                0x0000877c       0x1e ./source/gpio.o
                0x0000877c                PORTB_IRQHandler
 .text.PORTC_IRQHandler
                0x0000879a       0x1e ./source/gpio.o
                0x0000879a                PORTC_IRQHandler
 .text.PORTD_IRQHandler
                0x000087b8       0x1e ./source/gpio.o
                0x000087b8                PORTD_IRQHandler
 .text.PORTE_IRQHandler
                0x000087d6       0x1e ./source/gpio.o
                0x000087d6                PORTE_IRQHandler
 .text.Leds_Init
                0x000087f4       0x48 ./source/leds.o
                0x000087f4                Leds_Init
 .text.show_literal4
                0x0000883c       0x40 ./source/menu.o
 .text.render_brightness
                0x0000887c       0x3a ./source/menu.o
 .text.clear_leds
                0x000088b6       0x18 ./source/menu.o
 .text.HardFault_Handler
                0x000088ce       0x2c ./SDK/startup/semihost_hardfault.o
                0x000088ce                HardFault_Handler
 .text.DMA1_IRQHandler
                0x000088fa        0x8 ./SDK/startup/startup_mk64f12.o
                0x000088fa                DMA1_IRQHandler
 .text.DMA2_IRQHandler
                0x00008902        0x8 ./SDK/startup/startup_mk64f12.o
                0x00008902                DMA2_IRQHandler
 .text.DMA3_IRQHandler
                0x0000890a        0x8 ./SDK/startup/startup_mk64f12.o
                0x0000890a                DMA3_IRQHandler
 .text.DMA4_IRQHandler
                0x00008912        0x8 ./SDK/startup/startup_mk64f12.o
                0x00008912                DMA4_IRQHandler
 .text.DMA5_IRQHandler
                0x0000891a        0x8 ./SDK/startup/startup_mk64f12.o
                0x0000891a                DMA5_IRQHandler
 .text.DMA6_IRQHandler
                0x00008922        0x8 ./SDK/startup/startup_mk64f12.o
                0x00008922                DMA6_IRQHandler
 .text.DMA7_IRQHandler
                0x0000892a        0x8 ./SDK/startup/startup_mk64f12.o
                0x0000892a                DMA7_IRQHandler
 .text.DMA8_IRQHandler
                0x00008932        0x8 ./SDK/startup/startup_mk64f12.o
                0x00008932                DMA8_IRQHandler
 .text.DMA9_IRQHandler
                0x0000893a        0x8 ./SDK/startup/startup_mk64f12.o
                0x0000893a                DMA9_IRQHandler
 .text.DMA10_IRQHandler
                0x00008942        0x8 ./SDK/startup/startup_mk64f12.o
                0x00008942                DMA10_IRQHandler
 .text.DMA11_IRQHandler
                0x0000894a        0x8 ./SDK/startup/startup_mk64f12.o
                0x0000894a                DMA11_IRQHandler
 .text.DMA12_IRQHandler
                0x00008952        0x8 ./SDK/startup/startup_mk64f12.o
                0x00008952                DMA12_IRQHandler
 .text.DMA13_IRQHandler
                0x0000895a        0x8 ./SDK/startup/startup_mk64f12.o
                0x0000895a                DMA13_IRQHandler
 .text.DMA14_IRQHandler
                0x00008962        0x8 ./SDK/startup/startup_mk64f12.o
                0x00008962                DMA14_IRQHandler
 .text.DMA15_IRQHandler
                0x0000896a        0x8 ./SDK/startup/startup_mk64f12.o
                0x0000896a                DMA15_IRQHandler
 .text.DMA_Error_IRQHandler
                0x00008972        0x8 ./SDK/startup/startup_mk64f12.o
                0x00008972                DMA_Error_IRQHandler
 .text.MCM_IRQHandler
                0x0000897a        0x8 ./SDK/startup/startup_mk64f12.o
                0x0000897a                MCM_IRQHandler
 .text.FTFE_IRQHandler
                0x00008982        0x8 ./SDK/startup/startup_mk64f12.o
                0x00008982                FTFE_IRQHandler
 .text.Read_Collision_IRQHandler
                0x0000898a        0x8 ./SDK/startup/startup_mk64f12.o
                0x0000898a                Read_Collision_IRQHandler
 .text.LVD_LVW_IRQHandler
                0x00008992        0x8 ./SDK/startup/startup_mk64f12.o
                0x00008992                LVD_LVW_IRQHandler
 .text.LLWU_IRQHandler
                0x0000899a        0x8 ./SDK/startup/startup_mk64f12.o
                0x0000899a                LLWU_IRQHandler
 .text.WDOG_EWM_IRQHandler
                0x000089a2        0x8 ./SDK/startup/startup_mk64f12.o
                0x000089a2                WDOG_EWM_IRQHandler
 .text.RNG_IRQHandler
                0x000089aa        0x8 ./SDK/startup/startup_mk64f12.o
                0x000089aa                RNG_IRQHandler
 .text.I2C0_IRQHandler
                0x000089b2        0x8 ./SDK/startup/startup_mk64f12.o
                0x000089b2                I2C0_IRQHandler
 .text.I2C1_IRQHandler
                0x000089ba        0x8 ./SDK/startup/startup_mk64f12.o
                0x000089ba                I2C1_IRQHandler
 .text.SPI0_IRQHandler
                0x000089c2        0x8 ./SDK/startup/startup_mk64f12.o
                0x000089c2                SPI0_IRQHandler
 .text.SPI1_IRQHandler
                0x000089ca        0x8 ./SDK/startup/startup_mk64f12.o
                0x000089ca                SPI1_IRQHandler
 .text.I2S0_Tx_IRQHandler
                0x000089d2        0x8 ./SDK/startup/startup_mk64f12.o
                0x000089d2                I2S0_Tx_IRQHandler
 .text.I2S0_Rx_IRQHandler
                0x000089da        0x8 ./SDK/startup/startup_mk64f12.o
                0x000089da                I2S0_Rx_IRQHandler
 .text.UART0_LON_IRQHandler
                0x000089e2        0x8 ./SDK/startup/startup_mk64f12.o
                0x000089e2                UART0_LON_IRQHandler
 .text.UART0_RX_TX_IRQHandler
                0x000089ea        0x8 ./SDK/startup/startup_mk64f12.o
                0x000089ea                UART0_RX_TX_IRQHandler
 .text.UART0_ERR_IRQHandler
                0x000089f2        0x8 ./SDK/startup/startup_mk64f12.o
                0x000089f2                UART0_ERR_IRQHandler
 .text.UART1_RX_TX_IRQHandler
                0x000089fa        0x8 ./SDK/startup/startup_mk64f12.o
                0x000089fa                UART1_RX_TX_IRQHandler
 .text.UART1_ERR_IRQHandler
                0x00008a02        0x8 ./SDK/startup/startup_mk64f12.o
                0x00008a02                UART1_ERR_IRQHandler
 .text.UART2_RX_TX_IRQHandler
                0x00008a0a        0x8 ./SDK/startup/startup_mk64f12.o
                0x00008a0a                UART2_RX_TX_IRQHandler
 .text.UART2_ERR_IRQHandler
                0x00008a12        0x8 ./SDK/startup/startup_mk64f12.o
                0x00008a12                UART2_ERR_IRQHandler
 .text.UART3_RX_TX_IRQHandler
                0x00008a1a        0x8 ./SDK/startup/startup_mk64f12.o
                0x00008a1a                UART3_RX_TX_IRQHandler
 .text.UART3_ERR_IRQHandler
                0x00008a22        0x8 ./SDK/startup/startup_mk64f12.o
                0x00008a22                UART3_ERR_IRQHandler
 .text.ADC0_IRQHandler
                0x00008a2a        0x8 ./SDK/startup/startup_mk64f12.o
                0x00008a2a                ADC0_IRQHandler
 .text.CMP0_IRQHandler
                0x00008a32        0x8 ./SDK/startup/startup_mk64f12.o
                0x00008a32                CMP0_IRQHandler
 .text.CMP1_IRQHandler
                0x00008a3a        0x8 ./SDK/startup/startup_mk64f12.o
                0x00008a3a                CMP1_IRQHandler
 .text.FTM0_IRQHandler
                0x00008a42        0x8 ./SDK/startup/startup_mk64f12.o
                0x00008a42                FTM0_IRQHandler
 .text.FTM1_IRQHandler
                0x00008a4a        0x8 ./SDK/startup/startup_mk64f12.o
                0x00008a4a                FTM1_IRQHandler
 .text.FTM2_IRQHandler
                0x00008a52        0x8 ./SDK/startup/startup_mk64f12.o
                0x00008a52                FTM2_IRQHandler
 .text.CMT_IRQHandler
                0x00008a5a        0x8 ./SDK/startup/startup_mk64f12.o
                0x00008a5a                CMT_IRQHandler
 .text.RTC_IRQHandler
                0x00008a62        0x8 ./SDK/startup/startup_mk64f12.o
                0x00008a62                RTC_IRQHandler
 .text.RTC_Seconds_IRQHandler
                0x00008a6a        0x8 ./SDK/startup/startup_mk64f12.o
                0x00008a6a                RTC_Seconds_IRQHandler
 .text.PIT0_IRQHandler
                0x00008a72        0x8 ./SDK/startup/startup_mk64f12.o
                0x00008a72                PIT0_IRQHandler
 .text.PIT1_IRQHandler
                0x00008a7a        0x8 ./SDK/startup/startup_mk64f12.o
                0x00008a7a                PIT1_IRQHandler
 .text.PIT2_IRQHandler
                0x00008a82        0x8 ./SDK/startup/startup_mk64f12.o
                0x00008a82                PIT2_IRQHandler
 .text.PIT3_IRQHandler
                0x00008a8a        0x8 ./SDK/startup/startup_mk64f12.o
                0x00008a8a                PIT3_IRQHandler
 .text.PDB0_IRQHandler
                0x00008a92        0x8 ./SDK/startup/startup_mk64f12.o
                0x00008a92                PDB0_IRQHandler
 .text.USB0_IRQHandler
                0x00008a9a        0x8 ./SDK/startup/startup_mk64f12.o
                0x00008a9a                USB0_IRQHandler
 .text.USBDCD_IRQHandler
                0x00008aa2        0x8 ./SDK/startup/startup_mk64f12.o
                0x00008aa2                USBDCD_IRQHandler
 .text.Reserved71_IRQHandler
                0x00008aaa        0x8 ./SDK/startup/startup_mk64f12.o
                0x00008aaa                Reserved71_IRQHandler
 .text.DAC0_IRQHandler
                0x00008ab2        0x8 ./SDK/startup/startup_mk64f12.o
                0x00008ab2                DAC0_IRQHandler
 .text.MCG_IRQHandler
                0x00008aba        0x8 ./SDK/startup/startup_mk64f12.o
                0x00008aba                MCG_IRQHandler
 .text.LPTMR0_IRQHandler
                0x00008ac2        0x8 ./SDK/startup/startup_mk64f12.o
                0x00008ac2                LPTMR0_IRQHandler
 .text.SWI_IRQHandler
                0x00008aca        0x8 ./SDK/startup/startup_mk64f12.o
                0x00008aca                SWI_IRQHandler
 .text.SPI2_IRQHandler
                0x00008ad2        0x8 ./SDK/startup/startup_mk64f12.o
                0x00008ad2                SPI2_IRQHandler
 .text.UART4_RX_TX_IRQHandler
                0x00008ada        0x8 ./SDK/startup/startup_mk64f12.o
                0x00008ada                UART4_RX_TX_IRQHandler
 .text.UART4_ERR_IRQHandler
                0x00008ae2        0x8 ./SDK/startup/startup_mk64f12.o
                0x00008ae2                UART4_ERR_IRQHandler
 .text.UART5_RX_TX_IRQHandler
                0x00008aea        0x8 ./SDK/startup/startup_mk64f12.o
                0x00008aea                UART5_RX_TX_IRQHandler
 .text.UART5_ERR_IRQHandler
                0x00008af2        0x8 ./SDK/startup/startup_mk64f12.o
                0x00008af2                UART5_ERR_IRQHandler
 .text.CMP2_IRQHandler
                0x00008afa        0x8 ./SDK/startup/startup_mk64f12.o
                0x00008afa                CMP2_IRQHandler
 .text.FTM3_IRQHandler
                0x00008b02        0x8 ./SDK/startup/startup_mk64f12.o
                0x00008b02                FTM3_IRQHandler
 .text.DAC1_IRQHandler
                0x00008b0a        0x8 ./SDK/startup/startup_mk64f12.o
                0x00008b0a                DAC1_IRQHandler
 .text.ADC1_IRQHandler
                0x00008b12        0x8 ./SDK/startup/startup_mk64f12.o
                0x00008b12                ADC1_IRQHandler
 .text.I2C2_IRQHandler
                0x00008b1a        0x8 ./SDK/startup/startup_mk64f12.o
                0x00008b1a                I2C2_IRQHandler
 .text.CAN0_ORed_Message_buffer_IRQHandler
                0x00008b22        0x8 ./SDK/startup/startup_mk64f12.o
                0x00008b22                CAN0_ORed_Message_buffer_IRQHandler
 .text.CAN0_Bus_Off_IRQHandler
                0x00008b2a        0x8 ./SDK/startup/startup_mk64f12.o
                0x00008b2a                CAN0_Bus_Off_IRQHandler
 .text.CAN0_Error_IRQHandler
                0x00008b32        0x8 ./SDK/startup/startup_mk64f12.o
                0x00008b32                CAN0_Error_IRQHandler
 .text.CAN0_Tx_Warning_IRQHandler
                0x00008b3a        0x8 ./SDK/startup/startup_mk64f12.o
                0x00008b3a                CAN0_Tx_Warning_IRQHandler
 .text.CAN0_Rx_Warning_IRQHandler
                0x00008b42        0x8 ./SDK/startup/startup_mk64f12.o
                0x00008b42                CAN0_Rx_Warning_IRQHandler
 .text.CAN0_Wake_Up_IRQHandler
                0x00008b4a        0x8 ./SDK/startup/startup_mk64f12.o
                0x00008b4a                CAN0_Wake_Up_IRQHandler
 .text.SDHC_IRQHandler
                0x00008b52        0x8 ./SDK/startup/startup_mk64f12.o
                0x00008b52                SDHC_IRQHandler
 .text.ENET_1588_Timer_IRQHandler
                0x00008b5a        0x8 ./SDK/startup/startup_mk64f12.o
                0x00008b5a                ENET_1588_Timer_IRQHandler
 .text.ENET_Transmit_IRQHandler
                0x00008b62        0x8 ./SDK/startup/startup_mk64f12.o
                0x00008b62                ENET_Transmit_IRQHandler
 .text.ENET_Receive_IRQHandler
                0x00008b6a        0x8 ./SDK/startup/startup_mk64f12.o
                0x00008b6a                ENET_Receive_IRQHandler
 .text.ENET_Error_IRQHandler
                0x00008b72        0x8 ./SDK/startup/startup_mk64f12.o
                0x00008b72                ENET_Error_IRQHandler
 .text.SystemInitHook
                0x00008b7a        0xe ./SDK/CMSIS/system_MK64F12.o
                0x00008b7a                SystemInitHook
 .text.memcpy   0x00008b88        0x4 C:/nxp/MCUXpressoIDE_11.10.0_3148/ide/plugins/com.nxp.mcuxpresso.tools.win32_11.10.0.202311280810/tools/bin/../lib/gcc/arm-none-eabi/13.2.1/../../../../arm-none-eabi/lib/thumb/v7e-m+fp/hard\libcr_c.a(memcpy.o)
                0x00008b88                memcpy
 .text.memset   0x00008b8c        0x4 C:/nxp/MCUXpressoIDE_11.10.0_3148/ide/plugins/com.nxp.mcuxpresso.tools.win32_11.10.0.202311280810/tools/bin/../lib/gcc/arm-none-eabi/13.2.1/../../../../arm-none-eabi/lib/thumb/v7e-m+fp/hard\libcr_c.a(memset.o)
                0x00008b8c                memset
 .text.strcmp   0x00008b90       0x46 C:/nxp/MCUXpressoIDE_11.10.0_3148/ide/plugins/com.nxp.mcuxpresso.tools.win32_11.10.0.202311280810/tools/bin/../lib/gcc/arm-none-eabi/13.2.1/../../../../arm-none-eabi/lib/thumb/v7e-m+fp/hard\libcr_c.a(strcmp.o)
                0x00008b90                strcmp
 .text.strcpy   0x00008bd6       0x42 C:/nxp/MCUXpressoIDE_11.10.0_3148/ide/plugins/com.nxp.mcuxpresso.tools.win32_11.10.0.202311280810/tools/bin/../lib/gcc/arm-none-eabi/13.2.1/../../../../arm-none-eabi/lib/thumb/v7e-m+fp/hard\libcr_c.a(strcpy.o)
                0x00008bd6                strcpy
 .text.strlen   0x00008c18       0x4e C:/nxp/MCUXpressoIDE_11.10.0_3148/ide/plugins/com.nxp.mcuxpresso.tools.win32_11.10.0.202311280810/tools/bin/../lib/gcc/arm-none-eabi/13.2.1/../../../../arm-none-eabi/lib/thumb/v7e-m+fp/hard\libcr_c.a(strlen.o)
                0x00008c18                strlen
 .text.strncmp  0x00008c66       0x56 C:/nxp/MCUXpressoIDE_11.10.0_3148/ide/plugins/com.nxp.mcuxpresso.tools.win32_11.10.0.202311280810/tools/bin/../lib/gcc/arm-none-eabi/13.2.1/../../../../arm-none-eabi/lib/thumb/v7e-m+fp/hard\libcr_c.a(strncmp.o)
                0x00008c66                strncmp
 .text.strncpy  0x00008cbc       0x58 C:/nxp/MCUXpressoIDE_11.10.0_3148/ide/plugins/com.nxp.mcuxpresso.tools.win32_11.10.0.202311280810/tools/bin/../lib/gcc/arm-none-eabi/13.2.1/../../../../arm-none-eabi/lib/thumb/v7e-m+fp/hard\libcr_c.a(strncpy.o)
                0x00008cbc                strncpy
 .text.__aeabi_memcpy
                0x00008d14       0x34 C:/nxp/MCUXpressoIDE_11.10.0_3148/ide/plugins/com.nxp.mcuxpresso.tools.win32_11.10.0.202311280810/tools/bin/../lib/gcc/arm-none-eabi/13.2.1/thumb/v7e-m+fp/hard\libcr_eabihelpers.a(memcpy.o)
                0x00008d14                __aeabi_memcpy
                0x00008d1e                __aeabi_memcpy8
                0x00008d1e                __aeabi_memcpy4
 .text.__aeabi_memset_lowlevel
                0x00008d48       0x32 C:/nxp/MCUXpressoIDE_11.10.0_3148/ide/plugins/com.nxp.mcuxpresso.tools.win32_11.10.0.202311280810/tools/bin/../lib/gcc/arm-none-eabi/13.2.1/thumb/v7e-m+fp/hard\libcr_eabihelpers.a(memcpy.o)
                0x00008d48                __aeabi_lowlevel_memset
 *(SORT_BY_ALIGNMENT(.rodata) SORT_BY_ALIGNMENT(.rodata.*) SORT_BY_ALIGNMENT(.constdata) SORT_BY_ALIGNMENT(.constdata.*))
 *fill*         0x00008d7a        0x2 ff
 .rodata.OSCfg_IdleTaskStkBasePtr
                0x00008d7c        0x4 ./source/rtos/uCOSIII/src/uCOS-III/Source/os_cfg_app.o
                0x00008d7c                OSCfg_IdleTaskStkBasePtr
 .rodata.OSCfg_IdleTaskStkLimit
                0x00008d80        0x4 ./source/rtos/uCOSIII/src/uCOS-III/Source/os_cfg_app.o
                0x00008d80                OSCfg_IdleTaskStkLimit
 .rodata.OSCfg_IdleTaskStkSize
                0x00008d84        0x4 ./source/rtos/uCOSIII/src/uCOS-III/Source/os_cfg_app.o
                0x00008d84                OSCfg_IdleTaskStkSize
 .rodata.OSCfg_ISRStkBasePtr
                0x00008d88        0x4 ./source/rtos/uCOSIII/src/uCOS-III/Source/os_cfg_app.o
                0x00008d88                OSCfg_ISRStkBasePtr
 .rodata.OSCfg_ISRStkSize
                0x00008d8c        0x4 ./source/rtos/uCOSIII/src/uCOS-III/Source/os_cfg_app.o
                0x00008d8c                OSCfg_ISRStkSize
 .rodata.OSCfg_MsgPoolBasePtr
                0x00008d90        0x4 ./source/rtos/uCOSIII/src/uCOS-III/Source/os_cfg_app.o
                0x00008d90                OSCfg_MsgPoolBasePtr
 .rodata.OSCfg_StatTaskRate_Hz
                0x00008d94        0x4 ./source/rtos/uCOSIII/src/uCOS-III/Source/os_cfg_app.o
                0x00008d94                OSCfg_StatTaskRate_Hz
 .rodata.OSCfg_StatTaskStkBasePtr
                0x00008d98        0x4 ./source/rtos/uCOSIII/src/uCOS-III/Source/os_cfg_app.o
                0x00008d98                OSCfg_StatTaskStkBasePtr
 .rodata.OSCfg_StatTaskStkLimit
                0x00008d9c        0x4 ./source/rtos/uCOSIII/src/uCOS-III/Source/os_cfg_app.o
                0x00008d9c                OSCfg_StatTaskStkLimit
 .rodata.OSCfg_StatTaskStkSize
                0x00008da0        0x4 ./source/rtos/uCOSIII/src/uCOS-III/Source/os_cfg_app.o
                0x00008da0                OSCfg_StatTaskStkSize
 .rodata.OSCfg_StkSizeMin
                0x00008da4        0x4 ./source/rtos/uCOSIII/src/uCOS-III/Source/os_cfg_app.o
                0x00008da4                OSCfg_StkSizeMin
 .rodata.OSCfg_TickRate_Hz
                0x00008da8        0x4 ./source/rtos/uCOSIII/src/uCOS-III/Source/os_cfg_app.o
                0x00008da8                OSCfg_TickRate_Hz
 .rodata.OSCfg_TickTaskStkBasePtr
                0x00008dac        0x4 ./source/rtos/uCOSIII/src/uCOS-III/Source/os_cfg_app.o
                0x00008dac                OSCfg_TickTaskStkBasePtr
 .rodata.OSCfg_TickTaskStkLimit
                0x00008db0        0x4 ./source/rtos/uCOSIII/src/uCOS-III/Source/os_cfg_app.o
                0x00008db0                OSCfg_TickTaskStkLimit
 .rodata.OSCfg_TickTaskStkSize
                0x00008db4        0x4 ./source/rtos/uCOSIII/src/uCOS-III/Source/os_cfg_app.o
                0x00008db4                OSCfg_TickTaskStkSize
 .rodata.OSCfg_TmrTaskRate_Hz
                0x00008db8        0x4 ./source/rtos/uCOSIII/src/uCOS-III/Source/os_cfg_app.o
                0x00008db8                OSCfg_TmrTaskRate_Hz
 .rodata.OSCfg_TmrTaskStkBasePtr
                0x00008dbc        0x4 ./source/rtos/uCOSIII/src/uCOS-III/Source/os_cfg_app.o
                0x00008dbc                OSCfg_TmrTaskStkBasePtr
 .rodata.OSCfg_TmrTaskStkLimit
                0x00008dc0        0x4 ./source/rtos/uCOSIII/src/uCOS-III/Source/os_cfg_app.o
                0x00008dc0                OSCfg_TmrTaskStkLimit
 .rodata.OSCfg_TmrTaskStkSize
                0x00008dc4        0x4 ./source/rtos/uCOSIII/src/uCOS-III/Source/os_cfg_app.o
                0x00008dc4                OSCfg_TmrTaskStkSize
 .rodata.OS_IdleTaskInit.str1.4
                0x00008dc8      0x14c ./source/rtos/uCOSIII/src/uCOS-III/Source/os_core.o
                                 0x14 (size before relaxing)
 .rodata.OS_PendDbgNameAdd.str1.4
                0x00008f14       0x16 ./source/rtos/uCOSIII/src/uCOS-III/Source/os_core.o
 .rodata.OSDbg_EndiannessTest
                0x00008f14        0x4 ./source/rtos/uCOSIII/src/uCOS-III/Source/os_dbg.o
                0x00008f14                OSDbg_EndiannessTest
 .rodata.OSDbg_FlagGrp
                0x00008f18       0x28 ./source/rtos/uCOSIII/src/uCOS-III/Source/os_dbg.o
                0x00008f18                OSDbg_FlagGrp
 .rodata.OSDbg_Mem
                0x00008f40       0x20 ./source/rtos/uCOSIII/src/uCOS-III/Source/os_dbg.o
                0x00008f40                OSDbg_Mem
 .rodata.OSDbg_Mutex
                0x00008f60       0x30 ./source/rtos/uCOSIII/src/uCOS-III/Source/os_dbg.o
                0x00008f60                OSDbg_Mutex
 .rodata.OSDbg_Q
                0x00008f90       0x30 ./source/rtos/uCOSIII/src/uCOS-III/Source/os_dbg.o
                0x00008f90                OSDbg_Q
 .rodata.OSDbg_Sem
                0x00008fc0       0x28 ./source/rtos/uCOSIII/src/uCOS-III/Source/os_dbg.o
                0x00008fc0                OSDbg_Sem
 .rodata.OSDbg_RdyListSize
                0x00008fe8        0x4 ./source/rtos/uCOSIII/src/uCOS-III/Source/os_dbg.o
                0x00008fe8                OSDbg_RdyListSize
 .rodata.OSDbg_Tmr
                0x00008fec       0x30 ./source/rtos/uCOSIII/src/uCOS-III/Source/os_dbg.o
                0x00008fec                OSDbg_Tmr
 .rodata.OSDbg_DataSize
                0x0000901c        0x4 ./source/rtos/uCOSIII/src/uCOS-III/Source/os_dbg.o
                0x0000901c                OSDbg_DataSize
 .rodata.OS_MutexDbgListAdd.str1.4
                0x00009020        0x2 ./source/rtos/uCOSIII/src/uCOS-III/Source/os_mutex.o
 .rodata.OS_QDbgListAdd.str1.4
                0x00009020        0x2 ./source/rtos/uCOSIII/src/uCOS-III/Source/os_q.o
 .rodata.OS_StatTaskInit.str1.4
                0x00009020       0x14 ./source/rtos/uCOSIII/src/uCOS-III/Source/os_stat.o
 .rodata.OS_TaskInitTCB.str1.4
                0x00009020        0xa ./source/rtos/uCOSIII/src/uCOS-III/Source/os_task.o
 .rodata.OS_TickTaskInit.str1.4
                0x00009020       0x14 ./source/rtos/uCOSIII/src/uCOS-III/Source/os_tick.o
 .rodata.OS_TmrInit.str1.4
                0x00009020       0x25 ./source/rtos/uCOSIII/src/uCOS-III/Source/os_tmr.o
 .rodata.Card_TaskCreate.str1.4
                0x00009020        0xa ./source/card.o
 .rodata.DB_IsAdmin.str1.4
                0x00009020        0x9 ./source/database.o
 .rodata.segment_pins
                0x00009020        0x8 ./source/display_rtos.o
                0x00009020                segment_pins
 .rodata.Display_TaskCreate.str1.4
                0x00009028        0xd ./source/display_rtos.o
 .rodata.Display_Init.str1.4
                0x00009028        0x8 ./source/display_rtos.o
 .rodata.Encoder_TaskCreate.str1.4
                0x00009028        0xd ./source/encoder.o
 .rodata.IRQC_MODES
                0x00009028       0x24 ./source/gpio.o
 .rodata.PORT_PTRS
                0x0000904c       0x14 ./source/gpio.o
 .rodata.GPIO_PTRS
                0x00009060       0x14 ./source/gpio.o
 .rodata        0x00009074       0x14 ./source/gpio.o
 .rodata.main.str1.4
                0x00009088        0xf ./source/main.o
 .rodata.str1.4
                0x00009088       0x15 ./source/menu.o
 .rodata.render_main_menu.str1.4
                0x00009088        0xb ./source/menu.o
 .rodata.show_error.str1.4
                0x00009088        0x5 ./source/menu.o
 .rodata.show_welcome.str1.4
                0x00009088        0x5 ./source/menu.o
 .rodata.show_done.str1.4
                0x00009088        0x5 ./source/menu.o
 .rodata.process_entered_pin_for_user.str1.4
                0x00009088       0x15 ./source/menu.o
 .rodata.char_list.1
                0x00009088        0xc ./source/menu.o
 .rodata.MsgPool_Init.str1.4
                0x00009094        0xc ./source/msg_pool.o
 .rodata.UI_Init.str1.4
                0x00009094       0x14 ./source/ui.o
 .rodata.OSCfg_MsgPoolSize
                0x00009094        0x2 ./source/rtos/uCOSIII/src/uCOS-III/Source/os_cfg_app.o
                0x00009094                OSCfg_MsgPoolSize
 .rodata.OSDbg_FlagGrpSize
                0x00009096        0x2 ./source/rtos/uCOSIII/src/uCOS-III/Source/os_dbg.o
                0x00009096                OSDbg_FlagGrpSize
 .rodata.OSDbg_FlagWidth
                0x00009098        0x2 ./source/rtos/uCOSIII/src/uCOS-III/Source/os_dbg.o
                0x00009098                OSDbg_FlagWidth
 .rodata.OSDbg_MemSize
                0x0000909a        0x2 ./source/rtos/uCOSIII/src/uCOS-III/Source/os_dbg.o
                0x0000909a                OSDbg_MemSize
 .rodata.OSDbg_MsgSize
                0x0000909c        0x2 ./source/rtos/uCOSIII/src/uCOS-III/Source/os_dbg.o
                0x0000909c                OSDbg_MsgSize
 .rodata.OSDbg_MsgPoolSize
                0x0000909e        0x2 ./source/rtos/uCOSIII/src/uCOS-III/Source/os_dbg.o
                0x0000909e                OSDbg_MsgPoolSize
 .rodata.OSDbg_MsgQSize
                0x000090a0        0x2 ./source/rtos/uCOSIII/src/uCOS-III/Source/os_dbg.o
                0x000090a0                OSDbg_MsgQSize
 .rodata.OSDbg_MutexSize
                0x000090a2        0x2 ./source/rtos/uCOSIII/src/uCOS-III/Source/os_dbg.o
                0x000090a2                OSDbg_MutexSize
 .rodata.OSDbg_PendDataSize
                0x000090a4        0x2 ./source/rtos/uCOSIII/src/uCOS-III/Source/os_dbg.o
                0x000090a4                OSDbg_PendDataSize
 .rodata.OSDbg_PendListSize
                0x000090a6        0x2 ./source/rtos/uCOSIII/src/uCOS-III/Source/os_dbg.o
                0x000090a6                OSDbg_PendListSize
 .rodata.OSDbg_PendObjSize
                0x000090a8        0x2 ./source/rtos/uCOSIII/src/uCOS-III/Source/os_dbg.o
                0x000090a8                OSDbg_PendObjSize
 .rodata.OSDbg_PrioMax
                0x000090aa        0x2 ./source/rtos/uCOSIII/src/uCOS-III/Source/os_dbg.o
                0x000090aa                OSDbg_PrioMax
 .rodata.OSDbg_PrioTblSize
                0x000090ac        0x2 ./source/rtos/uCOSIII/src/uCOS-III/Source/os_dbg.o
                0x000090ac                OSDbg_PrioTblSize
 .rodata.OSDbg_PtrSize
                0x000090ae        0x2 ./source/rtos/uCOSIII/src/uCOS-III/Source/os_dbg.o
                0x000090ae                OSDbg_PtrSize
 .rodata.OSDbg_QSize
                0x000090b0        0x2 ./source/rtos/uCOSIII/src/uCOS-III/Source/os_dbg.o
                0x000090b0                OSDbg_QSize
 .rodata.OSDbg_SemSize
                0x000090b2        0x2 ./source/rtos/uCOSIII/src/uCOS-III/Source/os_dbg.o
                0x000090b2                OSDbg_SemSize
 .rodata.OSDbg_RdyList
                0x000090b4        0x2 ./source/rtos/uCOSIII/src/uCOS-III/Source/os_dbg.o
                0x000090b4                OSDbg_RdyList
 .rodata.OSDbg_TaskRegTblSize
                0x000090b6        0x2 ./source/rtos/uCOSIII/src/uCOS-III/Source/os_dbg.o
                0x000090b6                OSDbg_TaskRegTblSize
 .rodata.OSDbg_TCBSize
                0x000090b8        0x2 ./source/rtos/uCOSIII/src/uCOS-III/Source/os_dbg.o
                0x000090b8                OSDbg_TCBSize
 .rodata.OSDbg_TickListSize
                0x000090ba        0x2 ./source/rtos/uCOSIII/src/uCOS-III/Source/os_dbg.o
                0x000090ba                OSDbg_TickListSize
 .rodata.OSDbg_TmrSize
                0x000090bc        0x2 ./source/rtos/uCOSIII/src/uCOS-III/Source/os_dbg.o
                0x000090bc                OSDbg_TmrSize
 .rodata.OSDbg_VersionNbr
                0x000090be        0x2 ./source/rtos/uCOSIII/src/uCOS-III/Source/os_dbg.o
                0x000090be                OSDbg_VersionNbr
 .rodata.OSCfg_StatTaskPrio
                0x000090c0        0x1 ./source/rtos/uCOSIII/src/uCOS-III/Source/os_cfg_app.o
                0x000090c0                OSCfg_StatTaskPrio
 .rodata.OSCfg_TickTaskPrio
                0x000090c1        0x1 ./source/rtos/uCOSIII/src/uCOS-III/Source/os_cfg_app.o
                0x000090c1                OSCfg_TickTaskPrio
 .rodata.OSCfg_TmrTaskPrio
                0x000090c2        0x1 ./source/rtos/uCOSIII/src/uCOS-III/Source/os_cfg_app.o
                0x000090c2                OSCfg_TmrTaskPrio
 .rodata.OSDbg_DbgEn
                0x000090c3        0x1 ./source/rtos/uCOSIII/src/uCOS-III/Source/os_dbg.o
                0x000090c3                OSDbg_DbgEn
 .rodata.OSDbg_ArgChkEn
                0x000090c4        0x1 ./source/rtos/uCOSIII/src/uCOS-III/Source/os_dbg.o
                0x000090c4                OSDbg_ArgChkEn
 .rodata.OSDbg_AppHooksEn
                0x000090c5        0x1 ./source/rtos/uCOSIII/src/uCOS-III/Source/os_dbg.o
                0x000090c5                OSDbg_AppHooksEn
 .rodata.OSDbg_CalledFromISRChkEn
                0x000090c6        0x1 ./source/rtos/uCOSIII/src/uCOS-III/Source/os_dbg.o
                0x000090c6                OSDbg_CalledFromISRChkEn
 .rodata.OSDbg_FlagEn
                0x000090c7        0x1 ./source/rtos/uCOSIII/src/uCOS-III/Source/os_dbg.o
                0x000090c7                OSDbg_FlagEn
 .rodata.OSDbg_FlagDelEn
                0x000090c8        0x1 ./source/rtos/uCOSIII/src/uCOS-III/Source/os_dbg.o
                0x000090c8                OSDbg_FlagDelEn
 .rodata.OSDbg_FlagModeClrEn
                0x000090c9        0x1 ./source/rtos/uCOSIII/src/uCOS-III/Source/os_dbg.o
                0x000090c9                OSDbg_FlagModeClrEn
 .rodata.OSDbg_FlagPendAbortEn
                0x000090ca        0x1 ./source/rtos/uCOSIII/src/uCOS-III/Source/os_dbg.o
                0x000090ca                OSDbg_FlagPendAbortEn
 .rodata.OSDbg_ISRPostDeferredEn
                0x000090cb        0x1 ./source/rtos/uCOSIII/src/uCOS-III/Source/os_dbg.o
                0x000090cb                OSDbg_ISRPostDeferredEn
 .rodata.OSDbg_MemEn
                0x000090cc        0x1 ./source/rtos/uCOSIII/src/uCOS-III/Source/os_dbg.o
                0x000090cc                OSDbg_MemEn
 .rodata.OSDbg_MsgEn
                0x000090cd        0x1 ./source/rtos/uCOSIII/src/uCOS-III/Source/os_dbg.o
                0x000090cd                OSDbg_MsgEn
 .rodata.OSDbg_MutexEn
                0x000090ce        0x1 ./source/rtos/uCOSIII/src/uCOS-III/Source/os_dbg.o
                0x000090ce                OSDbg_MutexEn
 .rodata.OSDbg_MutexDelEn
                0x000090cf        0x1 ./source/rtos/uCOSIII/src/uCOS-III/Source/os_dbg.o
                0x000090cf                OSDbg_MutexDelEn
 .rodata.OSDbg_MutexPendAbortEn
                0x000090d0        0x1 ./source/rtos/uCOSIII/src/uCOS-III/Source/os_dbg.o
                0x000090d0                OSDbg_MutexPendAbortEn
 .rodata.OSDbg_ObjTypeChkEn
                0x000090d1        0x1 ./source/rtos/uCOSIII/src/uCOS-III/Source/os_dbg.o
                0x000090d1                OSDbg_ObjTypeChkEn
 .rodata.OSDbg_PendMultiEn
                0x000090d2        0x1 ./source/rtos/uCOSIII/src/uCOS-III/Source/os_dbg.o
                0x000090d2                OSDbg_PendMultiEn
 .rodata.OSDbg_QEn
                0x000090d3        0x1 ./source/rtos/uCOSIII/src/uCOS-III/Source/os_dbg.o
                0x000090d3                OSDbg_QEn
 .rodata.OSDbg_QDelEn
                0x000090d4        0x1 ./source/rtos/uCOSIII/src/uCOS-III/Source/os_dbg.o
                0x000090d4                OSDbg_QDelEn
 .rodata.OSDbg_QFlushEn
                0x000090d5        0x1 ./source/rtos/uCOSIII/src/uCOS-III/Source/os_dbg.o
                0x000090d5                OSDbg_QFlushEn
 .rodata.OSDbg_QPendAbortEn
                0x000090d6        0x1 ./source/rtos/uCOSIII/src/uCOS-III/Source/os_dbg.o
                0x000090d6                OSDbg_QPendAbortEn
 .rodata.OSDbg_SchedRoundRobinEn
                0x000090d7        0x1 ./source/rtos/uCOSIII/src/uCOS-III/Source/os_dbg.o
                0x000090d7                OSDbg_SchedRoundRobinEn
 .rodata.OSDbg_SemEn
                0x000090d8        0x1 ./source/rtos/uCOSIII/src/uCOS-III/Source/os_dbg.o
                0x000090d8                OSDbg_SemEn
 .rodata.OSDbg_SemDelEn
                0x000090d9        0x1 ./source/rtos/uCOSIII/src/uCOS-III/Source/os_dbg.o
                0x000090d9                OSDbg_SemDelEn
 .rodata.OSDbg_SemPendAbortEn
                0x000090da        0x1 ./source/rtos/uCOSIII/src/uCOS-III/Source/os_dbg.o
                0x000090da                OSDbg_SemPendAbortEn
 .rodata.OSDbg_SemSetEn
                0x000090db        0x1 ./source/rtos/uCOSIII/src/uCOS-III/Source/os_dbg.o
                0x000090db                OSDbg_SemSetEn
 .rodata.OSDbg_StkWidth
                0x000090dc        0x1 ./source/rtos/uCOSIII/src/uCOS-III/Source/os_dbg.o
                0x000090dc                OSDbg_StkWidth
 .rodata.OSDbg_StatTaskEn
                0x000090dd        0x1 ./source/rtos/uCOSIII/src/uCOS-III/Source/os_dbg.o
                0x000090dd                OSDbg_StatTaskEn
 .rodata.OSDbg_StatTaskStkChkEn
                0x000090de        0x1 ./source/rtos/uCOSIII/src/uCOS-III/Source/os_dbg.o
                0x000090de                OSDbg_StatTaskStkChkEn
 .rodata.OSDbg_TaskChangePrioEn
                0x000090df        0x1 ./source/rtos/uCOSIII/src/uCOS-III/Source/os_dbg.o
                0x000090df                OSDbg_TaskChangePrioEn
 .rodata.OSDbg_TaskDelEn
                0x000090e0        0x1 ./source/rtos/uCOSIII/src/uCOS-III/Source/os_dbg.o
                0x000090e0                OSDbg_TaskDelEn
 .rodata.OSDbg_TaskQEn
                0x000090e1        0x1 ./source/rtos/uCOSIII/src/uCOS-III/Source/os_dbg.o
                0x000090e1                OSDbg_TaskQEn
 .rodata.OSDbg_TaskQPendAbortEn
                0x000090e2        0x1 ./source/rtos/uCOSIII/src/uCOS-III/Source/os_dbg.o
                0x000090e2                OSDbg_TaskQPendAbortEn
 .rodata.OSDbg_TaskProfileEn
                0x000090e3        0x1 ./source/rtos/uCOSIII/src/uCOS-III/Source/os_dbg.o
                0x000090e3                OSDbg_TaskProfileEn
 .rodata.OSDbg_TaskSemPendAbortEn
                0x000090e4        0x1 ./source/rtos/uCOSIII/src/uCOS-III/Source/os_dbg.o
                0x000090e4                OSDbg_TaskSemPendAbortEn
 .rodata.OSDbg_TaskSuspendEn
                0x000090e5        0x1 ./source/rtos/uCOSIII/src/uCOS-III/Source/os_dbg.o
                0x000090e5                OSDbg_TaskSuspendEn
 .rodata.OSDbg_TimeDlyHMSMEn
                0x000090e6        0x1 ./source/rtos/uCOSIII/src/uCOS-III/Source/os_dbg.o
                0x000090e6                OSDbg_TimeDlyHMSMEn
 .rodata.OSDbg_TimeDlyResumeEn
                0x000090e7        0x1 ./source/rtos/uCOSIII/src/uCOS-III/Source/os_dbg.o
                0x000090e7                OSDbg_TimeDlyResumeEn
 .rodata.OSDbg_TmrEn
                0x000090e8        0x1 ./source/rtos/uCOSIII/src/uCOS-III/Source/os_dbg.o
                0x000090e8                OSDbg_TmrEn
 .rodata.OSDbg_TmrDelEn
                0x000090e9        0x1 ./source/rtos/uCOSIII/src/uCOS-III/Source/os_dbg.o
                0x000090e9                OSDbg_TmrDelEn
                0x000090f0                        . = ALIGN (0x8)
 *fill*         0x000090ea        0x6 ff

.glue_7         0x000090f0        0x0
 .glue_7        0x000090f0        0x0 linker stubs

.glue_7t        0x000090f0        0x0
 .glue_7t       0x000090f0        0x0 linker stubs

.vfp11_veneer   0x000090f0        0x0
 .vfp11_veneer  0x000090f0        0x0 linker stubs

.v4_bx          0x000090f0        0x0
 .v4_bx         0x000090f0        0x0 linker stubs

.iplt           0x000090f0        0x0
 .iplt          0x000090f0        0x0 ./source/rtos/uCOSIII/src/uCOS-III/Source/os_cfg_app.o

.rel.dyn        0x000090f0        0x0
 .rel.iplt      0x000090f0        0x0 ./source/rtos/uCOSIII/src/uCOS-III/Source/os_cfg_app.o

.ARM.extab
 *(SORT_BY_ALIGNMENT(.ARM.extab*) SORT_BY_ALIGNMENT(.gnu.linkonce.armextab.*))

.ARM.exidx      0x000090f0        0x0
                0x000090f0                        __exidx_start = .
 *(SORT_BY_ALIGNMENT(.ARM.exidx*) SORT_BY_ALIGNMENT(.gnu.linkonce.armexidx.*))
                0x000090f0                        __exidx_end = .
                0x000090f0                        _etext = .

.m_usb_data
 *(SORT_BY_ALIGNMENT(m_usb_bdt))

.data_RAM2      0x1fff0000        0x0 load address 0x000090f0
 FILL mask 0xff
                [!provide]                        PROVIDE (__start_data_RAM2 = .)
                [!provide]                        PROVIDE (__start_data_SRAM_LOWER = .)
 *(SORT_BY_ALIGNMENT(.ramfunc.$RAM2))
 *(SORT_BY_ALIGNMENT(.ramfunc.$SRAM_LOWER))
 *(SORT_BY_ALIGNMENT(.data.$RAM2))
 *(SORT_BY_ALIGNMENT(.data.$SRAM_LOWER))
 *(SORT_BY_ALIGNMENT(.data.$RAM2.*))
 *(SORT_BY_ALIGNMENT(.data.$SRAM_LOWER.*))
                0x1fff0000                        . = ALIGN (0x8)
                [!provide]                        PROVIDE (__end_data_RAM2 = .)
                [!provide]                        PROVIDE (__end_data_SRAM_LOWER = .)

.data_RAM3      0x14000000        0x0 load address 0x000090f0
 FILL mask 0xff
                [!provide]                        PROVIDE (__start_data_RAM3 = .)
                [!provide]                        PROVIDE (__start_data_FLEX_RAM = .)
 *(SORT_BY_ALIGNMENT(.ramfunc.$RAM3))
 *(SORT_BY_ALIGNMENT(.ramfunc.$FLEX_RAM))
 *(SORT_BY_ALIGNMENT(.data.$RAM3))
 *(SORT_BY_ALIGNMENT(.data.$FLEX_RAM))
 *(SORT_BY_ALIGNMENT(.data.$RAM3.*))
 *(SORT_BY_ALIGNMENT(.data.$FLEX_RAM.*))
                0x14000000                        . = ALIGN (0x8)
                [!provide]                        PROVIDE (__end_data_RAM3 = .)
                [!provide]                        PROVIDE (__end_data_FLEX_RAM = .)

.uninit_RESERVED
                0x20000000        0x0
                0x20000000                        _start_uninit_RESERVED = .
 *(SORT_BY_ALIGNMENT(.bss.$RESERVED*))
                0x20000000                        . = ALIGN (0x8)
                0x20000000                        _end_uninit_RESERVED = .

.data           0x20000000       0xd0 load address 0x000090f0
 FILL mask 0xff
                0x20000000                        _data = .
                [!provide]                        PROVIDE (__start_data_RAM = .)
                [!provide]                        PROVIDE (__start_data_SRAM_UPPER = .)
 *(SORT_BY_ALIGNMENT(vtable))
 *(SORT_BY_ALIGNMENT(.ramfunc*))
 *(SORT_BY_ALIGNMENT(CodeQuickAccess))
 *(SORT_BY_ALIGNMENT(DataQuickAccess))
 *(SORT_BY_ALIGNMENT(RamFunction))
 *(SORT_BY_ALIGNMENT(.data*))
 .data.user_db  0x20000000       0xb4 ./source/database.o
 .data.main_texts
                0x200000b4        0xc ./source/menu.o
 .data.bri.0    0x200000c0        0x4 ./source/menu.o
 .data.SystemCoreClock
                0x200000c4        0x4 ./SDK/CMSIS/system_MK64F12.o
                0x200000c4                SystemCoreClock
 .data.ena_present.2
                0x200000c8        0x1 ./source/card.o
 .data.ena_past.1
                0x200000c9        0x1 ./source/card.o
 .data.state_set.0
                0x200000ca        0x1 ./source/card.o
 .data.brightness
                0x200000cb        0x1 ./source/display_rtos.o
                0x200000cb                brightness
 .data.id_edit  0x200000cc        0x1 ./source/menu.o
 .data.pin_edit
                0x200000cd        0x1 ./source/menu.o
                0x200000d0                        . = ALIGN (0x8)
 *fill*         0x200000ce        0x2 ff
                0x200000d0                        _edata = .
                [!provide]                        PROVIDE (__end_data_RAM = .)
                [!provide]                        PROVIDE (__end_data_SRAM_UPPER = .)

.igot.plt       0x200000d0        0x0 load address 0x000091c0
 .igot.plt      0x200000d0        0x0 ./source/rtos/uCOSIII/src/uCOS-III/Source/os_cfg_app.o

.bss_RAM2       0x1fff0000        0x0
                [!provide]                        PROVIDE (__start_bss_RAM2 = .)
                [!provide]                        PROVIDE (__start_bss_SRAM_LOWER = .)
 *(SORT_BY_ALIGNMENT(.bss.$RAM2))
 *(SORT_BY_ALIGNMENT(.bss.$SRAM_LOWER))
 *(SORT_BY_ALIGNMENT(.bss.$RAM2.*))
 *(SORT_BY_ALIGNMENT(.bss.$SRAM_LOWER.*))
                0x1fff0000                        . = ALIGN ((. != 0x0)?0x8:0x1)
                [!provide]                        PROVIDE (__end_bss_RAM2 = .)
                [!provide]                        PROVIDE (__end_bss_SRAM_LOWER = .)

.bss_RAM3       0x14000000        0x0
                [!provide]                        PROVIDE (__start_bss_RAM3 = .)
                [!provide]                        PROVIDE (__start_bss_FLEX_RAM = .)
 *(SORT_BY_ALIGNMENT(.bss.$RAM3))
 *(SORT_BY_ALIGNMENT(.bss.$FLEX_RAM))
 *(SORT_BY_ALIGNMENT(.bss.$RAM3.*))
 *(SORT_BY_ALIGNMENT(.bss.$FLEX_RAM.*))
                0x14000000                        . = ALIGN ((. != 0x0)?0x8:0x1)
                [!provide]                        PROVIDE (__end_bss_RAM3 = .)
                [!provide]                        PROVIDE (__end_bss_FLEX_RAM = .)

.bss            0x200000d0     0x5938
                0x200000d0                        _bss = .
                [!provide]                        PROVIDE (__start_bss_RAM = .)
                [!provide]                        PROVIDE (__start_bss_SRAM_UPPER = .)
 *(SORT_BY_ALIGNMENT(.bss*))
 .bss.OSCfg_IdleTaskStk
                0x200000d0      0x200 ./source/rtos/uCOSIII/src/uCOS-III/Source/os_cfg_app.o
                0x200000d0                OSCfg_IdleTaskStk
 .bss.OSCfg_ISRStk
                0x200002d0      0x200 ./source/rtos/uCOSIII/src/uCOS-III/Source/os_cfg_app.o
                0x200002d0                OSCfg_ISRStk
 .bss.OSCfg_MsgPool
                0x200004d0      0x640 ./source/rtos/uCOSIII/src/uCOS-III/Source/os_cfg_app.o
                0x200004d0                OSCfg_MsgPool
 .bss.OSCfg_StatTaskStk
                0x20000b10      0x200 ./source/rtos/uCOSIII/src/uCOS-III/Source/os_cfg_app.o
                0x20000b10                OSCfg_StatTaskStk
 .bss.OSCfg_TickTaskStk
                0x20000d10      0x200 ./source/rtos/uCOSIII/src/uCOS-III/Source/os_cfg_app.o
                0x20000d10                OSCfg_TickTaskStk
 .bss.OSCfg_TmrTaskStk
                0x20000f10      0x200 ./source/rtos/uCOSIII/src/uCOS-III/Source/os_cfg_app.o
                0x20000f10                OSCfg_TmrTaskStk
 .bss.OSPrioTbl
                0x20001110        0x4 ./source/rtos/uCOSIII/src/uCOS-III/Source/os_prio.o
                0x20001110                OSPrioTbl
 .bss.OS_AppTaskCreateHookPtr
                0x20001114        0x4 ./source/rtos/uCOSIII/src/uCOS-III/Source/os_var.o
                0x20001114                OS_AppTaskCreateHookPtr
 .bss.OS_AppTaskDelHookPtr
                0x20001118        0x4 ./source/rtos/uCOSIII/src/uCOS-III/Source/os_var.o
                0x20001118                OS_AppTaskDelHookPtr
 .bss.OS_AppTaskReturnHookPtr
                0x2000111c        0x4 ./source/rtos/uCOSIII/src/uCOS-III/Source/os_var.o
                0x2000111c                OS_AppTaskReturnHookPtr
 .bss.OS_AppIdleTaskHookPtr
                0x20001120        0x4 ./source/rtos/uCOSIII/src/uCOS-III/Source/os_var.o
                0x20001120                OS_AppIdleTaskHookPtr
 .bss.OS_AppStatTaskHookPtr
                0x20001124        0x4 ./source/rtos/uCOSIII/src/uCOS-III/Source/os_var.o
                0x20001124                OS_AppStatTaskHookPtr
 .bss.OS_AppTaskSwHookPtr
                0x20001128        0x4 ./source/rtos/uCOSIII/src/uCOS-III/Source/os_var.o
                0x20001128                OS_AppTaskSwHookPtr
 .bss.OS_AppTimeTickHookPtr
                0x2000112c        0x4 ./source/rtos/uCOSIII/src/uCOS-III/Source/os_var.o
                0x2000112c                OS_AppTimeTickHookPtr
 .bss.OSIdleTaskCtr
                0x20001130        0x4 ./source/rtos/uCOSIII/src/uCOS-III/Source/os_var.o
                0x20001130                OSIdleTaskCtr
 .bss.OSIdleTaskTCB
                0x20001134       0xc4 ./source/rtos/uCOSIII/src/uCOS-III/Source/os_var.o
                0x20001134                OSIdleTaskTCB
 .bss.OSFlagDbgListPtr
                0x200011f8        0x4 ./source/rtos/uCOSIII/src/uCOS-III/Source/os_var.o
                0x200011f8                OSFlagDbgListPtr
 .bss.OSMemDbgListPtr
                0x200011fc        0x4 ./source/rtos/uCOSIII/src/uCOS-III/Source/os_var.o
                0x200011fc                OSMemDbgListPtr
 .bss.OSMsgPool
                0x20001200        0xc ./source/rtos/uCOSIII/src/uCOS-III/Source/os_var.o
                0x20001200                OSMsgPool
 .bss.OSMutexDbgListPtr
                0x2000120c        0x4 ./source/rtos/uCOSIII/src/uCOS-III/Source/os_var.o
                0x2000120c                OSMutexDbgListPtr
 .bss.OSQDbgListPtr
                0x20001210        0x4 ./source/rtos/uCOSIII/src/uCOS-III/Source/os_var.o
                0x20001210                OSQDbgListPtr
 .bss.OSRdyList
                0x20001214      0x180 ./source/rtos/uCOSIII/src/uCOS-III/Source/os_var.o
                0x20001214                OSRdyList
 .bss.OSSchedRoundRobinDfltTimeQuanta
                0x20001394        0x4 ./source/rtos/uCOSIII/src/uCOS-III/Source/os_var.o
                0x20001394                OSSchedRoundRobinDfltTimeQuanta
 .bss.OSSemDbgListPtr
                0x20001398        0x4 ./source/rtos/uCOSIII/src/uCOS-III/Source/os_var.o
                0x20001398                OSSemDbgListPtr
 .bss.OSStatTaskCtr
                0x2000139c        0x4 ./source/rtos/uCOSIII/src/uCOS-III/Source/os_var.o
                0x2000139c                OSStatTaskCtr
 .bss.OSStatTaskCtrMax
                0x200013a0        0x4 ./source/rtos/uCOSIII/src/uCOS-III/Source/os_var.o
                0x200013a0                OSStatTaskCtrMax
 .bss.OSStatTaskCtrRun
                0x200013a4        0x4 ./source/rtos/uCOSIII/src/uCOS-III/Source/os_var.o
                0x200013a4                OSStatTaskCtrRun
 .bss.OSStatTaskTCB
                0x200013a8       0xc4 ./source/rtos/uCOSIII/src/uCOS-III/Source/os_var.o
                0x200013a8                OSStatTaskTCB
 .bss.OSStatTaskTimeMax
                0x2000146c        0x4 ./source/rtos/uCOSIII/src/uCOS-III/Source/os_var.o
                0x2000146c                OSStatTaskTimeMax
 .bss.OSTaskCtxSwCtr
                0x20001470        0x4 ./source/rtos/uCOSIII/src/uCOS-III/Source/os_var.o
                0x20001470                OSTaskCtxSwCtr
 .bss.OSTaskDbgListPtr
                0x20001474        0x4 ./source/rtos/uCOSIII/src/uCOS-III/Source/os_var.o
                0x20001474                OSTaskDbgListPtr
 .bss.OSTickCtr
                0x20001478        0x4 ./source/rtos/uCOSIII/src/uCOS-III/Source/os_var.o
                0x20001478                OSTickCtr
 .bss.OSTickTaskTCB
                0x2000147c       0xc4 ./source/rtos/uCOSIII/src/uCOS-III/Source/os_var.o
                0x2000147c                OSTickTaskTCB
 .bss.OSTickTaskTimeMax
                0x20001540        0x4 ./source/rtos/uCOSIII/src/uCOS-III/Source/os_var.o
                0x20001540                OSTickTaskTimeMax
 .bss.OSTickListDly
                0x20001544        0x8 ./source/rtos/uCOSIII/src/uCOS-III/Source/os_var.o
                0x20001544                OSTickListDly
 .bss.OSTickListTimeout
                0x2000154c        0x8 ./source/rtos/uCOSIII/src/uCOS-III/Source/os_var.o
                0x2000154c                OSTickListTimeout
 .bss.OSTmrDbgListPtr
                0x20001554        0x4 ./source/rtos/uCOSIII/src/uCOS-III/Source/os_var.o
                0x20001554                OSTmrDbgListPtr
 .bss.OSTmrListPtr
                0x20001558        0x4 ./source/rtos/uCOSIII/src/uCOS-III/Source/os_var.o
                0x20001558                OSTmrListPtr
 .bss.OSTmrMutex
                0x2000155c       0x30 ./source/rtos/uCOSIII/src/uCOS-III/Source/os_var.o
                0x2000155c                OSTmrMutex
 .bss.OSTmrTaskTCB
                0x2000158c       0xc4 ./source/rtos/uCOSIII/src/uCOS-III/Source/os_var.o
                0x2000158c                OSTmrTaskTCB
 .bss.OSTmrTaskTimeMax
                0x20001650        0x4 ./source/rtos/uCOSIII/src/uCOS-III/Source/os_var.o
                0x20001650                OSTmrTaskTimeMax
 .bss.OSTmrTickCtr
                0x20001654        0x4 ./source/rtos/uCOSIII/src/uCOS-III/Source/os_var.o
                0x20001654                OSTmrTickCtr
 .bss.OSTmrUpdateCnt
                0x20001658        0x4 ./source/rtos/uCOSIII/src/uCOS-III/Source/os_var.o
                0x20001658                OSTmrUpdateCnt
 .bss.OSTmrUpdateCtr
                0x2000165c        0x4 ./source/rtos/uCOSIII/src/uCOS-III/Source/os_var.o
                0x2000165c                OSTmrUpdateCtr
 .bss.OSTCBCurPtr
                0x20001660        0x4 ./source/rtos/uCOSIII/src/uCOS-III/Source/os_var.o
                0x20001660                OSTCBCurPtr
 .bss.OSTCBHighRdyPtr
                0x20001664        0x4 ./source/rtos/uCOSIII/src/uCOS-III/Source/os_var.o
                0x20001664                OSTCBHighRdyPtr
 .bss.OS_CPU_ExceptStkBase
                0x20001668        0x4 ./source/rtos/uCOSIII/src/uCOS-III/Ports/ARM-Cortex-M4/Generic/GNU/os_cpu_c.o