Archive member included to satisfy reference by file (symbol)

C:/nxp/MCUXpressoIDE_11.10.0_3148/ide/plugins/com.nxp.mcuxpresso.tools.win32_11.10.0.202311280810/tools/bin/../lib/gcc/arm-none-eabi/13.2.1/../../../../arm-none-eabi/lib/thumb/v7e-m+fp/hard\libcr_c.a(strcmp.o)
                              ./source/display_rtos.o (strcmp)
C:/nxp/MCUXpressoIDE_11.10.0_3148/ide/plugins/com.nxp.mcuxpresso.tools.win32_11.10.0.202311280810/tools/bin/../lib/gcc/arm-none-eabi/13.2.1/../../../../arm-none-eabi/lib/thumb/v7e-m+fp/hard\libcr_c.a(strcpy.o)
                              ./source/main.o (strcpy)
C:/nxp/MCUXpressoIDE_11.10.0_3148/ide/plugins/com.nxp.mcuxpresso.tools.win32_11.10.0.202311280810/tools/bin/../lib/gcc/arm-none-eabi/13.2.1/../../../../arm-none-eabi/lib/thumb/v7e-m+fp/hard\libcr_c.a(strlen.o)
                              ./source/display_rtos.o (strlen)
C:/nxp/MCUXpressoIDE_11.10.0_3148/ide/plugins/com.nxp.mcuxpresso.tools.win32_11.10.0.202311280810/tools/bin/../lib/gcc/arm-none-eabi/13.2.1/../../../../arm-none-eabi/lib/thumb/v7e-m+fp/hard\libcr_c.a(strncpy.o)
                              ./source/display_rtos.o (strncpy)
C:/nxp/MCUXpressoIDE_11.10.0_3148/ide/plugins/com.nxp.mcuxpresso.tools.win32_11.10.0.202311280810/tools/bin/../lib/gcc/arm-none-eabi/13.2.1/thumb/v7e-m+fp/hard\libcr_eabihelpers.a(division_64.o)
                              ./source/rtos/uCOSIII/BSP/cpu_bsp.o (__aeabi_uldivmod)
C:/nxp/MCUXpressoIDE_11.10.0_3148/ide/plugins/com.nxp.mcuxpresso.tools.win32_11.10.0.202311280810/tools/bin/../lib/gcc/arm-none-eabi/13.2.1/thumb/v7e-m+fp/hard\libcr_eabihelpers.a(division_idiv0.o)
                              C:/nxp/MCUXpressoIDE_11.10.0_3148/ide/plugins/com.nxp.mcuxpresso.tools.win32_11.10.0.202311280810/tools/bin/../lib/gcc/arm-none-eabi/13.2.1/thumb/v7e-m+fp/hard\libcr_eabihelpers.a(division_64.o) (__aeabi_idiv0)

Discarded input sections

 .group         0x00000000        0xc ./source/rtos/uCOSIII/src/uCOS-III/Source/os_cfg_app.o
 .group         0x00000000        0xc ./source/rtos/uCOSIII/src/uCOS-III/Source/os_cfg_app.o
 .group         0x00000000        0xc ./source/rtos/uCOSIII/src/uCOS-III/Source/os_cfg_app.o
 .group         0x00000000        0xc ./source/rtos/uCOSIII/src/uCOS-III/Source/os_cfg_app.o
 .group         0x00000000        0xc ./source/rtos/uCOSIII/src/uCOS-III/Source/os_cfg_app.o
 .group         0x00000000        0xc ./source/rtos/uCOSIII/src/uCOS-III/Source/os_cfg_app.o
 .group         0x00000000        0xc ./source/rtos/uCOSIII/src/uCOS-III/Source/os_cfg_app.o
 .group         0x00000000        0xc ./source/rtos/uCOSIII/src/uCOS-III/Source/os_cfg_app.o
 .group         0x00000000        0xc ./source/rtos/uCOSIII/src/uCOS-III/Source/os_cfg_app.o
 .group         0x00000000        0xc ./source/rtos/uCOSIII/src/uCOS-III/Source/os_cfg_app.o
 .group         0x00000000        0xc ./source/rtos/uCOSIII/src/uCOS-III/Source/os_cfg_app.o
 .group         0x00000000        0xc ./source/rtos/uCOSIII/src/uCOS-III/Source/os_cfg_app.o
 .text          0x00000000        0x0 ./source/rtos/uCOSIII/src/uCOS-III/Source/os_cfg_app.o
 .data          0x00000000        0x0 ./source/rtos/uCOSIII/src/uCOS-III/Source/os_cfg_app.o
 .bss           0x00000000        0x0 ./source/rtos/uCOSIII/src/uCOS-III/Source/os_cfg_app.o
 .rodata.OSCfg_IdleTaskStkSizeRAM
                0x00000000        0x4 ./source/rtos/uCOSIII/src/uCOS-III/Source/os_cfg_app.o
 .rodata.OSCfg_IntQBasePtr
                0x00000000        0x4 ./source/rtos/uCOSIII/src/uCOS-III/Source/os_cfg_app.o
 .rodata.OSCfg_IntQSize
                0x00000000        0x2 ./source/rtos/uCOSIII/src/uCOS-III/Source/os_cfg_app.o
 .rodata.OSCfg_IntQSizeRAM
                0x00000000        0x4 ./source/rtos/uCOSIII/src/uCOS-III/Source/os_cfg_app.o
 .rodata.OSCfg_IntQTaskStkBasePtr
                0x00000000        0x4 ./source/rtos/uCOSIII/src/uCOS-III/Source/os_cfg_app.o
 .rodata.OSCfg_IntQTaskStkLimit
                0x00000000        0x4 ./source/rtos/uCOSIII/src/uCOS-III/Source/os_cfg_app.o
 .rodata.OSCfg_IntQTaskStkSize
                0x00000000        0x4 ./source/rtos/uCOSIII/src/uCOS-III/Source/os_cfg_app.o
 .rodata.OSCfg_IntQTaskStkSizeRAM
                0x00000000        0x4 ./source/rtos/uCOSIII/src/uCOS-III/Source/os_cfg_app.o
 .rodata.OSCfg_ISRStkSizeRAM
                0x00000000        0x4 ./source/rtos/uCOSIII/src/uCOS-III/Source/os_cfg_app.o
 .rodata.OSCfg_MsgPoolSizeRAM
                0x00000000        0x4 ./source/rtos/uCOSIII/src/uCOS-III/Source/os_cfg_app.o
 .rodata.OSCfg_StatTaskStkSizeRAM
                0x00000000        0x4 ./source/rtos/uCOSIII/src/uCOS-III/Source/os_cfg_app.o
 .rodata.OSCfg_TickTaskStkSizeRAM
                0x00000000        0x4 ./source/rtos/uCOSIII/src/uCOS-III/Source/os_cfg_app.o
 .rodata.OSCfg_TmrTaskStkSizeRAM
                0x00000000        0x4 ./source/rtos/uCOSIII/src/uCOS-III/Source/os_cfg_app.o
 .rodata.OSCfg_DataSizeRAM
[...]
Memory Configuration

Name             Origin             Length             Attributes
PROGRAM_FLASH    0x00000000         0x00100000         xr
SRAM_UPPER       0x20000000         0x00030000         xrw
SRAM_LOWER       0x1fff0000         0x00010000         xrw
FLEX_RAM         0x14000000         0x00001000         xrw
*default*        0x00000000         0xffffffff

Linker script and memory map

LOAD ./source/rtos/uCOSIII/src/uCOS-III/Source/os_cfg_app.o
LOAD ./source/rtos/uCOSIII/src/uCOS-III/Source/os_core.o
LOAD ./source/rtos/uCOSIII/src/uCOS-III/Source/os_dbg.o
LOAD ./source/rtos/uCOSIII/src/uCOS-III/Source/os_flag.o
LOAD ./source/rtos/uCOSIII/src/uCOS-III/Source/os_int.o
LOAD ./source/rtos/uCOSIII/src/uCOS-III/Source/os_mem.o
LOAD ./source/rtos/uCOSIII/src/uCOS-III/Source/os_msg.o
LOAD ./source/rtos/uCOSIII/src/uCOS-III/Source/os_mutex.o
LOAD ./source/rtos/uCOSIII/src/uCOS-III/Source/os_pend_multi.o
LOAD ./source/rtos/uCOSIII/src/uCOS-III/Source/os_prio.o
LOAD ./source/rtos/uCOSIII/src/uCOS-III/Source/os_q.o
LOAD ./source/rtos/uCOSIII/src/uCOS-III/Source/os_sem.o
LOAD ./source/rtos/uCOSIII/src/uCOS-III/Source/os_stat.o
LOAD ./source/rtos/uCOSIII/src/uCOS-III/Source/os_task.o
LOAD ./source/rtos/uCOSIII/src/uCOS-III/Source/os_tick.o
LOAD ./source/rtos/uCOSIII/src/uCOS-III/Source/os_time.o
LOAD ./source/rtos/uCOSIII/src/uCOS-III/Source/os_tmr.o
LOAD ./source/rtos/uCOSIII/src/uCOS-III/Source/os_var.o
LOAD ./source/rtos/uCOSIII/src/uCOS-III/Ports/ARM-Cortex-M4/Generic/GNU/os_cpu_a.o
LOAD ./source/rtos/uCOSIII/src/uCOS-III/Ports/ARM-Cortex-M4/Generic/GNU/os_cpu_c.o
LOAD ./source/rtos/uCOSIII/src/uC-CPU/ARM-Cortex-M4/GNU/cpu_a.o
LOAD ./source/rtos/uCOSIII/src/uC-CPU/ARM-Cortex-M4/GNU/cpu_c.o
LOAD ./source/rtos/uCOSIII/src/uC-CPU/cpu_core.o
LOAD ./source/rtos/uCOSIII/BSP/cpu_bsp.o
LOAD ./source/SysTick.o
LOAD ./source/display_rtos.o
LOAD ./source/gpio.o
LOAD ./source/main.o
LOAD ./SDK/startup/hardware.o
LOAD ./SDK/startup/semihost_hardfault.o
LOAD ./SDK/startup/startup_mk64f12.o
LOAD ./SDK/CMSIS/system_MK64F12.o
START GROUP
LOAD C:/nxp/MCUXpressoIDE_11.10.0_3148/ide/plugins/com.nxp.mcuxpresso.tools.win32_11.10.0.202311280810/tools/bin/../lib/gcc/arm-none-eabi/13.2.1/../../../../arm-none-eabi/lib/thumb/v7e-m+fp/hard\libcr_c.a
LOAD C:/nxp/MCUXpressoIDE_11.10.0_3148/ide/plugins/com.nxp.mcuxpresso.tools.win32_11.10.0.202311280810/tools/bin/../lib/gcc/arm-none-eabi/13.2.1/thumb/v7e-m+fp/hard\libcr_eabihelpers.a
LOAD C:/nxp/MCUXpressoIDE_11.10.0_3148/ide/plugins/com.nxp.mcuxpresso.tools.win32_11.10.0.202311280810/tools/bin/../lib/gcc/arm-none-eabi/13.2.1/thumb/v7e-m+fp/hard\libgcc.a
END GROUP
                0x00000000                        __base_PROGRAM_FLASH = 0x0
                0x00000000                        __base_Flash = 0x0
                0x00100000                        __top_PROGRAM_FLASH = 0x100000
                0x00100000                        __top_Flash = 0x100000
                0x20000000                        __base_SRAM_UPPER = 0x20000000
                0x20000000                        __base_RAM = 0x20000000
                0x20030000                        __top_SRAM_UPPER = 0x20030000
                0x20030000                        __top_RAM = 0x20030000
                0x1fff0000                        __base_SRAM_LOWER = 0x1fff0000
                0x1fff0000                        __base_RAM2 = 0x1fff0000
                0x20000000                        __top_SRAM_LOWER = 0x20000000
                0x20000000                        __top_RAM2 = 0x20000000
                0x14000000                        __base_FLEX_RAM = 0x14000000
                0x14000000                        __base_RAM3 = 0x14000000
                0x14001000                        __top_FLEX_RAM = 0x14001000
                0x14001000                        __top_RAM3 = 0x14001000

.text           0x00000000     0x5e10
 FILL mask 0xff
                0x00000000                        __vectors_start__ = ABSOLUTE (.)
 *(SORT_BY_ALIGNMENT(.isr_vector))
 .isr_vector    0x00000000      0x198 ./SDK/startup/startup_mk64f12.o
                0x00000000                g_pfnVectors
                0x00000000                __Vectors
                0x00000198                        . = ALIGN (0x4)
                0x00000198                        __section_table_start = .
                0x00000198                        __data_section_table = .
                0x00000198        0x4 LONG 0x5e10 LOADADDR (.data)
                0x0000019c        0x4 LONG 0x20000000 ADDR (.data)
                0x000001a0        0x4 LONG 0x8 SIZEOF (.data)
                0x000001a4        0x4 LONG 0x5e10 LOADADDR (.data_RAM2)
                0x000001a8        0x4 LONG 0x1fff0000 ADDR (.data_RAM2)
                0x000001ac        0x4 LONG 0x0 SIZEOF (.data_RAM2)
                0x000001b0        0x4 LONG 0x5e10 LOADADDR (.data_RAM3)
                0x000001b4        0x4 LONG 0x14000000 ADDR (.data_RAM3)
                0x000001b8        0x4 LONG 0x0 SIZEOF (.data_RAM3)
                0x000001bc                        __data_section_table_end = .
                0x000001bc                        __bss_section_table = .
                0x000001bc        0x4 LONG 0x20000008 ADDR (.bss)
                0x000001c0        0x4 LONG 0x2680 SIZEOF (.bss)
                0x000001c4        0x4 LONG 0x1fff0000 ADDR (.bss_RAM2)
                0x000001c8        0x4 LONG 0x0 SIZEOF (.bss_RAM2)
                0x000001cc        0x4 LONG 0x14000000 ADDR (.bss_RAM3)
                0x000001d0        0x4 LONG 0x0 SIZEOF (.bss_RAM3)
                0x000001d4                        __bss_section_table_end = .
                0x000001d4                        __section_table_end = .
 *(SORT_BY_ALIGNMENT(.after_vectors*))
 .after_vectors.reset
                0x000001d4       0x4c ./SDK/startup/startup_mk64f12.o
                0x000001d4                ResetISR
 .after_vectors.init_data
                0x00000220       0x1e ./SDK/startup/startup_mk64f12.o
                0x00000220                data_init
 .after_vectors.init_bss
                0x0000023e       0x12 ./SDK/startup/startup_mk64f12.o
                0x0000023e                bss_init
 .after_vectors
                0x00000250       0x14 ./SDK/startup/startup_mk64f12.o
                0x00000250                NMI_Handler
                0x00000254                MemManage_Handler
                0x00000256                BusFault_Handler
                0x00000258                UsageFault_Handler
                0x0000025a                SVC_Handler
                0x0000025c                DebugMon_Handler
                0x00000262                DMA_Error_DriverIRQHandler
                0x00000262                LPTMR0_DriverIRQHandler
                0x00000262                FTM1_DriverIRQHandler
                0x00000262                FTM2_DriverIRQHandler
                0x00000262                PIT2_DriverIRQHandler
                0x00000262                SDHC_DriverIRQHandler
                0x00000262                I2S0_Tx_DriverIRQHandler
                0x00000262                RTC_Seconds_DriverIRQHandler
                0x00000262                DMA6_DriverIRQHandler
                0x00000262                LLWU_DriverIRQHandler
                0x00000262                MCM_DriverIRQHandler
                0x00000262                MCG_DriverIRQHandler
                0x00000262                ENET_1588_Timer_DriverIRQHandler
                0x00000262                I2C2_DriverIRQHandler
                0x00000262                DAC1_DriverIRQHandler
                0x00000262                SPI1_DriverIRQHandler
                0x00000262                CMP1_DriverIRQHandler
                0x00000262                UART5_RX_TX_DriverIRQHandler
                0x00000262                FTM0_DriverIRQHandler
                0x00000262                IntDefaultHandler
                0x00000262                USB0_DriverIRQHandler
                0x00000262                UART5_ERR_DriverIRQHandler
                0x00000262                PORTC_DriverIRQHandler
                0x00000262                DMA11_DriverIRQHandler
                0x00000262                DAC0_DriverIRQHandler
                0x00000262                DMA10_DriverIRQHandler
                0x00000262                CMP2_DriverIRQHandler
                0x00000262                UART2_ERR_DriverIRQHandler
                0x00000262                SPI2_DriverIRQHandler
                0x00000262                LVD_LVW_DriverIRQHandler
                0x00000262                PIT0_DriverIRQHandler
                0x00000262                RNG_DriverIRQHandler
                0x00000262                DMA5_DriverIRQHandler
                0x00000262                DMA12_DriverIRQHandler
                0x00000262                UART2_RX_TX_DriverIRQHandler
                0x00000262                USBDCD_DriverIRQHandler
                0x00000262                UART3_ERR_DriverIRQHandler
                0x00000262                DMA3_DriverIRQHandler
                0x00000262                DMA8_DriverIRQHandler
                0x00000262                DMA9_DriverIRQHandler
                0x00000262                UART0_ERR_DriverIRQHandler
                0x00000262                CMT_DriverIRQHandler
                0x00000262                Reserved71_DriverIRQHandler
                0x00000262                ADC1_DriverIRQHandler
                0x00000262                PORTA_DriverIRQHandler
                0x00000262                DMA14_DriverIRQHandler
                0x00000262                PIT3_DriverIRQHandler
                0x00000262                PIT1_DriverIRQHandler
                0x00000262                WDOG_EWM_DriverIRQHandler
                0x00000262                PDB0_DriverIRQHandler
                0x00000262                RTC_DriverIRQHandler
                0x00000262                I2S0_Rx_DriverIRQHandler
                0x00000262                Read_Collision_DriverIRQHandler
                0x00000262                SWI_DriverIRQHandler
                0x00000262                UART4_RX_TX_DriverIRQHandler
                0x00000262                UART4_ERR_DriverIRQHandler
                0x00000262                PORTB_DriverIRQHandler
                0x00000262                UART0_LON_DriverIRQHandler
                0x00000262                DMA0_DriverIRQHandler
                0x00000262                DMA1_DriverIRQHandler
                0x00000262                I2C1_DriverIRQHandler
                0x00000262                UART3_RX_TX_DriverIRQHandler
                0x00000262                ENET_Receive_DriverIRQHandler
                0x00000262                DMA13_DriverIRQHandler
                0x00000262                ENET_Error_DriverIRQHandler
                0x00000262                DMA15_DriverIRQHandler
                0x00000262                UART0_RX_TX_DriverIRQHandler
                0x00000262                SPI0_DriverIRQHandler
                0x00000262                ADC0_DriverIRQHandler
                0x00000262                CMP0_DriverIRQHandler
                0x00000262                CAN0_DriverIRQHandler
                0x00000262                FTM3_DriverIRQHandler
                0x00000262                DMA4_DriverIRQHandler
                0x00000262                UART1_ERR_DriverIRQHandler
                0x00000262                DMA2_DriverIRQHandler
                0x00000262                ENET_Transmit_DriverIRQHandler
                0x00000262                PORTD_DriverIRQHandler
                0x00000262                PORTE_DriverIRQHandler
                0x00000262                FTFE_DriverIRQHandler
                0x00000262                I2C0_DriverIRQHandler
                0x00000262                DMA7_DriverIRQHandler
                0x00000262                UART1_RX_TX_DriverIRQHandler
                0x00000400                        . = 0x400
 *fill*         0x00000264      0x19c ff
                0x00000400                        PROVIDE (__FLASH_CONFIG_START__ = .)
 *(SORT_BY_ALIGNMENT(.FlashConfig))
 .FlashConfig   0x00000400       0x10 ./SDK/startup/startup_mk64f12.o
                0x00000400                Flash_Config
                0x00000410                        PROVIDE (__FLASH_CONFIG_END__ = .)
                0x00000001                        ASSERT (! ((__FLASH_CONFIG_START__ == __FLASH_CONFIG_END__)), Linker Flash Config Support Enabled, but no .FlashConfig section provided within application)
 *(SORT_BY_ALIGNMENT(.text*))
 .text.OSInit   0x00000410      0x1ec ./source/rtos/uCOSIII/src/uCOS-III/Source/os_core.o
                0x00000410                OSInit
 .text.OSIntEnter
                0x000005fc       0x38 ./source/rtos/uCOSIII/src/uCOS-III/Source/os_core.o
                0x000005fc                OSIntEnter
 .text.OSIntExit
                0x00000634       0xd8 ./source/rtos/uCOSIII/src/uCOS-III/Source/os_core.o
                0x00000634                OSIntExit
 .text.OSSched  0x0000070c       0xa8 ./source/rtos/uCOSIII/src/uCOS-III/Source/os_core.o
                0x0000070c                OSSched
 .text.OSSchedLock
                0x000007b4       0x74 ./source/rtos/uCOSIII/src/uCOS-III/Source/os_core.o
                0x000007b4                OSSchedLock
 .text.OSSchedUnlock
                0x00000828       0x90 ./source/rtos/uCOSIII/src/uCOS-III/Source/os_core.o
                0x00000828                OSSchedUnlock
 .text.OSSchedRoundRobinCfg
                0x000008b8       0x70 ./source/rtos/uCOSIII/src/uCOS-III/Source/os_core.o
                0x000008b8                OSSchedRoundRobinCfg
 .text.OSStart  0x00000928       0x80 ./source/rtos/uCOSIII/src/uCOS-III/Source/os_core.o
                0x00000928                OSStart
 .text.OS_IdleTask
                0x000009a8       0x3c ./source/rtos/uCOSIII/src/uCOS-III/Source/os_core.o
                0x000009a8                OS_IdleTask
 .text.OS_IdleTaskInit
                0x000009e4       0x68 ./source/rtos/uCOSIII/src/uCOS-III/Source/os_core.o
                0x000009e4                OS_IdleTaskInit
 .text.OS_Pend  0x00000a4c       0x84 ./source/rtos/uCOSIII/src/uCOS-III/Source/os_core.o
                0x00000a4c                OS_Pend
 .text.OS_PendDbgNameAdd
                0x00000ad0       0x7c ./source/rtos/uCOSIII/src/uCOS-III/Source/os_core.o
                0x00000ad0                OS_PendDbgNameAdd
 .text.OS_PendDbgNameRemove
                0x00000b4c       0x4c ./source/rtos/uCOSIII/src/uCOS-III/Source/os_core.o
                0x00000b4c                OS_PendDbgNameRemove
 .text.OS_Post  0x00000b98      0x130 ./source/rtos/uCOSIII/src/uCOS-III/Source/os_core.o
                0x00000b98                OS_Post
 .text.OS_RdyListInit
                0x00000cc8       0x4c ./source/rtos/uCOSIII/src/uCOS-III/Source/os_core.o
                0x00000cc8                OS_RdyListInit
 .text.OS_RdyListInsert
                0x00000d14       0x3c ./source/rtos/uCOSIII/src/uCOS-III/Source/os_core.o
                0x00000d14                OS_RdyListInsert
 .text.OS_RdyListInsertHead
                0x00000d50       0x84 ./source/rtos/uCOSIII/src/uCOS-III/Source/os_core.o
                0x00000d50                OS_RdyListInsertHead
 .text.OS_RdyListInsertTail
                0x00000dd4       0x80 ./source/rtos/uCOSIII/src/uCOS-III/Source/os_core.o
                0x00000dd4                OS_RdyListInsertTail
 .text.OS_RdyListRemove
                0x00000e54       0xb0 ./source/rtos/uCOSIII/src/uCOS-III/Source/os_core.o
                0x00000e54                OS_RdyListRemove
 .text.OS_SchedRoundRobin
                0x00000f04       0xc8 ./source/rtos/uCOSIII/src/uCOS-III/Source/os_core.o
                0x00000f04                OS_SchedRoundRobin
 .text.OS_TaskBlock
                0x00000fcc       0x40 ./source/rtos/uCOSIII/src/uCOS-III/Source/os_core.o
                0x00000fcc                OS_TaskBlock
 .text.OS_Dbg_Init
                0x0000100c      0x23c ./source/rtos/uCOSIII/src/uCOS-III/Source/os_dbg.o
                0x0000100c                OS_Dbg_Init
 .text.OS_FlagInit
                0x00001248       0x30 ./source/rtos/uCOSIII/src/uCOS-III/Source/os_flag.o
                0x00001248                OS_FlagInit
 .text.OS_MemInit
                0x00001278       0x30 ./source/rtos/uCOSIII/src/uCOS-III/Source/os_mem.o
                0x00001278                OS_MemInit
 .text.OS_MsgPoolInit
                0x000012a8       0xd0 ./source/rtos/uCOSIII/src/uCOS-III/Source/os_msg.o
                0x000012a8                OS_MsgPoolInit
 .text.OS_MsgQFreeAll
                0x00001378       0x78 ./source/rtos/uCOSIII/src/uCOS-III/Source/os_msg.o
                0x00001378                OS_MsgQFreeAll
 .text.OSMutexCreate
                0x000013f0       0x98 ./source/rtos/uCOSIII/src/uCOS-III/Source/os_mutex.o
                0x000013f0                OSMutexCreate
 .text.OSMutexPend
                0x00001488      0x210 ./source/rtos/uCOSIII/src/uCOS-III/Source/os_mutex.o
                0x00001488                OSMutexPend
 .text.OSMutexPost
                0x00001698      0x1b8 ./source/rtos/uCOSIII/src/uCOS-III/Source/os_mutex.o
                0x00001698                OSMutexPost
 .text.OS_MutexDbgListAdd
                0x00001850       0x50 ./source/rtos/uCOSIII/src/uCOS-III/Source/os_mutex.o
                0x00001850                OS_MutexDbgListAdd
 .text.OS_MutexInit
                0x000018a0       0x30 ./source/rtos/uCOSIII/src/uCOS-III/Source/os_mutex.o
                0x000018a0                OS_MutexInit
 .text.OS_PrioInit
                0x000018d0       0x34 ./source/rtos/uCOSIII/src/uCOS-III/Source/os_prio.o
                0x000018d0                OS_PrioInit
 .text.OS_PrioGetHighest
                0x00001904       0x48 ./source/rtos/uCOSIII/src/uCOS-III/Source/os_prio.o
                0x00001904                OS_PrioGetHighest
 .text.OS_PrioInsert
                0x0000194c       0x50 ./source/rtos/uCOSIII/src/uCOS-III/Source/os_prio.o
                0x0000194c                OS_PrioInsert
 .text.OS_PrioRemove
                0x0000199c       0x50 ./source/rtos/uCOSIII/src/uCOS-III/Source/os_prio.o
                0x0000199c                OS_PrioRemove
 .text.OS_QInit
                0x000019ec       0x30 ./source/rtos/uCOSIII/src/uCOS-III/Source/os_q.o
                0x000019ec                OS_QInit
 .text.OS_SemInit
                0x00001a1c       0x30 ./source/rtos/uCOSIII/src/uCOS-III/Source/os_sem.o
                0x00001a1c                OS_SemInit
 .text.OSStatReset
                0x00001a4c      0x118 ./source/rtos/uCOSIII/src/uCOS-III/Source/os_stat.o
                0x00001a4c                OSStatReset
 .text.OSStatTaskCPUUsageInit
                0x00001b64       0xfc ./source/rtos/uCOSIII/src/uCOS-III/Source/os_stat.o
                0x00001b64                OSStatTaskCPUUsageInit
 .text.OS_StatTask
                0x00001c60      0x310 ./source/rtos/uCOSIII/src/uCOS-III/Source/os_stat.o
                0x00001c60                OS_StatTask
 .text.OS_StatTaskInit
                0x00001f70       0xd4 ./source/rtos/uCOSIII/src/uCOS-III/Source/os_stat.o
                0x00001f70                OS_StatTaskInit
 .text.OSTaskCreate
                0x00002044      0x21c ./source/rtos/uCOSIII/src/uCOS-III/Source/os_task.o
                0x00002044                OSTaskCreate
 .text.OSTaskDel
                0x00002260      0x200 ./source/rtos/uCOSIII/src/uCOS-III/Source/os_task.o
                0x00002260                OSTaskDel
 .text.OSTaskResume
                0x00002460       0x64 ./source/rtos/uCOSIII/src/uCOS-III/Source/os_task.o
                0x00002460                OSTaskResume
 .text.OSTaskSemPend
                0x000024c4      0x1d8 ./source/rtos/uCOSIII/src/uCOS-III/Source/os_task.o
                0x000024c4                OSTaskSemPend
 .text.OSTaskStkChk
                0x0000269c       0xf0 ./source/rtos/uCOSIII/src/uCOS-III/Source/os_task.o
                0x0000269c                OSTaskStkChk
 .text.OSTaskSuspend
                0x0000278c       0x44 ./source/rtos/uCOSIII/src/uCOS-III/Source/os_task.o
                0x0000278c                OSTaskSuspend
 .text.OS_TaskDbgListAdd
                0x000027d0       0x4c ./source/rtos/uCOSIII/src/uCOS-III/Source/os_task.o
                0x000027d0                OS_TaskDbgListAdd
 .text.OS_TaskDbgListRemove
                0x0000281c       0x84 ./source/rtos/uCOSIII/src/uCOS-III/Source/os_task.o
                0x0000281c                OS_TaskDbgListRemove
 .text.OS_TaskInit
                0x000028a0       0x38 ./source/rtos/uCOSIII/src/uCOS-III/Source/os_task.o
                0x000028a0                OS_TaskInit
 .text.OS_TaskInitTCB
                0x000028d8      0x1a0 ./source/rtos/uCOSIII/src/uCOS-III/Source/os_task.o
                0x000028d8                OS_TaskInitTCB
 .text.OS_TaskResume
                0x00002a78      0x124 ./source/rtos/uCOSIII/src/uCOS-III/Source/os_task.o
                0x00002a78                OS_TaskResume
 .text.OS_TaskReturn
                0x00002b9c       0x28 ./source/rtos/uCOSIII/src/uCOS-III/Source/os_task.o
                0x00002b9c                OS_TaskReturn
 .text.OS_TaskSemPost
                0x00002bc4      0x128 ./source/rtos/uCOSIII/src/uCOS-III/Source/os_task.o
                0x00002bc4                OS_TaskSemPost
 .text.OS_TaskSuspend
                0x00002cec      0x118 ./source/rtos/uCOSIII/src/uCOS-III/Source/os_task.o
                0x00002cec                OS_TaskSuspend
 .text.OS_TaskChangePrio
                0x00002e04      0x148 ./source/rtos/uCOSIII/src/uCOS-III/Source/os_task.o
                0x00002e04                OS_TaskChangePrio
 .text.OS_TickTask
                0x00002f4c       0x64 ./source/rtos/uCOSIII/src/uCOS-III/Source/os_tick.o
                0x00002f4c                OS_TickTask
 .text.OS_TickTaskInit
                0x00002fb0       0xd8 ./source/rtos/uCOSIII/src/uCOS-III/Source/os_tick.o
                0x00002fb0                OS_TickTaskInit
 .text.OS_TickListInsertDly
                0x00003088      0x108 ./source/rtos/uCOSIII/src/uCOS-III/Source/os_tick.o
                0x00003088                OS_TickListInsertDly
 .text.OS_TickListUpdateDly
                0x00003190       0xbc ./source/rtos/uCOSIII/src/uCOS-III/Source/os_tick.o
 .text.OS_TickListUpdateTimeout
                0x0000324c      0x158 ./source/rtos/uCOSIII/src/uCOS-III/Source/os_tick.o
 .text.OSTimeDly
                0x000033a4       0xd8 ./source/rtos/uCOSIII/src/uCOS-III/Source/os_time.o
                0x000033a4                OSTimeDly
 .text.OSTimeDlyHMSM
                0x0000347c      0x1f0 ./source/rtos/uCOSIII/src/uCOS-III/Source/os_time.o
                0x0000347c                OSTimeDlyHMSM
 .text.OSTimeTick
                0x0000366c       0x74 ./source/rtos/uCOSIII/src/uCOS-III/Source/os_time.o
                0x0000366c                OSTimeTick
 .text.OS_TmrInit
                0x000036e0      0x138 ./source/rtos/uCOSIII/src/uCOS-III/Source/os_tmr.o
                0x000036e0                OS_TmrInit
 .text.OS_TmrUnlink
                0x00003818       0x80 ./source/rtos/uCOSIII/src/uCOS-III/Source/os_tmr.o
                0x00003818                OS_TmrUnlink
 .text.OS_TmrTask
                0x00003898       0xc8 ./source/rtos/uCOSIII/src/uCOS-III/Source/os_tmr.o
                0x00003898                OS_TmrTask
 .text.OS_TmrLock
                0x00003960       0x24 ./source/rtos/uCOSIII/src/uCOS-III/Source/os_tmr.o
 .text.OS_TmrUnlock
                0x00003984       0x20 ./source/rtos/uCOSIII/src/uCOS-III/Source/os_tmr.o
 .text          0x000039a4       0xfc ./source/rtos/uCOSIII/src/uCOS-III/Ports/ARM-Cortex-M4/Generic/GNU/os_cpu_a.o
                0x000039a4                OS_CPU_FP_Reg_Push
                0x000039b6                OS_CPU_FP_Reg_Pop
                0x000039c2                OSStartHighRdy
                0x00003a32                OSCtxSw
                0x00003a3c                OSIntCtxSw
                0x00003a46                PendSV_Handler
 .text.OSIdleTaskHook
                0x00003aa0       0x1c ./source/rtos/uCOSIII/src/uCOS-III/Ports/ARM-Cortex-M4/Generic/GNU/os_cpu_c.o
                0x00003aa0                OSIdleTaskHook
 .text.OSInitHook
                0x00003abc       0x38 ./source/rtos/uCOSIII/src/uCOS-III/Ports/ARM-Cortex-M4/Generic/GNU/os_cpu_c.o
                0x00003abc                OSInitHook
 .text.OSStatTaskHook
                0x00003af4       0x1c ./source/rtos/uCOSIII/src/uCOS-III/Ports/ARM-Cortex-M4/Generic/GNU/os_cpu_c.o
                0x00003af4                OSStatTaskHook
 .text.OSTaskCreateHook
                0x00003b10       0x24 ./source/rtos/uCOSIII/src/uCOS-III/Ports/ARM-Cortex-M4/Generic/GNU/os_cpu_c.o
                0x00003b10                OSTaskCreateHook
 .text.OSTaskDelHook
                0x00003b34       0x24 ./source/rtos/uCOSIII/src/uCOS-III/Ports/ARM-Cortex-M4/Generic/GNU/os_cpu_c.o
                0x00003b34                OSTaskDelHook
 .text.OSTaskReturnHook
                0x00003b58       0x24 ./source/rtos/uCOSIII/src/uCOS-III/Ports/ARM-Cortex-M4/Generic/GNU/os_cpu_c.o
                0x00003b58                OSTaskReturnHook
 .text.OSTaskStkInit
                0x00003b7c      0x34c ./source/rtos/uCOSIII/src/uCOS-III/Ports/ARM-Cortex-M4/Generic/GNU/os_cpu_c.o
                0x00003b7c                OSTaskStkInit
 .text.OSTaskSwHook
                0x00003ec8       0xa8 ./source/rtos/uCOSIII/src/uCOS-III/Ports/ARM-Cortex-M4/Generic/GNU/os_cpu_c.o
                0x00003ec8                OSTaskSwHook
 .text.OSTimeTickHook
                0x00003f70       0x1c ./source/rtos/uCOSIII/src/uCOS-III/Ports/ARM-Cortex-M4/Generic/GNU/os_cpu_c.o
                0x00003f70                OSTimeTickHook
 .text.OS_CPU_SysTickInit
                0x00003f8c       0x54 ./source/rtos/uCOSIII/src/uCOS-III/Ports/ARM-Cortex-M4/Generic/GNU/os_cpu_c.o
                0x00003f8c                OS_CPU_SysTickInit
 .text          0x00003fe0       0x34 ./source/rtos/uCOSIII/src/uC-CPU/ARM-Cortex-M4/GNU/cpu_a.o
                0x00003fe0                CPU_IntDis
                0x00003fe4                CPU_IntEn
                0x00003fe8                CPU_SR_Save
                0x00003ff0                CPU_SR_Restore
                0x00003ff6                CPU_WaitForInt
                0x00003ffa                CPU_WaitForExcept
                0x00003ffe                CPU_CntLeadZeros
                0x00004004                CPU_CntTrailZeros
                0x0000400e                CPU_RevBits
 .text.CPU_TS_TmrFreqSet
                0x00004014       0x20 ./source/rtos/uCOSIII/src/uC-CPU/cpu_core.o
                0x00004014                CPU_TS_TmrFreqSet
 .text.CPU_TS_Init
                0x00004034       0x18 ./source/rtos/uCOSIII/src/uC-CPU/cpu_core.o
 .text.CPU_TS_TmrInit
                0x0000404c       0x48 ./source/rtos/uCOSIII/BSP/cpu_bsp.o
                0x0000404c                CPU_TS_TmrInit
 .text.Display_Init
                0x00004094       0x94 ./source/display_rtos.o
                0x00004094                Display_Init
 .text.display_char
                0x00004128       0x68 ./source/display_rtos.o
                0x00004128                display_char
 .text.clear_display
                0x00004190       0x60 ./source/display_rtos.o
                0x00004190                clear_display
 .text.shift_display_reposition
                0x000041f0       0xc0 ./source/display_rtos.o
                0x000041f0                shift_display_reposition
 .text.refresh_display
                0x000042b0       0xbc ./source/display_rtos.o
                0x000042b0                refresh_display
 .text.ScrollMessage
                0x0000436c       0x8c ./source/display_rtos.o
                0x0000436c                ScrollMessage
 .text.num27seg
                0x000043f8      0x1c8 ./source/display_rtos.o
                0x000043f8                num27seg
 .text.seg2port
                0x000045c0       0x58 ./source/display_rtos.o
                0x000045c0                seg2port
 .text.num2disp
                0x00004618       0x24 ./source/display_rtos.o
                0x00004618                num2disp
 .text.display_select
                0x0000463c       0x78 ./source/display_rtos.o
                0x0000463c                display_select
 .text.led_select
                0x000046b4       0x98 ./source/display_rtos.o
                0x000046b4                led_select
 .text.gpioMode
                0x0000474c      0x198 ./source/gpio.o
                0x0000474c                gpioMode
 .text.gpioWrite
                0x000048e4       0x58 ./source/gpio.o
                0x000048e4                gpioWrite
 .text.PortWrite
                0x0000493c       0x50 ./source/gpio.o
                0x0000493c                PortWrite
 .text.TaskScrollMessage
                0x0000498c       0x40 ./source/main.o
 .text.TaskStart
                0x000049cc       0xf0 ./source/main.o
 .text.main     0x00004abc       0xa8 ./source/main.o
                0x00004abc                main
 .text.hw_Init  0x00004b64      0x104 ./SDK/startup/hardware.o
                0x00004b64                hw_Init
 .text.SystemInit
                0x00004c68       0x3c ./SDK/CMSIS/system_MK64F12.o
                0x00004c68                SystemInit
 .text.SystemCoreClockUpdate
                0x00004ca4      0x28c ./SDK/CMSIS/system_MK64F12.o
                0x00004ca4                SystemCoreClockUpdate
 .text.OSCfg_Init
                0x00004f30        0xe ./source/rtos/uCOSIII/src/uCOS-III/Source/os_cfg_app.o
                0x00004f30                OSCfg_Init
 .text.OS_PendDataInit
                0x00004f3e       0x6e ./source/rtos/uCOSIII/src/uCOS-III/Source/os_core.o
                0x00004f3e                OS_PendDataInit
 .text.OS_PendListChangePrio
                0x00004fac       0x58 ./source/rtos/uCOSIII/src/uCOS-III/Source/os_core.o
                0x00004fac                OS_PendListChangePrio
 .text.OS_PendListInit
                0x00005004       0x26 ./source/rtos/uCOSIII/src/uCOS-III/Source/os_core.o
                0x00005004                OS_PendListInit
 .text.OS_PendListInsertPrio
                0x0000502a       0xe8 ./source/rtos/uCOSIII/src/uCOS-III/Source/os_core.o
                0x0000502a                OS_PendListInsertPrio
 .text.OS_PendListRemove
                0x00005112       0x54 ./source/rtos/uCOSIII/src/uCOS-III/Source/os_core.o
                0x00005112                OS_PendListRemove
 .text.OS_PendListRemove1
                0x00005166       0x94 ./source/rtos/uCOSIII/src/uCOS-III/Source/os_core.o
                0x00005166                OS_PendListRemove1
 .text.OS_Post1
                0x000051fa       0x62 ./source/rtos/uCOSIII/src/uCOS-III/Source/os_core.o
                0x000051fa                OS_Post1
 .text.OS_RdyListMoveHeadToTail
                0x0000525c       0x92 ./source/rtos/uCOSIII/src/uCOS-III/Source/os_core.o
                0x0000525c                OS_RdyListMoveHeadToTail
 .text.OS_MsgQInit
                0x000052ee       0x36 ./source/rtos/uCOSIII/src/uCOS-III/Source/os_msg.o
                0x000052ee                OS_MsgQInit
 .text.OS_MutexGrpAdd
                0x00005324       0x24 ./source/rtos/uCOSIII/src/uCOS-III/Source/os_mutex.o
                0x00005324                OS_MutexGrpAdd
 .text.OS_MutexGrpRemove
                0x00005348       0x3a ./source/rtos/uCOSIII/src/uCOS-III/Source/os_mutex.o
                0x00005348                OS_MutexGrpRemove
 .text.OS_MutexGrpPrioFindHighest
                0x00005382       0x56 ./source/rtos/uCOSIII/src/uCOS-III/Source/os_mutex.o
                0x00005382                OS_MutexGrpPrioFindHighest
 .text.OS_MutexGrpPostAll
                0x000053d8       0x88 ./source/rtos/uCOSIII/src/uCOS-III/Source/os_mutex.o
                0x000053d8                OS_MutexGrpPostAll
 .text.OSTaskSemPost
                0x00005460       0x44 ./source/rtos/uCOSIII/src/uCOS-III/Source/os_task.o
                0x00005460                OSTaskSemPost
 .text.OS_TickListInsert
                0x000054a4      0x12e ./source/rtos/uCOSIII/src/uCOS-III/Source/os_tick.o
                0x000054a4                OS_TickListInsert
 .text.OS_TickListRemove
                0x000055d2       0xca ./source/rtos/uCOSIII/src/uCOS-III/Source/os_tick.o
                0x000055d2                OS_TickListRemove
 .text.OS_TickListResetPeak
                0x0000569c        0xe ./source/rtos/uCOSIII/src/uCOS-III/Source/os_tick.o
                0x0000569c                OS_TickListResetPeak
 .text.OS_TmrResetPeak
                0x000056aa        0xe ./source/rtos/uCOSIII/src/uCOS-III/Source/os_tmr.o
                0x000056aa                OS_TmrResetPeak
 .text.SysTick_Handler
                0x000056b8       0x2a ./source/rtos/uCOSIII/src/uCOS-III/Ports/ARM-Cortex-M4/Generic/GNU/os_cpu_c.o
                0x000056b8                SysTick_Handler
 .text.CPU_Init
                0x000056e2        0xc ./source/rtos/uCOSIII/src/uC-CPU/cpu_core.o
                0x000056e2                CPU_Init
 .text.display_brightness
                0x000056ee       0x2c ./source/display_rtos.o
                0x000056ee                display_brightness
 .text.TaskDisplay
                0x0000571a       0x26 ./source/main.o
 .text.HardFault_Handler
                0x00005740       0x2c ./SDK/startup/semihost_hardfault.o
                0x00005740                HardFault_Handler
 .text.DMA0_IRQHandler
                0x0000576c        0x8 ./SDK/startup/startup_mk64f12.o
                0x0000576c                DMA0_IRQHandler
 .text.DMA1_IRQHandler
                0x00005774        0x8 ./SDK/startup/startup_mk64f12.o
                0x00005774                DMA1_IRQHandler
 .text.DMA2_IRQHandler
                0x0000577c        0x8 ./SDK/startup/startup_mk64f12.o
                0x0000577c                DMA2_IRQHandler
 .text.DMA3_IRQHandler
                0x00005784        0x8 ./SDK/startup/startup_mk64f12.o
                0x00005784                DMA3_IRQHandler
 .text.DMA4_IRQHandler
                0x0000578c        0x8 ./SDK/startup/startup_mk64f12.o
                0x0000578c                DMA4_IRQHandler
 .text.DMA5_IRQHandler
                0x00005794        0x8 ./SDK/startup/startup_mk64f12.o
                0x00005794                DMA5_IRQHandler
 .text.DMA6_IRQHandler
                0x0000579c        0x8 ./SDK/startup/startup_mk64f12.o
                0x0000579c                DMA6_IRQHandler
 .text.DMA7_IRQHandler
                0x000057a4        0x8 ./SDK/startup/startup_mk64f12.o
                0x000057a4                DMA7_IRQHandler
 .text.DMA8_IRQHandler
                0x000057ac        0x8 ./SDK/startup/startup_mk64f12.o
                0x000057ac                DMA8_IRQHandler
 .text.DMA9_IRQHandler
                0x000057b4        0x8 ./SDK/startup/startup_mk64f12.o
                0x000057b4                DMA9_IRQHandler
 .text.DMA10_IRQHandler
                0x000057bc        0x8 ./SDK/startup/startup_mk64f12.o
                0x000057bc                DMA10_IRQHandler
 .text.DMA11_IRQHandler
                0x000057c4        0x8 ./SDK/startup/startup_mk64f12.o
                0x000057c4                DMA11_IRQHandler
 .text.DMA12_IRQHandler
                0x000057cc        0x8 ./SDK/startup/startup_mk64f12.o
                0x000057cc                DMA12_IRQHandler
 .text.DMA13_IRQHandler
                0x000057d4        0x8 ./SDK/startup/startup_mk64f12.o
                0x000057d4                DMA13_IRQHandler
 .text.DMA14_IRQHandler
                0x000057dc        0x8 ./SDK/startup/startup_mk64f12.o
                0x000057dc                DMA14_IRQHandler
 .text.DMA15_IRQHandler
                0x000057e4        0x8 ./SDK/startup/startup_mk64f12.o
                0x000057e4                DMA15_IRQHandler
 .text.DMA_Error_IRQHandler
                0x000057ec        0x8 ./SDK/startup/startup_mk64f12.o
                0x000057ec                DMA_Error_IRQHandler
 .text.MCM_IRQHandler
                0x000057f4        0x8 ./SDK/startup/startup_mk64f12.o
                0x000057f4                MCM_IRQHandler
 .text.FTFE_IRQHandler
                0x000057fc        0x8 ./SDK/startup/startup_mk64f12.o
                0x000057fc                FTFE_IRQHandler
 .text.Read_Collision_IRQHandler
                0x00005804        0x8 ./SDK/startup/startup_mk64f12.o
                0x00005804                Read_Collision_IRQHandler
 .text.LVD_LVW_IRQHandler
                0x0000580c        0x8 ./SDK/startup/startup_mk64f12.o
                0x0000580c                LVD_LVW_IRQHandler
 .text.LLWU_IRQHandler
                0x00005814        0x8 ./SDK/startup/startup_mk64f12.o
                0x00005814                LLWU_IRQHandler
 .text.WDOG_EWM_IRQHandler
                0x0000581c        0x8 ./SDK/startup/startup_mk64f12.o
                0x0000581c                WDOG_EWM_IRQHandler
 .text.RNG_IRQHandler
                0x00005824        0x8 ./SDK/startup/startup_mk64f12.o
                0x00005824                RNG_IRQHandler
 .text.I2C0_IRQHandler
                0x0000582c        0x8 ./SDK/startup/startup_mk64f12.o
                0x0000582c                I2C0_IRQHandler
 .text.I2C1_IRQHandler
                0x00005834        0x8 ./SDK/startup/startup_mk64f12.o
                0x00005834                I2C1_IRQHandler
 .text.SPI0_IRQHandler
                0x0000583c        0x8 ./SDK/startup/startup_mk64f12.o
                0x0000583c                SPI0_IRQHandler
 .text.SPI1_IRQHandler
                0x00005844        0x8 ./SDK/startup/startup_mk64f12.o
                0x00005844                SPI1_IRQHandler
 .text.I2S0_Tx_IRQHandler
                0x0000584c        0x8 ./SDK/startup/startup_mk64f12.o
                0x0000584c                I2S0_Tx_IRQHandler
 .text.I2S0_Rx_IRQHandler
                0x00005854        0x8 ./SDK/startup/startup_mk64f12.o
                0x00005854                I2S0_Rx_IRQHandler
 .text.UART0_LON_IRQHandler
                0x0000585c        0x8 ./SDK/startup/startup_mk64f12.o
                0x0000585c                UART0_LON_IRQHandler
 .text.UART0_RX_TX_IRQHandler
                0x00005864        0x8 ./SDK/startup/startup_mk64f12.o
                0x00005864                UART0_RX_TX_IRQHandler
 .text.UART0_ERR_IRQHandler
                0x0000586c        0x8 ./SDK/startup/startup_mk64f12.o
                0x0000586c                UART0_ERR_IRQHandler
 .text.UART1_RX_TX_IRQHandler
                0x00005874        0x8 ./SDK/startup/startup_mk64f12.o
                0x00005874                UART1_RX_TX_IRQHandler
 .text.UART1_ERR_IRQHandler
                0x0000587c        0x8 ./SDK/startup/startup_mk64f12.o
                0x0000587c                UART1_ERR_IRQHandler
 .text.UART2_RX_TX_IRQHandler
                0x00005884        0x8 ./SDK/startup/startup_mk64f12.o
                0x00005884                UART2_RX_TX_IRQHandler
 .text.UART2_ERR_IRQHandler
                0x0000588c        0x8 ./SDK/startup/startup_mk64f12.o
                0x0000588c                UART2_ERR_IRQHandler
 .text.UART3_RX_TX_IRQHandler
                0x00005894        0x8 ./SDK/startup/startup_mk64f12.o
                0x00005894                UART3_RX_TX_IRQHandler
 .text.UART3_ERR_IRQHandler
                0x0000589c        0x8 ./SDK/startup/startup_mk64f12.o
                0x0000589c                UART3_ERR_IRQHandler
 .text.ADC0_IRQHandler
                0x000058a4        0x8 ./SDK/startup/startup_mk64f12.o
                0x000058a4                ADC0_IRQHandler
 .text.CMP0_IRQHandler
                0x000058ac        0x8 ./SDK/startup/startup_mk64f12.o
                0x000058ac                CMP0_IRQHandler
 .text.CMP1_IRQHandler
                0x000058b4        0x8 ./SDK/startup/startup_mk64f12.o
                0x000058b4                CMP1_IRQHandler
 .text.FTM0_IRQHandler
                0x000058bc        0x8 ./SDK/startup/startup_mk64f12.o
                0x000058bc                FTM0_IRQHandler
 .text.FTM1_IRQHandler
                0x000058c4        0x8 ./SDK/startup/startup_mk64f12.o
                0x000058c4                FTM1_IRQHandler
 .text.FTM2_IRQHandler
                0x000058cc        0x8 ./SDK/startup/startup_mk64f12.o
                0x000058cc                FTM2_IRQHandler
 .text.CMT_IRQHandler
                0x000058d4        0x8 ./SDK/startup/startup_mk64f12.o
                0x000058d4                CMT_IRQHandler
 .text.RTC_IRQHandler
                0x000058dc        0x8 ./SDK/startup/startup_mk64f12.o
                0x000058dc                RTC_IRQHandler
 .text.RTC_Seconds_IRQHandler
                0x000058e4        0x8 ./SDK/startup/startup_mk64f12.o
                0x000058e4                RTC_Seconds_IRQHandler
 .text.PIT0_IRQHandler
                0x000058ec        0x8 ./SDK/startup/startup_mk64f12.o
                0x000058ec                PIT0_IRQHandler
 .text.PIT1_IRQHandler
                0x000058f4        0x8 ./SDK/startup/startup_mk64f12.o
                0x000058f4                PIT1_IRQHandler
 .text.PIT2_IRQHandler
                0x000058fc        0x8 ./SDK/startup/startup_mk64f12.o
                0x000058fc                PIT2_IRQHandler
 .text.PIT3_IRQHandler
                0x00005904        0x8 ./SDK/startup/startup_mk64f12.o
                0x00005904                PIT3_IRQHandler
 .text.PDB0_IRQHandler
                0x0000590c        0x8 ./SDK/startup/startup_mk64f12.o
                0x0000590c                PDB0_IRQHandler
 .text.USB0_IRQHandler
                0x00005914        0x8 ./SDK/startup/startup_mk64f12.o
                0x00005914                USB0_IRQHandler
 .text.USBDCD_IRQHandler
                0x0000591c        0x8 ./SDK/startup/startup_mk64f12.o
                0x0000591c                USBDCD_IRQHandler
 .text.Reserved71_IRQHandler
                0x00005924        0x8 ./SDK/startup/startup_mk64f12.o
                0x00005924                Reserved71_IRQHandler
 .text.DAC0_IRQHandler
                0x0000592c        0x8 ./SDK/startup/startup_mk64f12.o
                0x0000592c                DAC0_IRQHandler
 .text.MCG_IRQHandler
                0x00005934        0x8 ./SDK/startup/startup_mk64f12.o
                0x00005934                MCG_IRQHandler
 .text.LPTMR0_IRQHandler
                0x0000593c        0x8 ./SDK/startup/startup_mk64f12.o
                0x0000593c                LPTMR0_IRQHandler
 .text.PORTA_IRQHandler
                0x00005944        0x8 ./SDK/startup/startup_mk64f12.o
                0x00005944                PORTA_IRQHandler
 .text.PORTB_IRQHandler
                0x0000594c        0x8 ./SDK/startup/startup_mk64f12.o
                0x0000594c                PORTB_IRQHandler
 .text.PORTC_IRQHandler
                0x00005954        0x8 ./SDK/startup/startup_mk64f12.o
                0x00005954                PORTC_IRQHandler
 .text.PORTD_IRQHandler
                0x0000595c        0x8 ./SDK/startup/startup_mk64f12.o
                0x0000595c                PORTD_IRQHandler
 .text.PORTE_IRQHandler
                0x00005964        0x8 ./SDK/startup/startup_mk64f12.o
                0x00005964                PORTE_IRQHandler
 .text.SWI_IRQHandler
                0x0000596c        0x8 ./SDK/startup/startup_mk64f12.o
                0x0000596c                SWI_IRQHandler
 .text.SPI2_IRQHandler
                0x00005974        0x8 ./SDK/startup/startup_mk64f12.o
                0x00005974                SPI2_IRQHandler
 .text.UART4_RX_TX_IRQHandler
                0x0000597c        0x8 ./SDK/startup/startup_mk64f12.o
                0x0000597c                UART4_RX_TX_IRQHandler
 .text.UART4_ERR_IRQHandler
                0x00005984        0x8 ./SDK/startup/startup_mk64f12.o
                0x00005984                UART4_ERR_IRQHandler
 .text.UART5_RX_TX_IRQHandler
                0x0000598c        0x8 ./SDK/startup/startup_mk64f12.o
                0x0000598c                UART5_RX_TX_IRQHandler
 .text.UART5_ERR_IRQHandler
                0x00005994        0x8 ./SDK/startup/startup_mk64f12.o
                0x00005994                UART5_ERR_IRQHandler
 .text.CMP2_IRQHandler
                0x0000599c        0x8 ./SDK/startup/startup_mk64f12.o
                0x0000599c                CMP2_IRQHandler
 .text.FTM3_IRQHandler
                0x000059a4        0x8 ./SDK/startup/startup_mk64f12.o
                0x000059a4                FTM3_IRQHandler
 .text.DAC1_IRQHandler
                0x000059ac        0x8 ./SDK/startup/startup_mk64f12.o
                0x000059ac                DAC1_IRQHandler
 .text.ADC1_IRQHandler
                0x000059b4        0x8 ./SDK/startup/startup_mk64f12.o
                0x000059b4                ADC1_IRQHandler
 .text.I2C2_IRQHandler
                0x000059bc        0x8 ./SDK/startup/startup_mk64f12.o
                0x000059bc                I2C2_IRQHandler
 .text.CAN0_ORed_Message_buffer_IRQHandler
                0x000059c4        0x8 ./SDK/startup/startup_mk64f12.o
                0x000059c4                CAN0_ORed_Message_buffer_IRQHandler
 .text.CAN0_Bus_Off_IRQHandler
                0x000059cc        0x8 ./SDK/startup/startup_mk64f12.o
                0x000059cc                CAN0_Bus_Off_IRQHandler
 .text.CAN0_Error_IRQHandler
                0x000059d4        0x8 ./SDK/startup/startup_mk64f12.o
                0x000059d4                CAN0_Error_IRQHandler
 .text.CAN0_Tx_Warning_IRQHandler
                0x000059dc        0x8 ./SDK/startup/startup_mk64f12.o
                0x000059dc                CAN0_Tx_Warning_IRQHandler
 .text.CAN0_Rx_Warning_IRQHandler
                0x000059e4        0x8 ./SDK/startup/startup_mk64f12.o
                0x000059e4                CAN0_Rx_Warning_IRQHandler
 .text.CAN0_Wake_Up_IRQHandler
                0x000059ec        0x8 ./SDK/startup/startup_mk64f12.o
                0x000059ec                CAN0_Wake_Up_IRQHandler
 .text.SDHC_IRQHandler
                0x000059f4        0x8 ./SDK/startup/startup_mk64f12.o
                0x000059f4                SDHC_IRQHandler
 .text.ENET_1588_Timer_IRQHandler
                0x000059fc        0x8 ./SDK/startup/startup_mk64f12.o
                0x000059fc                ENET_1588_Timer_IRQHandler
 .text.ENET_Transmit_IRQHandler
                0x00005a04        0x8 ./SDK/startup/startup_mk64f12.o
                0x00005a04                ENET_Transmit_IRQHandler
 .text.ENET_Receive_IRQHandler
                0x00005a0c        0x8 ./SDK/startup/startup_mk64f12.o
                0x00005a0c                ENET_Receive_IRQHandler
 .text.ENET_Error_IRQHandler
                0x00005a14        0x8 ./SDK/startup/startup_mk64f12.o
                0x00005a14                ENET_Error_IRQHandler
 .text.SystemInitHook
                0x00005a1c        0xe ./SDK/CMSIS/system_MK64F12.o
                0x00005a1c                SystemInitHook
 .text.strcmp   0x00005a2a       0x46 C:/nxp/MCUXpressoIDE_11.10.0_3148/ide/plugins/com.nxp.mcuxpresso.tools.win32_11.10.0.202311280810/tools/bin/../lib/gcc/arm-none-eabi/13.2.1/../../../../arm-none-eabi/lib/thumb/v7e-m+fp/hard\libcr_c.a(strcmp.o)
                0x00005a2a                strcmp
 .text.strcpy   0x00005a70       0x42 C:/nxp/MCUXpressoIDE_11.10.0_3148/ide/plugins/com.nxp.mcuxpresso.tools.win32_11.10.0.202311280810/tools/bin/../lib/gcc/arm-none-eabi/13.2.1/../../../../arm-none-eabi/lib/thumb/v7e-m+fp/hard\libcr_c.a(strcpy.o)
                0x00005a70                strcpy
 .text.strlen   0x00005ab2       0x4e C:/nxp/MCUXpressoIDE_11.10.0_3148/ide/plugins/com.nxp.mcuxpresso.tools.win32_11.10.0.202311280810/tools/bin/../lib/gcc/arm-none-eabi/13.2.1/../../../../arm-none-eabi/lib/thumb/v7e-m+fp/hard\libcr_c.a(strlen.o)
                0x00005ab2                strlen
 .text.strncpy  0x00005b00       0x58 C:/nxp/MCUXpressoIDE_11.10.0_3148/ide/plugins/com.nxp.mcuxpresso.tools.win32_11.10.0.202311280810/tools/bin/../lib/gcc/arm-none-eabi/13.2.1/../../../../arm-none-eabi/lib/thumb/v7e-m+fp/hard\libcr_c.a(strncpy.o)
                0x00005b00                strncpy
 *(SORT_BY_ALIGNMENT(.rodata) SORT_BY_ALIGNMENT(.rodata.*) SORT_BY_ALIGNMENT(.constdata) SORT_BY_ALIGNMENT(.constdata.*))
 .rodata.OSCfg_IdleTaskStkBasePtr
                0x00005b58        0x4 ./source/rtos/uCOSIII/src/uCOS-III/Source/os_cfg_app.o
                0x00005b58                OSCfg_IdleTaskStkBasePtr
 .rodata.OSCfg_IdleTaskStkLimit
                0x00005b5c        0x4 ./source/rtos/uCOSIII/src/uCOS-III/Source/os_cfg_app.o
                0x00005b5c                OSCfg_IdleTaskStkLimit
 .rodata.OSCfg_IdleTaskStkSize
                0x00005b60        0x4 ./source/rtos/uCOSIII/src/uCOS-III/Source/os_cfg_app.o
                0x00005b60                OSCfg_IdleTaskStkSize
 .rodata.OSCfg_ISRStkBasePtr
                0x00005b64        0x4 ./source/rtos/uCOSIII/src/uCOS-III/Source/os_cfg_app.o
                0x00005b64                OSCfg_ISRStkBasePtr
 .rodata.OSCfg_ISRStkSize
                0x00005b68        0x4 ./source/rtos/uCOSIII/src/uCOS-III/Source/os_cfg_app.o
                0x00005b68                OSCfg_ISRStkSize
 .rodata.OSCfg_MsgPoolBasePtr
                0x00005b6c        0x4 ./source/rtos/uCOSIII/src/uCOS-III/Source/os_cfg_app.o
                0x00005b6c                OSCfg_MsgPoolBasePtr
 .rodata.OSCfg_StatTaskRate_Hz
                0x00005b70        0x4 ./source/rtos/uCOSIII/src/uCOS-III/Source/os_cfg_app.o
                0x00005b70                OSCfg_StatTaskRate_Hz
 .rodata.OSCfg_StatTaskStkBasePtr
                0x00005b74        0x4 ./source/rtos/uCOSIII/src/uCOS-III/Source/os_cfg_app.o
                0x00005b74                OSCfg_StatTaskStkBasePtr
 .rodata.OSCfg_StatTaskStkLimit
                0x00005b78        0x4 ./source/rtos/uCOSIII/src/uCOS-III/Source/os_cfg_app.o
                0x00005b78                OSCfg_StatTaskStkLimit
 .rodata.OSCfg_StatTaskStkSize
                0x00005b7c        0x4 ./source/rtos/uCOSIII/src/uCOS-III/Source/os_cfg_app.o
                0x00005b7c                OSCfg_StatTaskStkSize
 .rodata.OSCfg_StkSizeMin
                0x00005b80        0x4 ./source/rtos/uCOSIII/src/uCOS-III/Source/os_cfg_app.o
                0x00005b80                OSCfg_StkSizeMin
 .rodata.OSCfg_TickRate_Hz
                0x00005b84        0x4 ./source/rtos/uCOSIII/src/uCOS-III/Source/os_cfg_app.o
                0x00005b84                OSCfg_TickRate_Hz
 .rodata.OSCfg_TickTaskStkBasePtr
                0x00005b88        0x4 ./source/rtos/uCOSIII/src/uCOS-III/Source/os_cfg_app.o
                0x00005b88                OSCfg_TickTaskStkBasePtr
 .rodata.OSCfg_TickTaskStkLimit
                0x00005b8c        0x4 ./source/rtos/uCOSIII/src/uCOS-III/Source/os_cfg_app.o
                0x00005b8c                OSCfg_TickTaskStkLimit
 .rodata.OSCfg_TickTaskStkSize
                0x00005b90        0x4 ./source/rtos/uCOSIII/src/uCOS-III/Source/os_cfg_app.o
                0x00005b90                OSCfg_TickTaskStkSize
 .rodata.OSCfg_TmrTaskRate_Hz
                0x00005b94        0x4 ./source/rtos/uCOSIII/src/uCOS-III/Source/os_cfg_app.o
                0x00005b94                OSCfg_TmrTaskRate_Hz
 .rodata.OSCfg_TmrTaskStkBasePtr
                0x00005b98        0x4 ./source/rtos/uCOSIII/src/uCOS-III/Source/os_cfg_app.o
                0x00005b98                OSCfg_TmrTaskStkBasePtr
 .rodata.OSCfg_TmrTaskStkLimit
                0x00005b9c        0x4 ./source/rtos/uCOSIII/src/uCOS-III/Source/os_cfg_app.o
                0x00005b9c                OSCfg_TmrTaskStkLimit
 .rodata.OSCfg_TmrTaskStkSize
                0x00005ba0        0x4 ./source/rtos/uCOSIII/src/uCOS-III/Source/os_cfg_app.o
                0x00005ba0                OSCfg_TmrTaskStkSize
 .rodata.OS_IdleTaskInit.str1.4
                0x00005ba4       0xc3 ./source/rtos/uCOSIII/src/uCOS-III/Source/os_core.o
                                 0x14 (size before relaxing)
 .rodata.OS_PendDbgNameAdd.str1.4
                0x00005c67       0x16 ./source/rtos/uCOSIII/src/uCOS-III/Source/os_core.o
 *fill*         0x00005c67        0x1 ff
 .rodata.OSDbg_EndiannessTest
                0x00005c68        0x4 ./source/rtos/uCOSIII/src/uCOS-III/Source/os_dbg.o
                0x00005c68                OSDbg_EndiannessTest
 .rodata.OSDbg_FlagGrp
                0x00005c6c       0x28 ./source/rtos/uCOSIII/src/uCOS-III/Source/os_dbg.o
                0x00005c6c                OSDbg_FlagGrp
 .rodata.OSDbg_Mem
                0x00005c94       0x20 ./source/rtos/uCOSIII/src/uCOS-III/Source/os_dbg.o
                0x00005c94                OSDbg_Mem
 .rodata.OSDbg_Mutex
                0x00005cb4       0x30 ./source/rtos/uCOSIII/src/uCOS-III/Source/os_dbg.o
                0x00005cb4                OSDbg_Mutex
 .rodata.OSDbg_Q
                0x00005ce4       0x30 ./source/rtos/uCOSIII/src/uCOS-III/Source/os_dbg.o
                0x00005ce4                OSDbg_Q
 .rodata.OSDbg_Sem
                0x00005d14       0x28 ./source/rtos/uCOSIII/src/uCOS-III/Source/os_dbg.o
                0x00005d14                OSDbg_Sem
 .rodata.OSDbg_RdyListSize
                0x00005d3c        0x4 ./source/rtos/uCOSIII/src/uCOS-III/Source/os_dbg.o
                0x00005d3c                OSDbg_RdyListSize
 .rodata.OSDbg_Tmr
                0x00005d40       0x30 ./source/rtos/uCOSIII/src/uCOS-III/Source/os_dbg.o
                0x00005d40                OSDbg_Tmr
 .rodata.OSDbg_DataSize
                0x00005d70        0x4 ./source/rtos/uCOSIII/src/uCOS-III/Source/os_dbg.o
                0x00005d70                OSDbg_DataSize
 .rodata.OS_MutexDbgListAdd.str1.4
                0x00005d74        0x2 ./source/rtos/uCOSIII/src/uCOS-III/Source/os_mutex.o
 .rodata.OS_StatTaskInit.str1.4
                0x00005d74       0x14 ./source/rtos/uCOSIII/src/uCOS-III/Source/os_stat.o
 .rodata.OS_TaskInitTCB.str1.4
                0x00005d74        0xa ./source/rtos/uCOSIII/src/uCOS-III/Source/os_task.o
 .rodata.OS_TickTaskInit.str1.4
                0x00005d74       0x14 ./source/rtos/uCOSIII/src/uCOS-III/Source/os_tick.o
 .rodata.OS_TmrInit.str1.4
                0x00005d74       0x25 ./source/rtos/uCOSIII/src/uCOS-III/Source/os_tmr.o
 .rodata.segment_pins
                0x00005d74        0x8 ./source/display_rtos.o
                0x00005d74                segment_pins
 .rodata.Display_Init.str1.4
                0x00005d7c        0x8 ./source/display_rtos.o
 .rodata.PORT_PTRS
                0x00005d7c       0x14 ./source/gpio.o
 .rodata.GPIO_PTRS
                0x00005d90       0x14 ./source/gpio.o
 .rodata        0x00005da4       0x14 ./source/gpio.o
 .rodata.TaskStart.str1.4
                0x00005db8       0x22 ./source/main.o
 .rodata.main.str1.4
                0x00005db8        0xf ./source/main.o
 .rodata.OSCfg_MsgPoolSize
                0x00005db8        0x2 ./source/rtos/uCOSIII/src/uCOS-III/Source/os_cfg_app.o
                0x00005db8                OSCfg_MsgPoolSize
 .rodata.OSDbg_FlagGrpSize
                0x00005dba        0x2 ./source/rtos/uCOSIII/src/uCOS-III/Source/os_dbg.o
                0x00005dba                OSDbg_FlagGrpSize
 .rodata.OSDbg_FlagWidth
                0x00005dbc        0x2 ./source/rtos/uCOSIII/src/uCOS-III/Source/os_dbg.o
                0x00005dbc                OSDbg_FlagWidth
 .rodata.OSDbg_MemSize
                0x00005dbe        0x2 ./source/rtos/uCOSIII/src/uCOS-III/Source/os_dbg.o
                0x00005dbe                OSDbg_MemSize
 .rodata.OSDbg_MsgSize
                0x00005dc0        0x2 ./source/rtos/uCOSIII/src/uCOS-III/Source/os_dbg.o
                0x00005dc0                OSDbg_MsgSize
 .rodata.OSDbg_MsgPoolSize
                0x00005dc2        0x2 ./source/rtos/uCOSIII/src/uCOS-III/Source/os_dbg.o
                0x00005dc2                OSDbg_MsgPoolSize
 .rodata.OSDbg_MsgQSize
                0x00005dc4        0x2 ./source/rtos/uCOSIII/src/uCOS-III/Source/os_dbg.o
                0x00005dc4                OSDbg_MsgQSize
 .rodata.OSDbg_MutexSize
                0x00005dc6        0x2 ./source/rtos/uCOSIII/src/uCOS-III/Source/os_dbg.o
                0x00005dc6                OSDbg_MutexSize
 .rodata.OSDbg_PendDataSize
                0x00005dc8        0x2 ./source/rtos/uCOSIII/src/uCOS-III/Source/os_dbg.o
                0x00005dc8                OSDbg_PendDataSize
 .rodata.OSDbg_PendListSize
                0x00005dca        0x2 ./source/rtos/uCOSIII/src/uCOS-III/Source/os_dbg.o
                0x00005dca                OSDbg_PendListSize
 .rodata.OSDbg_PendObjSize
                0x00005dcc        0x2 ./source/rtos/uCOSIII/src/uCOS-III/Source/os_dbg.o
                0x00005dcc                OSDbg_PendObjSize
 .rodata.OSDbg_PrioMax
                0x00005dce        0x2 ./source/rtos/uCOSIII/src/uCOS-III/Source/os_dbg.o
                0x00005dce                OSDbg_PrioMax
 .rodata.OSDbg_PrioTblSize
                0x00005dd0        0x2 ./source/rtos/uCOSIII/src/uCOS-III/Source/os_dbg.o
                0x00005dd0                OSDbg_PrioTblSize
 .rodata.OSDbg_PtrSize
                0x00005dd2        0x2 ./source/rtos/uCOSIII/src/uCOS-III/Source/os_dbg.o
                0x00005dd2                OSDbg_PtrSize
 .rodata.OSDbg_QSize
                0x00005dd4        0x2 ./source/rtos/uCOSIII/src/uCOS-III/Source/os_dbg.o
                0x00005dd4                OSDbg_QSize
 .rodata.OSDbg_SemSize
                0x00005dd6        0x2 ./source/rtos/uCOSIII/src/uCOS-III/Source/os_dbg.o
                0x00005dd6                OSDbg_SemSize
 .rodata.OSDbg_RdyList
                0x00005dd8        0x2 ./source/rtos/uCOSIII/src/uCOS-III/Source/os_dbg.o
                0x00005dd8                OSDbg_RdyList
 .rodata.OSDbg_TaskRegTblSize
                0x00005dda        0x2 ./source/rtos/uCOSIII/src/uCOS-III/Source/os_dbg.o
                0x00005dda                OSDbg_TaskRegTblSize
 .rodata.OSDbg_TCBSize
                0x00005ddc        0x2 ./source/rtos/uCOSIII/src/uCOS-III/Source/os_dbg.o
                0x00005ddc                OSDbg_TCBSize
 .rodata.OSDbg_TickListSize
                0x00005dde        0x2 ./source/rtos/uCOSIII/src/uCOS-III/Source/os_dbg.o
                0x00005dde                OSDbg_TickListSize
 .rodata.OSDbg_TmrSize
                0x00005de0        0x2 ./source/rtos/uCOSIII/src/uCOS-III/Source/os_dbg.o
                0x00005de0                OSDbg_TmrSize
 .rodata.OSDbg_VersionNbr
                0x00005de2        0x2 ./source/rtos/uCOSIII/src/uCOS-III/Source/os_dbg.o
                0x00005de2                OSDbg_VersionNbr
 .rodata.OSCfg_StatTaskPrio
                0x00005de4        0x1 ./source/rtos/uCOSIII/src/uCOS-III/Source/os_cfg_app.o
                0x00005de4                OSCfg_StatTaskPrio
 .rodata.OSCfg_TickTaskPrio
                0x00005de5        0x1 ./source/rtos/uCOSIII/src/uCOS-III/Source/os_cfg_app.o
                0x00005de5                OSCfg_TickTaskPrio
 .rodata.OSCfg_TmrTaskPrio
                0x00005de6        0x1 ./source/rtos/uCOSIII/src/uCOS-III/Source/os_cfg_app.o
                0x00005de6                OSCfg_TmrTaskPrio
 .rodata.OSDbg_DbgEn
                0x00005de7        0x1 ./source/rtos/uCOSIII/src/uCOS-III/Source/os_dbg.o
                0x00005de7                OSDbg_DbgEn
 .rodata.OSDbg_ArgChkEn
                0x00005de8        0x1 ./source/rtos/uCOSIII/src/uCOS-III/Source/os_dbg.o
                0x00005de8                OSDbg_ArgChkEn
 .rodata.OSDbg_AppHooksEn
                0x00005de9        0x1 ./source/rtos/uCOSIII/src/uCOS-III/Source/os_dbg.o
                0x00005de9                OSDbg_AppHooksEn
 .rodata.OSDbg_CalledFromISRChkEn
                0x00005dea        0x1 ./source/rtos/uCOSIII/src/uCOS-III/Source/os_dbg.o
                0x00005dea                OSDbg_CalledFromISRChkEn
 .rodata.OSDbg_FlagEn
                0x00005deb        0x1 ./source/rtos/uCOSIII/src/uCOS-III/Source/os_dbg.o
                0x00005deb                OSDbg_FlagEn
 .rodata.OSDbg_FlagDelEn
                0x00005dec        0x1 ./source/rtos/uCOSIII/src/uCOS-III/Source/os_dbg.o
                0x00005dec                OSDbg_FlagDelEn
 .rodata.OSDbg_FlagModeClrEn
                0x00005ded        0x1 ./source/rtos/uCOSIII/src/uCOS-III/Source/os_dbg.o
                0x00005ded                OSDbg_FlagModeClrEn
 .rodata.OSDbg_FlagPendAbortEn
                0x00005dee        0x1 ./source/rtos/uCOSIII/src/uCOS-III/Source/os_dbg.o
                0x00005dee                OSDbg_FlagPendAbortEn
 .rodata.OSDbg_ISRPostDeferredEn
                0x00005def        0x1 ./source/rtos/uCOSIII/src/uCOS-III/Source/os_dbg.o
                0x00005def                OSDbg_ISRPostDeferredEn
 .rodata.OSDbg_MemEn
                0x00005df0        0x1 ./source/rtos/uCOSIII/src/uCOS-III/Source/os_dbg.o
                0x00005df0                OSDbg_MemEn
 .rodata.OSDbg_MsgEn
                0x00005df1        0x1 ./source/rtos/uCOSIII/src/uCOS-III/Source/os_dbg.o
                0x00005df1                OSDbg_MsgEn
 .rodata.OSDbg_MutexEn
                0x00005df2        0x1 ./source/rtos/uCOSIII/src/uCOS-III/Source/os_dbg.o
                0x00005df2                OSDbg_MutexEn
 .rodata.OSDbg_MutexDelEn
                0x00005df3        0x1 ./source/rtos/uCOSIII/src/uCOS-III/Source/os_dbg.o
                0x00005df3                OSDbg_MutexDelEn
 .rodata.OSDbg_MutexPendAbortEn
                0x00005df4        0x1 ./source/rtos/uCOSIII/src/uCOS-III/Source/os_dbg.o
                0x00005df4                OSDbg_MutexPendAbortEn
 .rodata.OSDbg_ObjTypeChkEn
                0x00005df5        0x1 ./source/rtos/uCOSIII/src/uCOS-III/Source/os_dbg.o
                0x00005df5                OSDbg_ObjTypeChkEn
 .rodata.OSDbg_PendMultiEn
                0x00005df6        0x1 ./source/rtos/uCOSIII/src/uCOS-III/Source/os_dbg.o
                0x00005df6                OSDbg_PendMultiEn
 .rodata.OSDbg_QEn
                0x00005df7        0x1 ./source/rtos/uCOSIII/src/uCOS-III/Source/os_dbg.o
                0x00005df7                OSDbg_QEn
 .rodata.OSDbg_QDelEn
                0x00005df8        0x1 ./source/rtos/uCOSIII/src/uCOS-III/Source/os_dbg.o
                0x00005df8                OSDbg_QDelEn
 .rodata.OSDbg_QFlushEn
                0x00005df9        0x1 ./source/rtos/uCOSIII/src/uCOS-III/Source/os_dbg.o
                0x00005df9                OSDbg_QFlushEn
 .rodata.OSDbg_QPendAbortEn
                0x00005dfa        0x1 ./source/rtos/uCOSIII/src/uCOS-III/Source/os_dbg.o
                0x00005dfa                OSDbg_QPendAbortEn
 .rodata.OSDbg_SchedRoundRobinEn
                0x00005dfb        0x1 ./source/rtos/uCOSIII/src/uCOS-III/Source/os_dbg.o
                0x00005dfb                OSDbg_SchedRoundRobinEn
 .rodata.OSDbg_SemEn
                0x00005dfc        0x1 ./source/rtos/uCOSIII/src/uCOS-III/Source/os_dbg.o
                0x00005dfc                OSDbg_SemEn
 .rodata.OSDbg_SemDelEn
                0x00005dfd        0x1 ./source/rtos/uCOSIII/src/uCOS-III/Source/os_dbg.o
                0x00005dfd                OSDbg_SemDelEn
 .rodata.OSDbg_SemPendAbortEn
                0x00005dfe        0x1 ./source/rtos/uCOSIII/src/uCOS-III/Source/os_dbg.o
                0x00005dfe                OSDbg_SemPendAbortEn
 .rodata.OSDbg_SemSetEn
                0x00005dff        0x1 ./source/rtos/uCOSIII/src/uCOS-III/Source/os_dbg.o
                0x00005dff                OSDbg_SemSetEn
 .rodata.OSDbg_StkWidth
                0x00005e00        0x1 ./source/rtos/uCOSIII/src/uCOS-III/Source/os_dbg.o
                0x00005e00                OSDbg_StkWidth
 .rodata.OSDbg_StatTaskEn
                0x00005e01        0x1 ./source/rtos/uCOSIII/src/uCOS-III/Source/os_dbg.o
                0x00005e01                OSDbg_StatTaskEn
 .rodata.OSDbg_StatTaskStkChkEn
                0x00005e02        0x1 ./source/rtos/uCOSIII/src/uCOS-III/Source/os_dbg.o
                0x00005e02                OSDbg_StatTaskStkChkEn
 .rodata.OSDbg_TaskChangePrioEn
                0x00005e03        0x1 ./source/rtos/uCOSIII/src/uCOS-III/Source/os_dbg.o
                0x00005e03                OSDbg_TaskChangePrioEn
 .rodata.OSDbg_TaskDelEn
                0x00005e04        0x1 ./source/rtos/uCOSIII/src/uCOS-III/Source/os_dbg.o
                0x00005e04                OSDbg_TaskDelEn
 .rodata.OSDbg_TaskQEn
                0x00005e05        0x1 ./source/rtos/uCOSIII/src/uCOS-III/Source/os_dbg.o
                0x00005e05                OSDbg_TaskQEn
 .rodata.OSDbg_TaskQPendAbortEn
                0x00005e06        0x1 ./source/rtos/uCOSIII/src/uCOS-III/Source/os_dbg.o
                0x00005e06                OSDbg_TaskQPendAbortEn
 .rodata.OSDbg_TaskProfileEn
                0x00005e07        0x1 ./source/rtos/uCOSIII/src/uCOS-III/Source/os_dbg.o
                0x00005e07                OSDbg_TaskProfileEn
 .rodata.OSDbg_TaskSemPendAbortEn
                0x00005e08        0x1 ./source/rtos/uCOSIII/src/uCOS-III/Source/os_dbg.o
                0x00005e08                OSDbg_TaskSemPendAbortEn
 .rodata.OSDbg_TaskSuspendEn
                0x00005e09        0x1 ./source/rtos/uCOSIII/src/uCOS-III/Source/os_dbg.o
                0x00005e09                OSDbg_TaskSuspendEn
 .rodata.OSDbg_TimeDlyHMSMEn
                0x00005e0a        0x1 ./source/rtos/uCOSIII/src/uCOS-III/Source/os_dbg.o
                0x00005e0a                OSDbg_TimeDlyHMSMEn
 .rodata.OSDbg_TimeDlyResumeEn
                0x00005e0b        0x1 ./source/rtos/uCOSIII/src/uCOS-III/Source/os_dbg.o
                0x00005e0b                OSDbg_TimeDlyResumeEn
 .rodata.OSDbg_TmrEn
                0x00005e0c        0x1 ./source/rtos/uCOSIII/src/uCOS-III/Source/os_dbg.o
                0x00005e0c                OSDbg_TmrEn
 .rodata.OSDbg_TmrDelEn
                0x00005e0d        0x1 ./source/rtos/uCOSIII/src/uCOS-III/Source/os_dbg.o
                0x00005e0d                OSDbg_TmrDelEn
                0x00005e10                        . = ALIGN (0x8)
 *fill*         0x00005e0e        0x2 ff

.glue_7         0x00005e10        0x0
 .glue_7        0x00005e10        0x0 linker stubs

.glue_7t        0x00005e10        0x0
 .glue_7t       0x00005e10        0x0 linker stubs

.vfp11_veneer   0x00005e10        0x0
 .vfp11_veneer  0x00005e10        0x0 linker stubs

.v4_bx          0x00005e10        0x0
 .v4_bx         0x00005e10        0x0 linker stubs

.iplt           0x00005e10        0x0
 .iplt          0x00005e10        0x0 ./source/rtos/uCOSIII/src/uCOS-III/Source/os_cfg_app.o

.rel.dyn        0x00005e10        0x0
 .rel.iplt      0x00005e10        0x0 ./source/rtos/uCOSIII/src/uCOS-III/Source/os_cfg_app.o

.ARM.extab
 *(SORT_BY_ALIGNMENT(.ARM.extab*) SORT_BY_ALIGNMENT(.gnu.linkonce.armextab.*))

.ARM.exidx      0x00005e10        0x0
                0x00005e10                        __exidx_start = .
 *(SORT_BY_ALIGNMENT(.ARM.exidx*) SORT_BY_ALIGNMENT(.gnu.linkonce.armexidx.*))
                0x00005e10                        __exidx_end = .
                0x00005e10                        _etext = .

.m_usb_data
 *(SORT_BY_ALIGNMENT(m_usb_bdt))

.data_RAM2      0x1fff0000        0x0 load address 0x00005e10
 FILL mask 0xff
                [!provide]                        PROVIDE (__start_data_RAM2 = .)
                [!provide]                        PROVIDE (__start_data_SRAM_LOWER = .)
 *(SORT_BY_ALIGNMENT(.ramfunc.$RAM2))
 *(SORT_BY_ALIGNMENT(.ramfunc.$SRAM_LOWER))
 *(SORT_BY_ALIGNMENT(.data.$RAM2))
 *(SORT_BY_ALIGNMENT(.data.$SRAM_LOWER))
 *(SORT_BY_ALIGNMENT(.data.$RAM2.*))
 *(SORT_BY_ALIGNMENT(.data.$SRAM_LOWER.*))
                0x1fff0000                        . = ALIGN (0x8)
                [!provide]                        PROVIDE (__end_data_RAM2 = .)
                [!provide]                        PROVIDE (__end_data_SRAM_LOWER = .)

.data_RAM3      0x14000000        0x0 load address 0x00005e10
 FILL mask 0xff
                [!provide]                        PROVIDE (__start_data_RAM3 = .)
                [!provide]                        PROVIDE (__start_data_FLEX_RAM = .)
 *(SORT_BY_ALIGNMENT(.ramfunc.$RAM3))
 *(SORT_BY_ALIGNMENT(.ramfunc.$FLEX_RAM))
 *(SORT_BY_ALIGNMENT(.data.$RAM3))
 *(SORT_BY_ALIGNMENT(.data.$FLEX_RAM))
 *(SORT_BY_ALIGNMENT(.data.$RAM3.*))
 *(SORT_BY_ALIGNMENT(.data.$FLEX_RAM.*))
                0x14000000                        . = ALIGN (0x8)
                [!provide]                        PROVIDE (__end_data_RAM3 = .)
                [!provide]                        PROVIDE (__end_data_FLEX_RAM = .)

.uninit_RESERVED
                0x20000000        0x0
                0x20000000                        _start_uninit_RESERVED = .
 *(SORT_BY_ALIGNMENT(.bss.$RESERVED*))
                0x20000000                        . = ALIGN (0x8)
                0x20000000                        _end_uninit_RESERVED = .

.data           0x20000000        0x8 load address 0x00005e10
 FILL mask 0xff
                0x20000000                        _data = .
                [!provide]                        PROVIDE (__start_data_RAM = .)
                [!provide]                        PROVIDE (__start_data_SRAM_UPPER = .)
 *(SORT_BY_ALIGNMENT(vtable))
 *(SORT_BY_ALIGNMENT(.ramfunc*))
 *(SORT_BY_ALIGNMENT(CodeQuickAccess))
 *(SORT_BY_ALIGNMENT(DataQuickAccess))
 *(SORT_BY_ALIGNMENT(RamFunction))
 *(SORT_BY_ALIGNMENT(.data*))
 .data.SystemCoreClock
                0x20000000        0x4 ./SDK/CMSIS/system_MK64F12.o
                0x20000000                SystemCoreClock
 .data.brightness
                0x20000004        0x1 ./source/display_rtos.o
                0x20000004                brightness
                0x20000008                        . = ALIGN (0x8)
 *fill*         0x20000005        0x3 ff
                0x20000008                        _edata = .
                [!provide]                        PROVIDE (__end_data_RAM = .)
                [!provide]                        PROVIDE (__end_data_SRAM_UPPER = .)

.igot.plt       0x20000008        0x0 load address 0x00005e18
 .igot.plt      0x20000008        0x0 ./source/rtos/uCOSIII/src/uCOS-III/Source/os_cfg_app.o

.bss_RAM2       0x1fff0000        0x0
                [!provide]                        PROVIDE (__start_bss_RAM2 = .)
                [!provide]                        PROVIDE (__start_bss_SRAM_LOWER = .)
 *(SORT_BY_ALIGNMENT(.bss.$RAM2))
 *(SORT_BY_ALIGNMENT(.bss.$SRAM_LOWER))
 *(SORT_BY_ALIGNMENT(.bss.$RAM2.*))
 *(SORT_BY_ALIGNMENT(.bss.$SRAM_LOWER.*))
                0x1fff0000                        . = ALIGN ((. != 0x0)?0x8:0x1)
                [!provide]                        PROVIDE (__end_bss_RAM2 = .)
                [!provide]                        PROVIDE (__end_bss_SRAM_LOWER = .)

.bss_RAM3       0x14000000        0x0
                [!provide]                        PROVIDE (__start_bss_RAM3 = .)
                [!provide]                        PROVIDE (__start_bss_FLEX_RAM = .)
 *(SORT_BY_ALIGNMENT(.bss.$RAM3))
 *(SORT_BY_ALIGNMENT(.bss.$FLEX_RAM))
 *(SORT_BY_ALIGNMENT(.bss.$RAM3.*))
 *(SORT_BY_ALIGNMENT(.bss.$FLEX_RAM.*))
                0x14000000                        . = ALIGN ((. != 0x0)?0x8:0x1)
                [!provide]                        PROVIDE (__end_bss_RAM3 = .)
                [!provide]                        PROVIDE (__end_bss_FLEX_RAM = .)

.bss            0x20000008     0x2680
                0x20000008                        _bss = .
                [!provide]                        PROVIDE (__start_bss_RAM = .)
                [!provide]                        PROVIDE (__start_bss_SRAM_UPPER = .)
 *(SORT_BY_ALIGNMENT(.bss*))
 .bss.OSCfg_IdleTaskStk
                0x20000008      0x200 ./source/rtos/uCOSIII/src/uCOS-III/Source/os_cfg_app.o
                0x20000008                OSCfg_IdleTaskStk
 .bss.OSCfg_ISRStk
                0x20000208      0x200 ./source/rtos/uCOSIII/src/uCOS-III/Source/os_cfg_app.o
                0x20000208                OSCfg_ISRStk
 .bss.OSCfg_MsgPool
                0x20000408      0x640 ./source/rtos/uCOSIII/src/uCOS-III/Source/os_cfg_app.o
                0x20000408                OSCfg_MsgPool
 .bss.OSCfg_StatTaskStk
                0x20000a48      0x200 ./source/rtos/uCOSIII/src/uCOS-III/Source/os_cfg_app.o
                0x20000a48                OSCfg_StatTaskStk
 .bss.OSCfg_TickTaskStk
                0x20000c48      0x200 ./source/rtos/uCOSIII/src/uCOS-III/Source/os_cfg_app.o
                0x20000c48                OSCfg_TickTaskStk
 .bss.OSCfg_TmrTaskStk
                0x20000e48      0x200 ./source/rtos/uCOSIII/src/uCOS-III/Source/os_cfg_app.o
                0x20000e48                OSCfg_TmrTaskStk
 .bss.OSPrioTbl
                0x20001048        0x4 ./source/rtos/uCOSIII/src/uCOS-III/Source/os_prio.o
                0x20001048                OSPrioTbl
 .bss.OS_AppTaskCreateHookPtr
                0x2000104c        0x4 ./source/rtos/uCOSIII/src/uCOS-III/Source/os_var.o
                0x2000104c                OS_AppTaskCreateHookPtr
 .bss.OS_AppTaskDelHookPtr
                0x20001050        0x4 ./source/rtos/uCOSIII/src/uCOS-III/Source/os_var.o
                0x20001050                OS_AppTaskDelHookPtr
 .bss.OS_AppTaskReturnHookPtr
                0x20001054        0x4 ./source/rtos/uCOSIII/src/uCOS-III/Source/os_var.o
                0x20001054                OS_AppTaskReturnHookPtr
 .bss.OS_AppIdleTaskHookPtr
                0x20001058        0x4 ./source/rtos/uCOSIII/src/uCOS-III/Source/os_var.o
                0x20001058                OS_AppIdleTaskHookPtr
 .bss.OS_AppStatTaskHookPtr
                0x2000105c        0x4 ./source/rtos/uCOSIII/src/uCOS-III/Source/os_var.o
                0x2000105c                OS_AppStatTaskHookPtr
 .bss.OS_AppTaskSwHookPtr
                0x20001060        0x4 ./source/rtos/uCOSIII/src/uCOS-III/Source/os_var.o
                0x20001060                OS_AppTaskSwHookPtr
 .bss.OS_AppTimeTickHookPtr
                0x20001064        0x4 ./source/rtos/uCOSIII/src/uCOS-III/Source/os_var.o
                0x20001064                OS_AppTimeTickHookPtr
 .bss.OSIdleTaskCtr
                0x20001068        0x4 ./source/rtos/uCOSIII/src/uCOS-III/Source/os_var.o
                0x20001068                OSIdleTaskCtr
 .bss.OSIdleTaskTCB
                0x2000106c       0xc4 ./source/rtos/uCOSIII/src/uCOS-III/Source/os_var.o
                0x2000106c                OSIdleTaskTCB
 .bss.OSFlagDbgListPtr
                0x20001130        0x4 ./source/rtos/uCOSIII/src/uCOS-III/Source/os_var.o
                0x20001130                OSFlagDbgListPtr
 .bss.OSMemDbgListPtr
                0x20001134        0x4 ./source/rtos/uCOSIII/src/uCOS-III/Source/os_var.o
                0x20001134                OSMemDbgListPtr
 .bss.OSMsgPool
                0x20001138        0xc ./source/rtos/uCOSIII/src/uCOS-III/Source/os_var.o
                0x20001138                OSMsgPool
 .bss.OSMutexDbgListPtr
                0x20001144        0x4 ./source/rtos/uCOSIII/src/uCOS-III/Source/os_var.o
                0x20001144                OSMutexDbgListPtr
 .bss.OSQDbgListPtr
                0x20001148        0x4 ./source/rtos/uCOSIII/src/uCOS-III/Source/os_var.o
                0x20001148                OSQDbgListPtr
 .bss.OSRdyList
                0x2000114c      0x180 ./source/rtos/uCOSIII/src/uCOS-III/Source/os_var.o
                0x2000114c                OSRdyList
 .bss.OSSchedRoundRobinDfltTimeQuanta
                0x200012cc        0x4 ./source/rtos/uCOSIII/src/uCOS-III/Source/os_var.o
                0x200012cc                OSSchedRoundRobinDfltTimeQuanta
 .bss.OSSemDbgListPtr
                0x200012d0        0x4 ./source/rtos/uCOSIII/src/uCOS-III/Source/os_var.o
                0x200012d0                OSSemDbgListPtr
 .bss.OSStatTaskCtr
                0x200012d4        0x4 ./source/rtos/uCOSIII/src/uCOS-III/Source/os_var.o
                0x200012d4                OSStatTaskCtr
 .bss.OSStatTaskCtrMax
                0x200012d8        0x4 ./source/rtos/uCOSIII/src/uCOS-III/Source/os_var.o
                0x200012d8                OSStatTaskCtrMax
 .bss.OSStatTaskCtrRun
                0x200012dc        0x4 ./source/rtos/uCOSIII/src/uCOS-III/Source/os_var.o
                0x200012dc                OSStatTaskCtrRun
 .bss.OSStatTaskTCB
                0x200012e0       0xc4 ./source/rtos/uCOSIII/src/uCOS-III/Source/os_var.o
                0x200012e0                OSStatTaskTCB
 .bss.OSStatTaskTimeMax
                0x200013a4        0x4 ./source/rtos/uCOSIII/src/uCOS-III/Source/os_var.o
                0x200013a4                OSStatTaskTimeMax
 .bss.OSTaskCtxSwCtr
                0x200013a8        0x4 ./source/rtos/uCOSIII/src/uCOS-III/Source/os_var.o
                0x200013a8                OSTaskCtxSwCtr
 .bss.OSTaskDbgListPtr
                0x200013ac        0x4 ./source/rtos/uCOSIII/src/uCOS-III/Source/os_var.o
                0x200013ac                OSTaskDbgListPtr
 .bss.OSTickCtr
                0x200013b0        0x4 ./source/rtos/uCOSIII/src/uCOS-III/Source/os_var.o
                0x200013b0                OSTickCtr
 .bss.OSTickTaskTCB
                0x200013b4       0xc4 ./source/rtos/uCOSIII/src/uCOS-III/Source/os_var.o
                0x200013b4                OSTickTaskTCB
 .bss.OSTickTaskTimeMax
                0x20001478        0x4 ./source/rtos/uCOSIII/src/uCOS-III/Source/os_var.o
                0x20001478                OSTickTaskTimeMax
 .bss.OSTickListDly
                0x2000147c        0x8 ./source/rtos/uCOSIII/src/uCOS-III/Source/os_var.o
                0x2000147c                OSTickListDly
 .bss.OSTickListTimeout
                0x20001484        0x8 ./source/rtos/uCOSIII/src/uCOS-III/Source/os_var.o
                0x20001484                OSTickListTimeout
 .bss.OSTmrDbgListPtr
                0x2000148c        0x4 ./source/rtos/uCOSIII/src/uCOS-III/Source/os_var.o
                0x2000148c                OSTmrDbgListPtr
 .bss.OSTmrListPtr
                0x20001490        0x4 ./source/rtos/uCOSIII/src/uCOS-III/Source/os_var.o
                0x20001490                OSTmrListPtr
 .bss.OSTmrMutex
                0x20001494       0x30 ./source/rtos/uCOSIII/src/uCOS-III/Source/os_var.o
                0x20001494                OSTmrMutex
 .bss.OSTmrTaskTCB
                0x200014c4       0xc4 ./source/rtos/uCOSIII/src/uCOS-III/Source/os_var.o
                0x200014c4                OSTmrTaskTCB
 .bss.OSTmrTaskTimeMax
                0x20001588        0x4 ./source/rtos/uCOSIII/src/uCOS-III/Source/os_var.o
                0x20001588                OSTmrTaskTimeMax
 .bss.OSTmrTickCtr
                0x2000158c        0x4 ./source/rtos/uCOSIII/src/uCOS-III/Source/os_var.o
                0x2000158c                OSTmrTickCtr
 .bss.OSTmrUpdateCnt
                0x20001590        0x4 ./source/rtos/uCOSIII/src/uCOS-III/Source/os_var.o
                0x20001590                OSTmrUpdateCnt
 .bss.OSTmrUpdateCtr
                0x20001594        0x4 ./source/rtos/uCOSIII/src/uCOS-III/Source/os_var.o
                0x20001594                OSTmrUpdateCtr
 .bss.OSTCBCurPtr
                0x20001598        0x4 ./source/rtos/uCOSIII/src/uCOS-III/Source/os_var.o
                0x20001598                OSTCBCurPtr
 .bss.OSTCBHighRdyPtr
                0x2000159c        0x4 ./source/rtos/uCOSIII/src/uCOS-III/Source/os_var.o
                0x2000159c                OSTCBHighRdyPtr
 .bss.OS_CPU_ExceptStkBase
                0x200015a0        0x4 ./source/rtos/uCOSIII/src/uCOS-III/Ports/ARM-Cortex-M4/Generic/GNU/os_cpu_c.o
                0x200015a0                OS_CPU_ExceptStkBase
 .bss.CPU_TS_TmrFreq_Hz
                0x200015a4        0x4 ./source/rtos/uCOSIII/src/uC-CPU/cpu_core.o
                0x200015a4                CPU_TS_TmrFreq_Hz
 .bss.display_buffer
                0x200015a8       0x10 ./source/display_rtos.o
                0x200015a8                display_buffer
 .bss.mask      0x200015b8        0x4 ./source/display_rtos.o
 .bss.MyMutex   0x200015bc       0x30 ./source/display_rtos.o
 .bss.prev_message.1
                0x200015ec       0x14 ./source/display_rtos.o
 .bss.index.0   0x20001600        0x4 ./source/display_rtos.o
 .bss.state     0x20001604        0x4 ./source/main.o
                0x20001604                state
 .bss.scroll_string
                0x20001608       0x14 ./source/main.o
                0x20001608                scroll_string
 .bss.TaskStartTCB
                0x2000161c       0xc4 ./source/main.o
 .bss.TaskStartStk
                0x200016e0      0x800 ./source/main.o
 .bss.TaskDisplayTCB
                0x20001ee0       0xc4 ./source/main.o
 .bss.TaskDisplayStk
                0x20001fa4      0x400 ./source/main.o
 .bss.TaskScrollTCB
                0x200023a4       0xc4 ./source/main.o
 .bss.TaskScrollStk
                0x20002468      0x200 ./source/main.o
 .bss.OSFlagQty
                0x20002668        0x2 ./source/rtos/uCOSIII/src/uCOS-III/Source/os_var.o
                0x20002668                OSFlagQty
 .bss.OSMemQty  0x2000266a        0x2 ./source/rtos/uCOSIII/src/uCOS-III/Source/os_var.o
                0x2000266a                OSMemQty
 .bss.OSMutexQty
                0x2000266c        0x2 ./source/rtos/uCOSIII/src/uCOS-III/Source/os_var.o
                0x2000266c                OSMutexQty
 .bss.OSQQty    0x2000266e        0x2 ./source/rtos/uCOSIII/src/uCOS-III/Source/os_var.o
                0x2000266e                OSQQty
 .bss.OSSemQty  0x20002670        0x2 ./source/rtos/uCOSIII/src/uCOS-III/Source/os_var.o
                0x20002670                OSSemQty
 .bss.OSStatTaskCPUUsage
                0x20002672        0x2 ./source/rtos/uCOSIII/src/uCOS-III/Source/os_var.o
                0x20002672                OSStatTaskCPUUsage
 .bss.OSStatTaskCPUUsageMax
                0x20002674        0x2 ./source/rtos/uCOSIII/src/uCOS-III/Source/os_var.o
                0x20002674                OSStatTaskCPUUsageMax
 .bss.OSTaskQty
                0x20002676        0x2 ./source/rtos/uCOSIII/src/uCOS-III/Source/os_var.o
                0x20002676                OSTaskQty
 .bss.OSTmrListEntries
                0x20002678        0x2 ./source/rtos/uCOSIII/src/uCOS-III/Source/os_var.o
                0x20002678                OSTmrListEntries
 .bss.OSIntNestingCtr
                0x2000267a        0x1 ./source/rtos/uCOSIII/src/uCOS-III/Source/os_var.o
                0x2000267a                OSIntNestingCtr
 .bss.OSRunning
                0x2000267b        0x1 ./source/rtos/uCOSIII/src/uCOS-III/Source/os_var.o
                0x2000267b                OSRunning
 .bss.OSPrioCur
                0x2000267c        0x1 ./source/rtos/uCOSIII/src/uCOS-III/Source/os_var.o
                0x2000267c                OSPrioCur
 .bss.OSPrioHighRdy
                0x2000267d        0x1 ./source/rtos/uCOSIII/src/uCOS-III/Source/os_var.o
                0x2000267d                OSPrioHighRdy
 .bss.OSPrioSaved
                0x2000267e        0x1 ./source/rtos/uCOSIII/src/uCOS-III/Source/os_var.o
                0x2000267e                OSPrioSaved
 .bss.OSSchedLockNestingCtr
                0x2000267f        0x1 ./source/rtos/uCOSIII/src/uCOS-III/Source/os_var.o
                0x2000267f                OSSchedLockNestingCtr
 .bss.OSSchedRoundRobinEn
                0x20002680        0x1 ./source/rtos/uCOSIII/src/uCOS-III/Source/os_var.o
                0x20002680                OSSchedRoundRobinEn
 .bss.OSStatResetFlag
                0x20002681        0x1 ./source/rtos/uCOSIII/src/uCOS-III/Source/os_var.o
                0x20002681                OSStatResetFlag
 .bss.OSStatTaskRdy
                0x20002682        0x1 ./source/rtos/uCOSIII/src/uCOS-III/Source/os_var.o
                0x20002682                OSStatTaskRdy
 .bss.OSTaskRegNextAvailID
                0x20002683        0x1 ./source/rtos/uCOSIII/src/uCOS-III/Source/os_var.o
                0x20002683                OSTaskRegNextAvailID
 .bss.selected_led
                0x20002684        0x1 ./source/display_rtos.o
 .bss.digit.3   0x20002685        0x1 ./source/display_rtos.o
 .bss.pwm_counter.2
                0x20002686        0x1 ./source/display_rtos.o
 *(SORT_BY_ALIGNMENT(COMMON))
                0x20002688                        . = ALIGN (0x8)
 *fill*         0x20002687        0x1 
                0x20002688                        _ebss = .
                [!provide]                        PROVIDE (__end_bss_RAM = .)
                [!provide]                        PROVIDE (__end_bss_SRAM_UPPER = .)
                [!provide]                        PROVIDE (end = .)

.noinit_RAM2    0x1fff0000        0x0
                [!provide]                        PROVIDE (__start_noinit_RAM2 = .)
                [!provide]                        PROVIDE (__start_noinit_SRAM_LOWER = .)
 *(SORT_BY_ALIGNMENT(.noinit.$RAM2))
 *(SORT_BY_ALIGNMENT(.noinit.$SRAM_LOWER))
 *(SORT_BY_ALIGNMENT(.noinit.$RAM2.*))
 *(SORT_BY_ALIGNMENT(.noinit.$SRAM_LOWER.*))
                0x1fff0000                        . = ALIGN (0x8)
                [!provide]                        PROVIDE (__end_noinit_RAM2 = .)
                [!provide]                        PROVIDE (__end_noinit_SRAM_LOWER = .)

.noinit_RAM3    0x14000000        0x0
                [!provide]                        PROVIDE (__start_noinit_RAM3 = .)
                [!provide]                        PROVIDE (__start_noinit_FLEX_RAM = .)
 *(SORT_BY_ALIGNMENT(.noinit.$RAM3))
 *(SORT_BY_ALIGNMENT(.noinit.$FLEX_RAM))
 *(SORT_BY_ALIGNMENT(.noinit.$RAM3.*))
 *(SORT_BY_ALIGNMENT(.noinit.$FLEX_RAM.*))
                0x14000000                        . = ALIGN (0x8)
                [!provide]                        PROVIDE (__end_noinit_RAM3 = .)
                [!provide]                        PROVIDE (__end_noinit_FLEX_RAM = .)

.noinit         0x20002688        0x0
                0x20002688                        _noinit = .
                [!provide]                        PROVIDE (__start_noinit_RAM = .)
                [!provide]                        PROVIDE (__start_noinit_SRAM_UPPER = .)
 *(SORT_BY_ALIGNMENT(.noinit*))
                0x20002688                        . = ALIGN (0x8)
                0x20002688                        _end_noinit = .
                [!provide]                        PROVIDE (__end_noinit_RAM = .)
                [!provide]                        PROVIDE (__end_noinit_SRAM_UPPER = .)
                0x00001000                        _HeapSize = 0x1000

.heap           0x20002688     0x1000
                0x20002688                        _pvHeapStart = .
                0x20003688                        . = (. + _HeapSize)
 *fill*         0x20002688     0x1000 
                0x20003688                        . = ALIGN (0x8)
                0x20003688                        _pvHeapLimit = .
                0x00001000                        _StackSize = 0x1000

.heap2stackfill
                0x20003688     0x1000
                0x20004688                        . = (. + _StackSize)
 *fill*         0x20003688     0x1000 

.stack          0x2002f000        0x0
                0x2002f000                        _vStackBase = .
                0x2002f000                        . = ALIGN (0x8)
                0x20030000                        _vStackTop = (. + _StackSize)
                0x00000000                        _image_start = LOADADDR (.text)
                0x00005e18                        _image_end = (LOADADDR (.data) + SIZEOF (.data))
                0x00005e18                        _image_size = (_image_end - _image_start)
OUTPUT(rtos2.axf elf32-littlearm)
LOAD linker stubs

.debug_info     0x00000000    0x15f70
 .debug_info    0x00000000      0x68e ./source/rtos/uCOSIII/src/uCOS-III/Source/os_cfg_app.o
 .debug_info    0x0000068e     0x1b2f ./source/rtos/uCOSIII/src/uCOS-III/Source/os_core.o
 .debug_info    0x000021bd     0x10b9 ./source/rtos/uCOSIII/src/uCOS-III/Source/os_dbg.o
 .debug_info    0x00003276     0x1320 ./source/rtos/uCOSIII/src/uCOS-III/Source/os_flag.o
 .debug_info    0x00004596      0x858 ./source/rtos/uCOSIII/src/uCOS-III/Source/os_mem.o
 .debug_info    0x00004dee      0x892 ./source/rtos/uCOSIII/src/uCOS-III/Source/os_msg.o
 .debug_info    0x00005680     0x1237 ./source/rtos/uCOSIII/src/uCOS-III/Source/os_mutex.o
 .debug_info    0x000068b7      0x1ec ./source/rtos/uCOSIII/src/uCOS-III/Source/os_prio.o
 .debug_info    0x00006aa3     0x1361 ./source/rtos/uCOSIII/src/uCOS-III/Source/os_q.o
 .debug_info    0x00007e04     0x12b5 ./source/rtos/uCOSIII/src/uCOS-III/Source/os_sem.o
 .debug_info    0x000090b9     0x118e ./source/rtos/uCOSIII/src/uCOS-III/Source/os_stat.o
 .debug_info    0x0000a247     0x19f8 ./source/rtos/uCOSIII/src/uCOS-III/Source/os_task.o
 .debug_info    0x0000bc3f     0x10e5 ./source/rtos/uCOSIII/src/uCOS-III/Source/os_tick.o
 .debug_info    0x0000cd24     0x1068 ./source/rtos/uCOSIII/src/uCOS-III/Source/os_time.o
 .debug_info    0x0000dd8c     0x1428 ./source/rtos/uCOSIII/src/uCOS-III/Source/os_tmr.o
 .debug_info    0x0000f1b4     0x1099 ./source/rtos/uCOSIII/src/uCOS-III/Source/os_var.o
 .debug_info    0x0001024d       0x24 ./source/rtos/uCOSIII/src/uCOS-III/Ports/ARM-Cortex-M4/Generic/GNU/os_cpu_a.o
 .debug_info    0x00010271      0xb04 ./source/rtos/uCOSIII/src/uCOS-III/Ports/ARM-Cortex-M4/Generic/GNU/os_cpu_c.o
 .debug_info    0x00010d75       0x23 ./source/rtos/uCOSIII/src/uC-CPU/ARM-Cortex-M4/GNU/cpu_a.o
 .debug_info    0x00010d98      0x497 ./source/rtos/uCOSIII/src/uC-CPU/cpu_core.o
 .debug_info    0x0001122f      0x196 ./source/rtos/uCOSIII/BSP/cpu_bsp.o
 .debug_info    0x000113c5     0x12e1 ./source/display_rtos.o
 .debug_info    0x000126a6      0xad1 ./source/gpio.o
 .debug_info    0x00013177     0x1075 ./source/main.o
 .debug_info    0x000141ec      0x648 ./SDK/startup/hardware.o
 .debug_info    0x00014834       0x3c ./SDK/startup/semihost_hardfault.o
 .debug_info    0x00014870      0xd0c ./SDK/startup/startup_mk64f12.o
 .debug_info    0x0001557c      0x63b ./SDK/CMSIS/system_MK64F12.o
 .debug_info    0x00015bb7       0xfe C:/nxp/MCUXpressoIDE_11.10.0_3148/ide/plugins/com.nxp.mcuxpresso.tools.win32_11.10.0.202311280810/tools/bin/../lib/gcc/arm-none-eabi/13.2.1/../../../../arm-none-eabi/lib/thumb/v7e-m+fp/hard\libcr_c.a(strcmp.o)
 .debug_info    0x00015cb5       0xe0 C:/nxp/MCUXpressoIDE_11.10.0_3148/ide/plugins/com.nxp.mcuxpresso.tools.win32_11.10.0.202311280810/tools/bin/../lib/gcc/arm-none-eabi/13.2.1/../../../../arm-none-eabi/lib/thumb/v7e-m+fp/hard\libcr_c.a(strcpy.o)
 .debug_info    0x00015d95       0xe1 C:/nxp/MCUXpressoIDE_11.10.0_3148/ide/plugins/com.nxp.mcuxpresso.tools.win32_11.10.0.202311280810/tools/bin/../lib/gcc/arm-none-eabi/13.2.1/../../../../arm-none-eabi/lib/thumb/v7e-m+fp/hard\libcr_c.a(strlen.o)
 .debug_info    0x00015e76       0xfa C:/nxp/MCUXpressoIDE_11.10.0_3148/ide/plugins/com.nxp.mcuxpresso.tools.win32_11.10.0.202311280810/tools/bin/../lib/gcc/arm-none-eabi/13.2.1/../../../../arm-none-eabi/lib/thumb/v7e-m+fp/hard\libcr_c.a(strncpy.o)

.debug_abbrev   0x00000000     0x30cf
 .debug_abbrev  0x00000000      0x104 ./source/rtos/uCOSIII/src/uCOS-III/Source/os_cfg_app.o
 .debug_abbrev  0x00000104      0x238 ./source/rtos/uCOSIII/src/uCOS-III/Source/os_core.o
 .debug_abbrev  0x0000033c       0xf7 ./source/rtos/uCOSIII/src/uCOS-III/Source/os_dbg.o
 .debug_abbrev  0x00000433      0x23d ./source/rtos/uCOSIII/src/uCOS-III/Source/os_flag.o
 .debug_abbrev  0x00000670      0x1af ./source/rtos/uCOSIII/src/uCOS-III/Source/os_mem.o
 .debug_abbrev  0x0000081f      0x194 ./source/rtos/uCOSIII/src/uCOS-III/Source/os_msg.o
 .debug_abbrev  0x000009b3      0x23d ./source/rtos/uCOSIII/src/uCOS-III/Source/os_mutex.o
 .debug_abbrev  0x00000bf0      0x11e ./source/rtos/uCOSIII/src/uCOS-III/Source/os_prio.o
 .debug_abbrev  0x00000d0e      0x254 ./source/rtos/uCOSIII/src/uCOS-III/Source/os_q.o
 .debug_abbrev  0x00000f62      0x23d ./source/rtos/uCOSIII/src/uCOS-III/Source/os_sem.o
 .debug_abbrev  0x0000119f      0x1cc ./source/rtos/uCOSIII/src/uCOS-III/Source/os_stat.o
 .debug_abbrev  0x0000136b      0x259 ./source/rtos/uCOSIII/src/uCOS-III/Source/os_task.o
 .debug_abbrev  0x000015c4      0x258 ./source/rtos/uCOSIII/src/uCOS-III/Source/os_tick.o
 .debug_abbrev  0x0000181c      0x21b ./source/rtos/uCOSIII/src/uCOS-III/Source/os_time.o
 .debug_abbrev  0x00001a37      0x289 ./source/rtos/uCOSIII/src/uCOS-III/Source/os_tmr.o
 .debug_abbrev  0x00001cc0       0xc6 ./source/rtos/uCOSIII/src/uCOS-III/Source/os_var.o
 .debug_abbrev  0x00001d86       0x14 ./source/rtos/uCOSIII/src/uCOS-III/Ports/ARM-Cortex-M4/Generic/GNU/os_cpu_a.o
 .debug_abbrev  0x00001d9a      0x263 ./source/rtos/uCOSIII/src/uCOS-III/Ports/ARM-Cortex-M4/Generic/GNU/os_cpu_c.o
 .debug_abbrev  0x00001ffd       0x14 ./source/rtos/uCOSIII/src/uC-CPU/ARM-Cortex-M4/GNU/cpu_a.o
 .debug_abbrev  0x00002011      0x1f1 ./source/rtos/uCOSIII/src/uC-CPU/cpu_core.o
 .debug_abbrev  0x00002202       0xfb ./source/rtos/uCOSIII/BSP/cpu_bsp.o
 .debug_abbrev  0x000022fd      0x2b0 ./source/display_rtos.o
 .debug_abbrev  0x000025ad      0x211 ./source/gpio.o
 .debug_abbrev  0x000027be      0x265 ./source/main.o
 .debug_abbrev  0x00002a23       0xf2 ./SDK/startup/hardware.o
 .debug_abbrev  0x00002b15       0x31 ./SDK/startup/semihost_hardfault.o
 .debug_abbrev  0x00002b46      0x19a ./SDK/startup/startup_mk64f12.o
 .debug_abbrev  0x00002ce0      0x148 ./SDK/CMSIS/system_MK64F12.o
 .debug_abbrev  0x00002e28       0xa1 C:/nxp/MCUXpressoIDE_11.10.0_3148/ide/plugins/com.nxp.mcuxpresso.tools.win32_11.10.0.202311280810/tools/bin/../lib/gcc/arm-none-eabi/13.2.1/../../../../arm-none-eabi/lib/thumb/v7e-m+fp/hard\libcr_c.a(strcmp.o)
 .debug_abbrev  0x00002ec9       0xa9 C:/nxp/MCUXpressoIDE_11.10.0_3148/ide/plugins/com.nxp.mcuxpresso.tools.win32_11.10.0.202311280810/tools/bin/../lib/gcc/arm-none-eabi/13.2.1/../../../../arm-none-eabi/lib/thumb/v7e-m+fp/hard\libcr_c.a(strcpy.o)
 .debug_abbrev  0x00002f72       0xa7 C:/nxp/MCUXpressoIDE_11.10.0_3148/ide/plugins/com.nxp.mcuxpresso.tools.win32_11.10.0.202311280810/tools/bin/../lib/gcc/arm-none-eabi/13.2.1/../../../../arm-none-eabi/lib/thumb/v7e-m+fp/hard\libcr_c.a(strlen.o)