Archive member included to satisfy reference by file (symbol)

C:/nxp/MCUXpressoIDE_11.10.0_3148/ide/plugins/com.nxp.mcuxpresso.tools.win32_11.10.0.202311280810/tools/bin/../lib/gcc/arm-none-eabi/13.2.1/../../../../arm-none-eabi/lib/thumb/v7e-m+fp/hard\libcr_c.a(strlen.o)
                              ./source/main.o (strlen)
C:/nxp/MCUXpressoIDE_11.10.0_3148/ide/plugins/com.nxp.mcuxpresso.tools.win32_11.10.0.202311280810/tools/bin/../lib/gcc/arm-none-eabi/13.2.1/thumb/v7e-m+fp/hard\libcr_eabihelpers.a(division_64.o)
                              ./source/rtos/uCOSIII/BSP/cpu_bsp.o (__aeabi_uldivmod)
C:/nxp/MCUXpressoIDE_11.10.0_3148/ide/plugins/com.nxp.mcuxpresso.tools.win32_11.10.0.202311280810/tools/bin/../lib/gcc/arm-none-eabi/13.2.1/thumb/v7e-m+fp/hard\libcr_eabihelpers.a(division_idiv0.o)
                              C:/nxp/MCUXpressoIDE_11.10.0_3148/ide/plugins/com.nxp.mcuxpresso.tools.win32_11.10.0.202311280810/tools/bin/../lib/gcc/arm-none-eabi/13.2.1/thumb/v7e-m+fp/hard\libcr_eabihelpers.a(division_64.o) (__aeabi_idiv0)

Discarded input sections

 .group         0x00000000        0xc ./source/rtos/uCOSIII/src/uCOS-III/Source/os_cfg_app.o
 .group         0x00000000        0xc ./source/rtos/uCOSIII/src/uCOS-III/Source/os_cfg_app.o
 .group         0x00000000        0xc ./source/rtos/uCOSIII/src/uCOS-III/Source/os_cfg_app.o
 .group         0x00000000        0xc ./source/rtos/uCOSIII/src/uCOS-III/Source/os_cfg_app.o
 .group         0x00000000        0xc ./source/rtos/uCOSIII/src/uCOS-III/Source/os_cfg_app.o
 .group         0x00000000        0xc ./source/rtos/uCOSIII/src/uCOS-III/Source/os_cfg_app.o
 .group         0x00000000        0xc ./source/rtos/uCOSIII/src/uCOS-III/Source/os_cfg_app.o
 .group         0x00000000        0xc ./source/rtos/uCOSIII/src/uCOS-III/Source/os_cfg_app.o
 .group         0x00000000        0xc ./source/rtos/uCOSIII/src/uCOS-III/Source/os_cfg_app.o
 .group         0x00000000        0xc ./source/rtos/uCOSIII/src/uCOS-III/Source/os_cfg_app.o
 .group         0x00000000        0xc ./source/rtos/uCOSIII/src/uCOS-III/Source/os_cfg_app.o
 .group         0x00000000        0xc ./source/rtos/uCOSIII/src/uCOS-III/Source/os_cfg_app.o
 .text          0x00000000        0x0 ./source/rtos/uCOSIII/src/uCOS-III/Source/os_cfg_app.o
 .data          0x00000000        0x0 ./source/rtos/uCOSIII/src/uCOS-III/Source/os_cfg_app.o
 .bss           0x00000000        0x0 ./source/rtos/uCOSIII/src/uCOS-III/Source/os_cfg_app.o
 .rodata.OSCfg_IdleTaskStkSizeRAM
                0x00000000        0x4 ./source/rtos/uCOSIII/src/uCOS-III/Source/os_cfg_app.o
 .rodata.OSCfg_IntQBasePtr
                0x00000000        0x4 ./source/rtos/uCOSIII/src/uCOS-III/Source/os_cfg_app.o
 .rodata.OSCfg_IntQSize
                0x00000000        0x2 ./source/rtos/uCOSIII/src/uCOS-III/Source/os_cfg_app.o
 .rodata.OSCfg_IntQSizeRAM
                0x00000000        0x4 ./source/rtos/uCOSIII/src/uCOS-III/Source/os_cfg_app.o
 .rodata.OSCfg_IntQTaskStkBasePtr
                0x00000000        0x4 ./source/rtos/uCOSIII/src/uCOS-III/Source/os_cfg_app.o
 .rodata.OSCfg_IntQTaskStkLimit
                0x00000000        0x4 ./source/rtos/uCOSIII/src/uCOS-III/Source/os_cfg_app.o
 .rodata.OSCfg_IntQTaskStkSize
                0x00000000        0x4 ./source/rtos/uCOSIII/src/uCOS-III/Source/os_cfg_app.o
 .rodata.OSCfg_IntQTaskStkSizeRAM
                0x00000000        0x4 ./source/rtos/uCOSIII/src/uCOS-III/Source/os_cfg_app.o
 .rodata.OSCfg_ISRStkSizeRAM
                0x00000000        0x4 ./source/rtos/uCOSIII/src/uCOS-III/Source/os_cfg_app.o
 .rodata.OSCfg_MsgPoolSizeRAM
                0x00000000        0x4 ./source/rtos/uCOSIII/src/uCOS-III/Source/os_cfg_app.o
 .rodata.OSCfg_StatTaskStkSizeRAM
                0x00000000        0x4 ./source/rtos/uCOSIII/src/uCOS-III/Source/os_cfg_app.o
 .rodata.OSCfg_TickTaskStkSizeRAM
                0x00000000        0x4 ./source/rtos/uCOSIII/src/uCOS-III/Source/os_cfg_app.o
 .rodata.OSCfg_TmrTaskStkSizeRAM
                0x00000000        0x4 ./source/rtos/uCOSIII/src/uCOS-III/Source/os_cfg_app.o
 .rodata.OSCfg_DataSizeRAM
                0x00000000        0x4 ./source/rtos/uCOSIII/src/uCOS-III/Source/os_cfg_app.o
 .group         0x00000000        0xc ./source/rtos/uCOSIII/src/uCOS-III/Source/os_core.o
 .group         0x00000000        0xc ./source/rtos/uCOSIII/src/uCOS-III/Source/os_core.o
 .group         0x00000000        0xc ./source/rtos/uCOSIII/src/uCOS-III/Source/os_core.o
 .group         0x00000000        0xc ./source/rtos/uCOSIII/src/uCOS-III/Source/os_core.o
 .group         0x00000000        0xc ./source/rtos/uCOSIII/src/uCOS-III/Source/os_core.o
 .group         0x00000000        0xc ./source/rtos/uCOSIII/src/uCOS-III/Source/os_core.o
 .group         0x00000000        0xc ./source/rtos/uCOSIII/src/uCOS-III/Source/os_core.o
 .group         0x00000000        0xc ./source/rtos/uCOSIII/src/uCOS-III/Source/os_core.o
[...]
Memory Configuration

Name             Origin             Length             Attributes
PROGRAM_FLASH    0x00000000         0x00100000         xr
SRAM_UPPER       0x20000000         0x00030000         xrw
SRAM_LOWER       0x1fff0000         0x00010000         xrw
FLEX_RAM         0x14000000         0x00001000         xrw
*default*        0x00000000         0xffffffff

Linker script and memory map

LOAD ./source/rtos/uCOSIII/src/uCOS-III/Source/os_cfg_app.o
LOAD ./source/rtos/uCOSIII/src/uCOS-III/Source/os_core.o
LOAD ./source/rtos/uCOSIII/src/uCOS-III/Source/os_dbg.o
LOAD ./source/rtos/uCOSIII/src/uCOS-III/Source/os_flag.o
LOAD ./source/rtos/uCOSIII/src/uCOS-III/Source/os_int.o
LOAD ./source/rtos/uCOSIII/src/uCOS-III/Source/os_mem.o
LOAD ./source/rtos/uCOSIII/src/uCOS-III/Source/os_msg.o
LOAD ./source/rtos/uCOSIII/src/uCOS-III/Source/os_mutex.o
LOAD ./source/rtos/uCOSIII/src/uCOS-III/Source/os_pend_multi.o
LOAD ./source/rtos/uCOSIII/src/uCOS-III/Source/os_prio.o
LOAD ./source/rtos/uCOSIII/src/uCOS-III/Source/os_q.o
LOAD ./source/rtos/uCOSIII/src/uCOS-III/Source/os_sem.o
LOAD ./source/rtos/uCOSIII/src/uCOS-III/Source/os_stat.o
LOAD ./source/rtos/uCOSIII/src/uCOS-III/Source/os_task.o
LOAD ./source/rtos/uCOSIII/src/uCOS-III/Source/os_tick.o
LOAD ./source/rtos/uCOSIII/src/uCOS-III/Source/os_time.o
LOAD ./source/rtos/uCOSIII/src/uCOS-III/Source/os_tmr.o
LOAD ./source/rtos/uCOSIII/src/uCOS-III/Source/os_var.o
LOAD ./source/rtos/uCOSIII/src/uCOS-III/Ports/ARM-Cortex-M4/Generic/GNU/os_cpu_a.o
LOAD ./source/rtos/uCOSIII/src/uCOS-III/Ports/ARM-Cortex-M4/Generic/GNU/os_cpu_c.o
LOAD ./source/rtos/uCOSIII/src/uC-CPU/ARM-Cortex-M4/GNU/cpu_a.o
LOAD ./source/rtos/uCOSIII/src/uC-CPU/ARM-Cortex-M4/GNU/cpu_c.o
LOAD ./source/rtos/uCOSIII/src/uC-CPU/cpu_core.o
LOAD ./source/rtos/uCOSIII/BSP/cpu_bsp.o
LOAD ./source/SysTick.o
LOAD ./source/display.o
LOAD ./source/display_rtos.o
LOAD ./source/gpio.o
LOAD ./source/main.o
LOAD ./SDK/startup/hardware.o
LOAD ./SDK/startup/semihost_hardfault.o
LOAD ./SDK/startup/startup_mk64f12.o
LOAD ./SDK/CMSIS/system_MK64F12.o
START GROUP
LOAD C:/nxp/MCUXpressoIDE_11.10.0_3148/ide/plugins/com.nxp.mcuxpresso.tools.win32_11.10.0.202311280810/tools/bin/../lib/gcc/arm-none-eabi/13.2.1/../../../../arm-none-eabi/lib/thumb/v7e-m+fp/hard\libcr_c.a
LOAD C:/nxp/MCUXpressoIDE_11.10.0_3148/ide/plugins/com.nxp.mcuxpresso.tools.win32_11.10.0.202311280810/tools/bin/../lib/gcc/arm-none-eabi/13.2.1/thumb/v7e-m+fp/hard\libcr_eabihelpers.a
LOAD C:/nxp/MCUXpressoIDE_11.10.0_3148/ide/plugins/com.nxp.mcuxpresso.tools.win32_11.10.0.202311280810/tools/bin/../lib/gcc/arm-none-eabi/13.2.1/thumb/v7e-m+fp/hard\libgcc.a
END GROUP
                0x00000000                        __base_PROGRAM_FLASH = 0x0
                0x00000000                        __base_Flash = 0x0
                0x00100000                        __top_PROGRAM_FLASH = 0x100000
                0x00100000                        __top_Flash = 0x100000
                0x20000000                        __base_SRAM_UPPER = 0x20000000
                0x20000000                        __base_RAM = 0x20000000
                0x20030000                        __top_SRAM_UPPER = 0x20030000
                0x20030000                        __top_RAM = 0x20030000
                0x1fff0000                        __base_SRAM_LOWER = 0x1fff0000
                0x1fff0000                        __base_RAM2 = 0x1fff0000
                0x20000000                        __top_SRAM_LOWER = 0x20000000
                0x20000000                        __top_RAM2 = 0x20000000
                0x14000000                        __base_FLEX_RAM = 0x14000000
                0x14000000                        __base_RAM3 = 0x14000000
                0x14001000                        __top_FLEX_RAM = 0x14001000
                0x14001000                        __top_RAM3 = 0x14001000

.text           0x00000000     0x5ab8
 FILL mask 0xff
                0x00000000                        __vectors_start__ = ABSOLUTE (.)
 *(SORT_BY_ALIGNMENT(.isr_vector))
 .isr_vector    0x00000000      0x198 ./SDK/startup/startup_mk64f12.o
                0x00000000                g_pfnVectors
                0x00000000                __Vectors
                0x00000198                        . = ALIGN (0x4)
                0x00000198                        __section_table_start = .
                0x00000198                        __data_section_table = .
                0x00000198        0x4 LONG 0x5ab8 LOADADDR (.data)
                0x0000019c        0x4 LONG 0x20000000 ADDR (.data)
                0x000001a0        0x4 LONG 0x8 SIZEOF (.data)
                0x000001a4        0x4 LONG 0x5ab8 LOADADDR (.data_RAM2)
                0x000001a8        0x4 LONG 0x1fff0000 ADDR (.data_RAM2)
                0x000001ac        0x4 LONG 0x0 SIZEOF (.data_RAM2)
                0x000001b0        0x4 LONG 0x5ab8 LOADADDR (.data_RAM3)
                0x000001b4        0x4 LONG 0x14000000 ADDR (.data_RAM3)
                0x000001b8        0x4 LONG 0x0 SIZEOF (.data_RAM3)
                0x000001bc                        __data_section_table_end = .
                0x000001bc                        __bss_section_table = .
                0x000001bc        0x4 LONG 0x20000008 ADDR (.bss)
                0x000001c0        0x4 LONG 0x2390 SIZEOF (.bss)
                0x000001c4        0x4 LONG 0x1fff0000 ADDR (.bss_RAM2)
                0x000001c8        0x4 LONG 0x0 SIZEOF (.bss_RAM2)
                0x000001cc        0x4 LONG 0x14000000 ADDR (.bss_RAM3)
                0x000001d0        0x4 LONG 0x0 SIZEOF (.bss_RAM3)
                0x000001d4                        __bss_section_table_end = .
                0x000001d4                        __section_table_end = .
 *(SORT_BY_ALIGNMENT(.after_vectors*))
 .after_vectors.reset
                0x000001d4       0x4c ./SDK/startup/startup_mk64f12.o
                0x000001d4                ResetISR
 .after_vectors.init_data
                0x00000220       0x1e ./SDK/startup/startup_mk64f12.o
                0x00000220                data_init
 .after_vectors.init_bss
                0x0000023e       0x12 ./SDK/startup/startup_mk64f12.o
                0x0000023e                bss_init
 .after_vectors
                0x00000250       0x14 ./SDK/startup/startup_mk64f12.o
                0x00000250                NMI_Handler
                0x00000254                MemManage_Handler
                0x00000256                BusFault_Handler
                0x00000258                UsageFault_Handler
                0x0000025a                SVC_Handler
                0x0000025c                DebugMon_Handler
                0x00000262                DMA_Error_DriverIRQHandler
                0x00000262                LPTMR0_DriverIRQHandler
                0x00000262                FTM1_DriverIRQHandler
                0x00000262                FTM2_DriverIRQHandler
                0x00000262                PIT2_DriverIRQHandler
                0x00000262                SDHC_DriverIRQHandler
                0x00000262                I2S0_Tx_DriverIRQHandler
                0x00000262                RTC_Seconds_DriverIRQHandler
                0x00000262                DMA6_DriverIRQHandler
                0x00000262                LLWU_DriverIRQHandler
                0x00000262                MCM_DriverIRQHandler
                0x00000262                MCG_DriverIRQHandler
                0x00000262                ENET_1588_Timer_DriverIRQHandler
                0x00000262                I2C2_DriverIRQHandler
                0x00000262                DAC1_DriverIRQHandler
                0x00000262                SPI1_DriverIRQHandler
                0x00000262                CMP1_DriverIRQHandler
                0x00000262                UART5_RX_TX_DriverIRQHandler
                0x00000262                FTM0_DriverIRQHandler
                0x00000262                IntDefaultHandler
                0x00000262                USB0_DriverIRQHandler
                0x00000262                UART5_ERR_DriverIRQHandler
                0x00000262                PORTC_DriverIRQHandler
                0x00000262                DMA11_DriverIRQHandler
                0x00000262                DAC0_DriverIRQHandler
                0x00000262                DMA10_DriverIRQHandler
                0x00000262                CMP2_DriverIRQHandler
                0x00000262                UART2_ERR_DriverIRQHandler
                0x00000262                SPI2_DriverIRQHandler
                0x00000262                LVD_LVW_DriverIRQHandler
                0x00000262                PIT0_DriverIRQHandler
                0x00000262                RNG_DriverIRQHandler
                0x00000262                DMA5_DriverIRQHandler
                0x00000262                DMA12_DriverIRQHandler
                0x00000262                UART2_RX_TX_DriverIRQHandler
                0x00000262                USBDCD_DriverIRQHandler
                0x00000262                UART3_ERR_DriverIRQHandler
                0x00000262                DMA3_DriverIRQHandler
                0x00000262                DMA8_DriverIRQHandler
                0x00000262                DMA9_DriverIRQHandler
                0x00000262                UART0_ERR_DriverIRQHandler
                0x00000262                CMT_DriverIRQHandler
                0x00000262                Reserved71_DriverIRQHandler
                0x00000262                ADC1_DriverIRQHandler
                0x00000262                PORTA_DriverIRQHandler
                0x00000262                DMA14_DriverIRQHandler
                0x00000262                PIT3_DriverIRQHandler
                0x00000262                PIT1_DriverIRQHandler
                0x00000262                WDOG_EWM_DriverIRQHandler
                0x00000262                PDB0_DriverIRQHandler
                0x00000262                RTC_DriverIRQHandler
                0x00000262                I2S0_Rx_DriverIRQHandler
                0x00000262                Read_Collision_DriverIRQHandler
                0x00000262                SWI_DriverIRQHandler
                0x00000262                UART4_RX_TX_DriverIRQHandler
                0x00000262                UART4_ERR_DriverIRQHandler
                0x00000262                PORTB_DriverIRQHandler
                0x00000262                UART0_LON_DriverIRQHandler
                0x00000262                DMA0_DriverIRQHandler
                0x00000262                DMA1_DriverIRQHandler
                0x00000262                I2C1_DriverIRQHandler
                0x00000262                UART3_RX_TX_DriverIRQHandler
                0x00000262                ENET_Receive_DriverIRQHandler
                0x00000262                DMA13_DriverIRQHandler
                0x00000262                ENET_Error_DriverIRQHandler
                0x00000262                DMA15_DriverIRQHandler
                0x00000262                UART0_RX_TX_DriverIRQHandler
                0x00000262                SPI0_DriverIRQHandler
                0x00000262                ADC0_DriverIRQHandler
                0x00000262                CMP0_DriverIRQHandler
                0x00000262                CAN0_DriverIRQHandler
                0x00000262                FTM3_DriverIRQHandler
                0x00000262                DMA4_DriverIRQHandler
                0x00000262                UART1_ERR_DriverIRQHandler
                0x00000262                DMA2_DriverIRQHandler
                0x00000262                ENET_Transmit_DriverIRQHandler
                0x00000262                PORTD_DriverIRQHandler
                0x00000262                PORTE_DriverIRQHandler
                0x00000262                FTFE_DriverIRQHandler
                0x00000262                I2C0_DriverIRQHandler
                0x00000262                DMA7_DriverIRQHandler
                0x00000262                UART1_RX_TX_DriverIRQHandler
                0x00000400                        . = 0x400
 *fill*         0x00000264      0x19c ff
                0x00000400                        PROVIDE (__FLASH_CONFIG_START__ = .)
 *(SORT_BY_ALIGNMENT(.FlashConfig))
 .FlashConfig   0x00000400       0x10 ./SDK/startup/startup_mk64f12.o
                0x00000400                Flash_Config
                0x00000410                        PROVIDE (__FLASH_CONFIG_END__ = .)
                0x00000001                        ASSERT (! ((__FLASH_CONFIG_START__ == __FLASH_CONFIG_END__)), Linker Flash Config Support Enabled, but no .FlashConfig section provided within application)
 *(SORT_BY_ALIGNMENT(.text*))
 .text.OSInit   0x00000410      0x1ec ./source/rtos/uCOSIII/src/uCOS-III/Source/os_core.o
                0x00000410                OSInit
 .text.OSIntEnter
                0x000005fc       0x38 ./source/rtos/uCOSIII/src/uCOS-III/Source/os_core.o
                0x000005fc                OSIntEnter
 .text.OSIntExit
                0x00000634       0xd8 ./source/rtos/uCOSIII/src/uCOS-III/Source/os_core.o
                0x00000634                OSIntExit
 .text.OSSched  0x0000070c       0xa8 ./source/rtos/uCOSIII/src/uCOS-III/Source/os_core.o
                0x0000070c                OSSched
 .text.OSSchedLock
                0x000007b4       0x74 ./source/rtos/uCOSIII/src/uCOS-III/Source/os_core.o
                0x000007b4                OSSchedLock
 .text.OSSchedUnlock
                0x00000828       0x90 ./source/rtos/uCOSIII/src/uCOS-III/Source/os_core.o
                0x00000828                OSSchedUnlock
 .text.OSSchedRoundRobinCfg
                0x000008b8       0x70 ./source/rtos/uCOSIII/src/uCOS-III/Source/os_core.o
                0x000008b8                OSSchedRoundRobinCfg
 .text.OSStart  0x00000928       0x80 ./source/rtos/uCOSIII/src/uCOS-III/Source/os_core.o
                0x00000928                OSStart
 .text.OS_IdleTask
                0x000009a8       0x3c ./source/rtos/uCOSIII/src/uCOS-III/Source/os_core.o
                0x000009a8                OS_IdleTask
 .text.OS_IdleTaskInit
                0x000009e4       0x68 ./source/rtos/uCOSIII/src/uCOS-III/Source/os_core.o
                0x000009e4                OS_IdleTaskInit
 .text.OS_Pend  0x00000a4c       0x84 ./source/rtos/uCOSIII/src/uCOS-III/Source/os_core.o
                0x00000a4c                OS_Pend
 .text.OS_PendDbgNameAdd
                0x00000ad0       0x7c ./source/rtos/uCOSIII/src/uCOS-III/Source/os_core.o
                0x00000ad0                OS_PendDbgNameAdd
 .text.OS_PendDbgNameRemove
                0x00000b4c       0x4c ./source/rtos/uCOSIII/src/uCOS-III/Source/os_core.o
                0x00000b4c                OS_PendDbgNameRemove
 .text.OS_Post  0x00000b98      0x130 ./source/rtos/uCOSIII/src/uCOS-III/Source/os_core.o
                0x00000b98                OS_Post
 .text.OS_RdyListInit
                0x00000cc8       0x4c ./source/rtos/uCOSIII/src/uCOS-III/Source/os_core.o
                0x00000cc8                OS_RdyListInit
 .text.OS_RdyListInsert
                0x00000d14       0x3c ./source/rtos/uCOSIII/src/uCOS-III/Source/os_core.o
                0x00000d14                OS_RdyListInsert
 .text.OS_RdyListInsertHead
                0x00000d50       0x84 ./source/rtos/uCOSIII/src/uCOS-III/Source/os_core.o
                0x00000d50                OS_RdyListInsertHead
 .text.OS_RdyListInsertTail
                0x00000dd4       0x80 ./source/rtos/uCOSIII/src/uCOS-III/Source/os_core.o
                0x00000dd4                OS_RdyListInsertTail
 .text.OS_RdyListRemove
                0x00000e54       0xb0 ./source/rtos/uCOSIII/src/uCOS-III/Source/os_core.o
                0x00000e54                OS_RdyListRemove
 .text.OS_SchedRoundRobin
                0x00000f04       0xc8 ./source/rtos/uCOSIII/src/uCOS-III/Source/os_core.o
                0x00000f04                OS_SchedRoundRobin
 .text.OS_TaskBlock
                0x00000fcc       0x40 ./source/rtos/uCOSIII/src/uCOS-III/Source/os_core.o
                0x00000fcc                OS_TaskBlock
 .text.OS_Dbg_Init
                0x0000100c      0x23c ./source/rtos/uCOSIII/src/uCOS-III/Source/os_dbg.o
                0x0000100c                OS_Dbg_Init
 .text.OS_FlagInit
                0x00001248       0x30 ./source/rtos/uCOSIII/src/uCOS-III/Source/os_flag.o
                0x00001248                OS_FlagInit
 .text.OS_MemInit
                0x00001278       0x30 ./source/rtos/uCOSIII/src/uCOS-III/Source/os_mem.o
                0x00001278                OS_MemInit
 .text.OS_MsgPoolInit
                0x000012a8       0xd0 ./source/rtos/uCOSIII/src/uCOS-III/Source/os_msg.o
                0x000012a8                OS_MsgPoolInit
 .text.OS_MsgQFreeAll
                0x00001378       0x78 ./source/rtos/uCOSIII/src/uCOS-III/Source/os_msg.o
                0x00001378                OS_MsgQFreeAll
 .text.OSMutexCreate
                0x000013f0       0x98 ./source/rtos/uCOSIII/src/uCOS-III/Source/os_mutex.o
                0x000013f0                OSMutexCreate
 .text.OSMutexPend
                0x00001488      0x210 ./source/rtos/uCOSIII/src/uCOS-III/Source/os_mutex.o
                0x00001488                OSMutexPend
 .text.OSMutexPost
                0x00001698      0x1b8 ./source/rtos/uCOSIII/src/uCOS-III/Source/os_mutex.o
                0x00001698                OSMutexPost
 .text.OS_MutexDbgListAdd
                0x00001850       0x50 ./source/rtos/uCOSIII/src/uCOS-III/Source/os_mutex.o
                0x00001850                OS_MutexDbgListAdd
 .text.OS_MutexInit
                0x000018a0       0x30 ./source/rtos/uCOSIII/src/uCOS-III/Source/os_mutex.o
                0x000018a0                OS_MutexInit
 .text.OS_PrioInit
                0x000018d0       0x34 ./source/rtos/uCOSIII/src/uCOS-III/Source/os_prio.o
                0x000018d0                OS_PrioInit
 .text.OS_PrioGetHighest
                0x00001904       0x48 ./source/rtos/uCOSIII/src/uCOS-III/Source/os_prio.o
                0x00001904                OS_PrioGetHighest
 .text.OS_PrioInsert
                0x0000194c       0x50 ./source/rtos/uCOSIII/src/uCOS-III/Source/os_prio.o
                0x0000194c                OS_PrioInsert
 .text.OS_PrioRemove
                0x0000199c       0x50 ./source/rtos/uCOSIII/src/uCOS-III/Source/os_prio.o
                0x0000199c                OS_PrioRemove
 .text.OS_QInit
                0x000019ec       0x30 ./source/rtos/uCOSIII/src/uCOS-III/Source/os_q.o
                0x000019ec                OS_QInit
 .text.OS_SemInit
                0x00001a1c       0x30 ./source/rtos/uCOSIII/src/uCOS-III/Source/os_sem.o
                0x00001a1c                OS_SemInit
 .text.OSStatReset
                0x00001a4c      0x118 ./source/rtos/uCOSIII/src/uCOS-III/Source/os_stat.o
                0x00001a4c                OSStatReset
 .text.OSStatTaskCPUUsageInit
                0x00001b64       0xfc ./source/rtos/uCOSIII/src/uCOS-III/Source/os_stat.o
                0x00001b64                OSStatTaskCPUUsageInit
 .text.OS_StatTask
                0x00001c60      0x310 ./source/rtos/uCOSIII/src/uCOS-III/Source/os_stat.o
                0x00001c60                OS_StatTask
 .text.OS_StatTaskInit
                0x00001f70       0xd4 ./source/rtos/uCOSIII/src/uCOS-III/Source/os_stat.o
                0x00001f70                OS_StatTaskInit
 .text.OSTaskCreate
                0x00002044      0x21c ./source/rtos/uCOSIII/src/uCOS-III/Source/os_task.o
                0x00002044                OSTaskCreate
 .text.OSTaskDel
                0x00002260      0x200 ./source/rtos/uCOSIII/src/uCOS-III/Source/os_task.o
                0x00002260                OSTaskDel
 .text.OSTaskResume
                0x00002460       0x64 ./source/rtos/uCOSIII/src/uCOS-III/Source/os_task.o
                0x00002460                OSTaskResume
 .text.OSTaskSemPend
                0x000024c4      0x1d8 ./source/rtos/uCOSIII/src/uCOS-III/Source/os_task.o
                0x000024c4                OSTaskSemPend
 .text.OSTaskStkChk
                0x0000269c       0xf0 ./source/rtos/uCOSIII/src/uCOS-III/Source/os_task.o
                0x0000269c                OSTaskStkChk
 .text.OSTaskSuspend
                0x0000278c       0x44 ./source/rtos/uCOSIII/src/uCOS-III/Source/os_task.o
                0x0000278c                OSTaskSuspend
 .text.OS_TaskDbgListAdd
                0x000027d0       0x4c ./source/rtos/uCOSIII/src/uCOS-III/Source/os_task.o
                0x000027d0                OS_TaskDbgListAdd
 .text.OS_TaskDbgListRemove
                0x0000281c       0x84 ./source/rtos/uCOSIII/src/uCOS-III/Source/os_task.o
                0x0000281c                OS_TaskDbgListRemove
 .text.OS_TaskInit
                0x000028a0       0x38 ./source/rtos/uCOSIII/src/uCOS-III/Source/os_task.o
                0x000028a0                OS_TaskInit
 .text.OS_TaskInitTCB
                0x000028d8      0x1a0 ./source/rtos/uCOSIII/src/uCOS-III/Source/os_task.o
                0x000028d8                OS_TaskInitTCB
 .text.OS_TaskResume
                0x00002a78      0x124 ./source/rtos/uCOSIII/src/uCOS-III/Source/os_task.o
                0x00002a78                OS_TaskResume
 .text.OS_TaskReturn
                0x00002b9c       0x28 ./source/rtos/uCOSIII/src/uCOS-III/Source/os_task.o
                0x00002b9c                OS_TaskReturn
 .text.OS_TaskSemPost
                0x00002bc4      0x128 ./source/rtos/uCOSIII/src/uCOS-III/Source/os_task.o
                0x00002bc4                OS_TaskSemPost
 .text.OS_TaskSuspend
                0x00002cec      0x118 ./source/rtos/uCOSIII/src/uCOS-III/Source/os_task.o
                0x00002cec                OS_TaskSuspend
 .text.OS_TaskChangePrio
                0x00002e04      0x148 ./source/rtos/uCOSIII/src/uCOS-III/Source/os_task.o
                0x00002e04                OS_TaskChangePrio
 .text.OS_TickTask
                0x00002f4c       0x64 ./source/rtos/uCOSIII/src/uCOS-III/Source/os_tick.o
                0x00002f4c                OS_TickTask
 .text.OS_TickTaskInit
                0x00002fb0       0xd8 ./source/rtos/uCOSIII/src/uCOS-III/Source/os_tick.o
                0x00002fb0                OS_TickTaskInit
 .text.OS_TickListInsertDly
                0x00003088      0x108 ./source/rtos/uCOSIII/src/uCOS-III/Source/os_tick.o
                0x00003088                OS_TickListInsertDly
 .text.OS_TickListUpdateDly
                0x00003190       0xbc ./source/rtos/uCOSIII/src/uCOS-III/Source/os_tick.o
 .text.OS_TickListUpdateTimeout
                0x0000324c      0x158 ./source/rtos/uCOSIII/src/uCOS-III/Source/os_tick.o
 .text.OSTimeDly
                0x000033a4       0xd8 ./source/rtos/uCOSIII/src/uCOS-III/Source/os_time.o
                0x000033a4                OSTimeDly
 .text.OSTimeDlyHMSM
                0x0000347c      0x1f0 ./source/rtos/uCOSIII/src/uCOS-III/Source/os_time.o
                0x0000347c                OSTimeDlyHMSM
 .text.OSTimeTick
                0x0000366c       0x74 ./source/rtos/uCOSIII/src/uCOS-III/Source/os_time.o
                0x0000366c                OSTimeTick
 .text.OS_TmrInit
                0x000036e0      0x138 ./source/rtos/uCOSIII/src/uCOS-III/Source/os_tmr.o
                0x000036e0                OS_TmrInit
 .text.OS_TmrUnlink
                0x00003818       0x80 ./source/rtos/uCOSIII/src/uCOS-III/Source/os_tmr.o
                0x00003818                OS_TmrUnlink
 .text.OS_TmrTask
                0x00003898       0xc8 ./source/rtos/uCOSIII/src/uCOS-III/Source/os_tmr.o
                0x00003898                OS_TmrTask
 .text.OS_TmrLock
                0x00003960       0x24 ./source/rtos/uCOSIII/src/uCOS-III/Source/os_tmr.o
 .text.OS_TmrUnlock
                0x00003984       0x20 ./source/rtos/uCOSIII/src/uCOS-III/Source/os_tmr.o
 .text          0x000039a4       0xfc ./source/rtos/uCOSIII/src/uCOS-III/Ports/ARM-Cortex-M4/Generic/GNU/os_cpu_a.o
                0x000039a4                OS_CPU_FP_Reg_Push
                0x000039b6                OS_CPU_FP_Reg_Pop
                0x000039c2                OSStartHighRdy
                0x00003a32                OSCtxSw
                0x00003a3c                OSIntCtxSw
                0x00003a46                PendSV_Handler
 .text.OSIdleTaskHook
                0x00003aa0       0x1c ./source/rtos/uCOSIII/src/uCOS-III/Ports/ARM-Cortex-M4/Generic/GNU/os_cpu_c.o
                0x00003aa0                OSIdleTaskHook
 .text.OSInitHook
                0x00003abc       0x38 ./source/rtos/uCOSIII/src/uCOS-III/Ports/ARM-Cortex-M4/Generic/GNU/os_cpu_c.o
                0x00003abc                OSInitHook
 .text.OSStatTaskHook
                0x00003af4       0x1c ./source/rtos/uCOSIII/src/uCOS-III/Ports/ARM-Cortex-M4/Generic/GNU/os_cpu_c.o
                0x00003af4                OSStatTaskHook
 .text.OSTaskCreateHook
                0x00003b10       0x24 ./source/rtos/uCOSIII/src/uCOS-III/Ports/ARM-Cortex-M4/Generic/GNU/os_cpu_c.o
                0x00003b10                OSTaskCreateHook
 .text.OSTaskDelHook
                0x00003b34       0x24 ./source/rtos/uCOSIII/src/uCOS-III/Ports/ARM-Cortex-M4/Generic/GNU/os_cpu_c.o
                0x00003b34                OSTaskDelHook
 .text.OSTaskReturnHook
                0x00003b58       0x24 ./source/rtos/uCOSIII/src/uCOS-III/Ports/ARM-Cortex-M4/Generic/GNU/os_cpu_c.o
                0x00003b58                OSTaskReturnHook
 .text.OSTaskStkInit
                0x00003b7c      0x34c ./source/rtos/uCOSIII/src/uCOS-III/Ports/ARM-Cortex-M4/Generic/GNU/os_cpu_c.o
                0x00003b7c                OSTaskStkInit
 .text.OSTaskSwHook
                0x00003ec8       0xa8 ./source/rtos/uCOSIII/src/uCOS-III/Ports/ARM-Cortex-M4/Generic/GNU/os_cpu_c.o
                0x00003ec8                OSTaskSwHook
 .text.OSTimeTickHook
                0x00003f70       0x1c ./source/rtos/uCOSIII/src/uCOS-III/Ports/ARM-Cortex-M4/Generic/GNU/os_cpu_c.o
                0x00003f70                OSTimeTickHook
 .text.OS_CPU_SysTickInit
                0x00003f8c       0x54 ./source/rtos/uCOSIII/src/uCOS-III/Ports/ARM-Cortex-M4/Generic/GNU/os_cpu_c.o
                0x00003f8c                OS_CPU_SysTickInit
 .text          0x00003fe0       0x34 ./source/rtos/uCOSIII/src/uC-CPU/ARM-Cortex-M4/GNU/cpu_a.o
                0x00003fe0                CPU_IntDis
                0x00003fe4                CPU_IntEn
                0x00003fe8                CPU_SR_Save
                0x00003ff0                CPU_SR_Restore
                0x00003ff6                CPU_WaitForInt
                0x00003ffa                CPU_WaitForExcept
                0x00003ffe                CPU_CntLeadZeros
                0x00004004                CPU_CntTrailZeros
                0x0000400e                CPU_RevBits
 .text.CPU_TS_TmrFreqSet
                0x00004014       0x20 ./source/rtos/uCOSIII/src/uC-CPU/cpu_core.o
                0x00004014                CPU_TS_TmrFreqSet
 .text.CPU_TS_Init
                0x00004034       0x18 ./source/rtos/uCOSIII/src/uC-CPU/cpu_core.o
 .text.CPU_TS_TmrInit
                0x0000404c       0x48 ./source/rtos/uCOSIII/BSP/cpu_bsp.o
                0x0000404c                CPU_TS_TmrInit
 .text.Display_Init
                0x00004094       0x78 ./source/display.o
                0x00004094                Display_Init
 .text.shift_display_reposition
                0x0000410c       0x98 ./source/display.o
                0x0000410c                shift_display_reposition
 .text.num27seg
                0x000041a4      0x1c8 ./source/display.o
                0x000041a4                num27seg
 .text.seg2port
                0x0000436c       0x58 ./source/display.o
                0x0000436c                seg2port
 .text.num2disp
                0x000043c4       0x24 ./source/display.o
                0x000043c4                num2disp
 .text.display_select
                0x000043e8       0x78 ./source/display.o
                0x000043e8                display_select
 .text.gpioMode
                0x00004460      0x198 ./source/gpio.o
                0x00004460                gpioMode
 .text.gpioWrite
                0x000045f8       0x58 ./source/gpio.o
                0x000045f8                gpioWrite
 .text.PortWrite
                0x00004650       0x50 ./source/gpio.o
                0x00004650                PortWrite
 .text.TaskDisplay
                0x000046a0       0xcc ./source/main.o
 .text.TaskStart
                0x0000476c       0xcc ./source/main.o
 .text.main     0x00004838       0xa0 ./source/main.o
                0x00004838                main
 .text.ScrollMessage
                0x000048d8       0x74 ./source/main.o
                0x000048d8                ScrollMessage
 .text.hw_Init  0x0000494c      0x104 ./SDK/startup/hardware.o
                0x0000494c                hw_Init
 .text.SystemInit
                0x00004a50       0x3c ./SDK/CMSIS/system_MK64F12.o
                0x00004a50                SystemInit
 .text.SystemCoreClockUpdate
                0x00004a8c      0x28c ./SDK/CMSIS/system_MK64F12.o
                0x00004a8c                SystemCoreClockUpdate
 .text.OSCfg_Init
                0x00004d18        0xe ./source/rtos/uCOSIII/src/uCOS-III/Source/os_cfg_app.o
                0x00004d18                OSCfg_Init
 .text.OS_PendDataInit
                0x00004d26       0x6e ./source/rtos/uCOSIII/src/uCOS-III/Source/os_core.o
                0x00004d26                OS_PendDataInit
 .text.OS_PendListChangePrio
                0x00004d94       0x58 ./source/rtos/uCOSIII/src/uCOS-III/Source/os_core.o
                0x00004d94                OS_PendListChangePrio
 .text.OS_PendListInit
                0x00004dec       0x26 ./source/rtos/uCOSIII/src/uCOS-III/Source/os_core.o
                0x00004dec                OS_PendListInit
 .text.OS_PendListInsertPrio
                0x00004e12       0xe8 ./source/rtos/uCOSIII/src/uCOS-III/Source/os_core.o
                0x00004e12                OS_PendListInsertPrio
 .text.OS_PendListRemove
                0x00004efa       0x54 ./source/rtos/uCOSIII/src/uCOS-III/Source/os_core.o
                0x00004efa                OS_PendListRemove
 .text.OS_PendListRemove1
                0x00004f4e       0x94 ./source/rtos/uCOSIII/src/uCOS-III/Source/os_core.o
                0x00004f4e                OS_PendListRemove1
 .text.OS_Post1
                0x00004fe2       0x62 ./source/rtos/uCOSIII/src/uCOS-III/Source/os_core.o
                0x00004fe2                OS_Post1
 .text.OS_RdyListMoveHeadToTail
                0x00005044       0x92 ./source/rtos/uCOSIII/src/uCOS-III/Source/os_core.o
                0x00005044                OS_RdyListMoveHeadToTail
 .text.OS_MsgQInit
                0x000050d6       0x36 ./source/rtos/uCOSIII/src/uCOS-III/Source/os_msg.o
                0x000050d6                OS_MsgQInit
 .text.OS_MutexGrpAdd
                0x0000510c       0x24 ./source/rtos/uCOSIII/src/uCOS-III/Source/os_mutex.o
                0x0000510c                OS_MutexGrpAdd
 .text.OS_MutexGrpRemove
                0x00005130       0x3a ./source/rtos/uCOSIII/src/uCOS-III/Source/os_mutex.o
                0x00005130                OS_MutexGrpRemove
 .text.OS_MutexGrpPrioFindHighest
                0x0000516a       0x56 ./source/rtos/uCOSIII/src/uCOS-III/Source/os_mutex.o
                0x0000516a                OS_MutexGrpPrioFindHighest
 .text.OS_MutexGrpPostAll
                0x000051c0       0x88 ./source/rtos/uCOSIII/src/uCOS-III/Source/os_mutex.o
                0x000051c0                OS_MutexGrpPostAll
 .text.OSTaskSemPost
                0x00005248       0x44 ./source/rtos/uCOSIII/src/uCOS-III/Source/os_task.o
                0x00005248                OSTaskSemPost
 .text.OS_TickListInsert
                0x0000528c      0x12e ./source/rtos/uCOSIII/src/uCOS-III/Source/os_tick.o
                0x0000528c                OS_TickListInsert
 .text.OS_TickListRemove
                0x000053ba       0xca ./source/rtos/uCOSIII/src/uCOS-III/Source/os_tick.o
                0x000053ba                OS_TickListRemove
 .text.OS_TickListResetPeak
                0x00005484        0xe ./source/rtos/uCOSIII/src/uCOS-III/Source/os_tick.o
                0x00005484                OS_TickListResetPeak
 .text.OS_TmrResetPeak
                0x00005492        0xe ./source/rtos/uCOSIII/src/uCOS-III/Source/os_tmr.o
                0x00005492                OS_TmrResetPeak
 .text.SysTick_Handler
                0x000054a0       0x2a ./source/rtos/uCOSIII/src/uCOS-III/Ports/ARM-Cortex-M4/Generic/GNU/os_cpu_c.o
                0x000054a0                SysTick_Handler
 .text.CPU_Init
                0x000054ca        0xc ./source/rtos/uCOSIII/src/uC-CPU/cpu_core.o
                0x000054ca                CPU_Init
 .text.HardFault_Handler
                0x000054d6       0x2c ./SDK/startup/semihost_hardfault.o
                0x000054d6                HardFault_Handler
 .text.DMA0_IRQHandler
                0x00005502        0x8 ./SDK/startup/startup_mk64f12.o
                0x00005502                DMA0_IRQHandler
 .text.DMA1_IRQHandler
                0x0000550a        0x8 ./SDK/startup/startup_mk64f12.o
                0x0000550a                DMA1_IRQHandler
 .text.DMA2_IRQHandler
                0x00005512        0x8 ./SDK/startup/startup_mk64f12.o
                0x00005512                DMA2_IRQHandler
 .text.DMA3_IRQHandler
                0x0000551a        0x8 ./SDK/startup/startup_mk64f12.o
                0x0000551a                DMA3_IRQHandler
 .text.DMA4_IRQHandler
                0x00005522        0x8 ./SDK/startup/startup_mk64f12.o
                0x00005522                DMA4_IRQHandler
 .text.DMA5_IRQHandler
                0x0000552a        0x8 ./SDK/startup/startup_mk64f12.o
                0x0000552a                DMA5_IRQHandler
 .text.DMA6_IRQHandler
                0x00005532        0x8 ./SDK/startup/startup_mk64f12.o
                0x00005532                DMA6_IRQHandler
 .text.DMA7_IRQHandler
                0x0000553a        0x8 ./SDK/startup/startup_mk64f12.o
                0x0000553a                DMA7_IRQHandler
 .text.DMA8_IRQHandler
                0x00005542        0x8 ./SDK/startup/startup_mk64f12.o
                0x00005542                DMA8_IRQHandler
 .text.DMA9_IRQHandler
                0x0000554a        0x8 ./SDK/startup/startup_mk64f12.o
                0x0000554a                DMA9_IRQHandler
 .text.DMA10_IRQHandler
                0x00005552        0x8 ./SDK/startup/startup_mk64f12.o
                0x00005552                DMA10_IRQHandler
 .text.DMA11_IRQHandler
                0x0000555a        0x8 ./SDK/startup/startup_mk64f12.o
                0x0000555a                DMA11_IRQHandler
 .text.DMA12_IRQHandler
                0x00005562        0x8 ./SDK/startup/startup_mk64f12.o
                0x00005562                DMA12_IRQHandler
 .text.DMA13_IRQHandler
                0x0000556a        0x8 ./SDK/startup/startup_mk64f12.o
                0x0000556a                DMA13_IRQHandler
 .text.DMA14_IRQHandler
                0x00005572        0x8 ./SDK/startup/startup_mk64f12.o
                0x00005572                DMA14_IRQHandler
 .text.DMA15_IRQHandler
                0x0000557a        0x8 ./SDK/startup/startup_mk64f12.o
                0x0000557a                DMA15_IRQHandler
 .text.DMA_Error_IRQHandler
                0x00005582        0x8 ./SDK/startup/startup_mk64f12.o
                0x00005582                DMA_Error_IRQHandler
 .text.MCM_IRQHandler
                0x0000558a        0x8 ./SDK/startup/startup_mk64f12.o
                0x0000558a                MCM_IRQHandler
 .text.FTFE_IRQHandler
                0x00005592        0x8 ./SDK/startup/startup_mk64f12.o
                0x00005592                FTFE_IRQHandler
 .text.Read_Collision_IRQHandler
                0x0000559a        0x8 ./SDK/startup/startup_mk64f12.o
                0x0000559a                Read_Collision_IRQHandler
 .text.LVD_LVW_IRQHandler
                0x000055a2        0x8 ./SDK/startup/startup_mk64f12.o
                0x000055a2                LVD_LVW_IRQHandler
 .text.LLWU_IRQHandler
                0x000055aa        0x8 ./SDK/startup/startup_mk64f12.o
                0x000055aa                LLWU_IRQHandler
 .text.WDOG_EWM_IRQHandler
                0x000055b2        0x8 ./SDK/startup/startup_mk64f12.o
                0x000055b2                WDOG_EWM_IRQHandler
 .text.RNG_IRQHandler
                0x000055ba        0x8 ./SDK/startup/startup_mk64f12.o
                0x000055ba                RNG_IRQHandler
 .text.I2C0_IRQHandler
                0x000055c2        0x8 ./SDK/startup/startup_mk64f12.o
                0x000055c2                I2C0_IRQHandler
 .text.I2C1_IRQHandler
                0x000055ca        0x8 ./SDK/startup/startup_mk64f12.o
                0x000055ca                I2C1_IRQHandler
 .text.SPI0_IRQHandler
                0x000055d2        0x8 ./SDK/startup/startup_mk64f12.o
                0x000055d2                SPI0_IRQHandler
 .text.SPI1_IRQHandler
                0x000055da        0x8 ./SDK/startup/startup_mk64f12.o
                0x000055da                SPI1_IRQHandler
 .text.I2S0_Tx_IRQHandler
                0x000055e2        0x8 ./SDK/startup/startup_mk64f12.o
                0x000055e2                I2S0_Tx_IRQHandler
 .text.I2S0_Rx_IRQHandler
                0x000055ea        0x8 ./SDK/startup/startup_mk64f12.o
                0x000055ea                I2S0_Rx_IRQHandler
 .text.UART0_LON_IRQHandler
                0x000055f2        0x8 ./SDK/startup/startup_mk64f12.o
                0x000055f2                UART0_LON_IRQHandler
 .text.UART0_RX_TX_IRQHandler
                0x000055fa        0x8 ./SDK/startup/startup_mk64f12.o
                0x000055fa                UART0_RX_TX_IRQHandler
 .text.UART0_ERR_IRQHandler
                0x00005602        0x8 ./SDK/startup/startup_mk64f12.o
                0x00005602                UART0_ERR_IRQHandler
 .text.UART1_RX_TX_IRQHandler
                0x0000560a        0x8 ./SDK/startup/startup_mk64f12.o
                0x0000560a                UART1_RX_TX_IRQHandler
 .text.UART1_ERR_IRQHandler
                0x00005612        0x8 ./SDK/startup/startup_mk64f12.o
                0x00005612                UART1_ERR_IRQHandler
 .text.UART2_RX_TX_IRQHandler
                0x0000561a        0x8 ./SDK/startup/startup_mk64f12.o
                0x0000561a                UART2_RX_TX_IRQHandler
 .text.UART2_ERR_IRQHandler
                0x00005622        0x8 ./SDK/startup/startup_mk64f12.o
                0x00005622                UART2_ERR_IRQHandler
 .text.UART3_RX_TX_IRQHandler
                0x0000562a        0x8 ./SDK/startup/startup_mk64f12.o
                0x0000562a                UART3_RX_TX_IRQHandler
 .text.UART3_ERR_IRQHandler
                0x00005632        0x8 ./SDK/startup/startup_mk64f12.o
                0x00005632                UART3_ERR_IRQHandler
 .text.ADC0_IRQHandler
                0x0000563a        0x8 ./SDK/startup/startup_mk64f12.o
                0x0000563a                ADC0_IRQHandler
 .text.CMP0_IRQHandler
                0x00005642        0x8 ./SDK/startup/startup_mk64f12.o
                0x00005642                CMP0_IRQHandler
 .text.CMP1_IRQHandler
                0x0000564a        0x8 ./SDK/startup/startup_mk64f12.o
                0x0000564a                CMP1_IRQHandler
 .text.FTM0_IRQHandler
                0x00005652        0x8 ./SDK/startup/startup_mk64f12.o
                0x00005652                FTM0_IRQHandler
 .text.FTM1_IRQHandler
                0x0000565a        0x8 ./SDK/startup/startup_mk64f12.o
                0x0000565a                FTM1_IRQHandler
 .text.FTM2_IRQHandler
                0x00005662        0x8 ./SDK/startup/startup_mk64f12.o
                0x00005662                FTM2_IRQHandler
 .text.CMT_IRQHandler
                0x0000566a        0x8 ./SDK/startup/startup_mk64f12.o
                0x0000566a                CMT_IRQHandler
 .text.RTC_IRQHandler
                0x00005672        0x8 ./SDK/startup/startup_mk64f12.o
                0x00005672                RTC_IRQHandler
 .text.RTC_Seconds_IRQHandler
                0x0000567a        0x8 ./SDK/startup/startup_mk64f12.o
                0x0000567a                RTC_Seconds_IRQHandler
 .text.PIT0_IRQHandler
                0x00005682        0x8 ./SDK/startup/startup_mk64f12.o
                0x00005682                PIT0_IRQHandler
 .text.PIT1_IRQHandler
                0x0000568a        0x8 ./SDK/startup/startup_mk64f12.o
                0x0000568a                PIT1_IRQHandler
 .text.PIT2_IRQHandler
                0x00005692        0x8 ./SDK/startup/startup_mk64f12.o
                0x00005692                PIT2_IRQHandler
 .text.PIT3_IRQHandler
                0x0000569a        0x8 ./SDK/startup/startup_mk64f12.o
                0x0000569a                PIT3_IRQHandler
 .text.PDB0_IRQHandler
                0x000056a2        0x8 ./SDK/startup/startup_mk64f12.o
                0x000056a2                PDB0_IRQHandler
 .text.USB0_IRQHandler
                0x000056aa        0x8 ./SDK/startup/startup_mk64f12.o
                0x000056aa                USB0_IRQHandler
 .text.USBDCD_IRQHandler
                0x000056b2        0x8 ./SDK/startup/startup_mk64f12.o
                0x000056b2                USBDCD_IRQHandler
 .text.Reserved71_IRQHandler
                0x000056ba        0x8 ./SDK/startup/startup_mk64f12.o
                0x000056ba                Reserved71_IRQHandler
 .text.DAC0_IRQHandler
                0x000056c2        0x8 ./SDK/startup/startup_mk64f12.o
                0x000056c2                DAC0_IRQHandler
 .text.MCG_IRQHandler
                0x000056ca        0x8 ./SDK/startup/startup_mk64f12.o
                0x000056ca                MCG_IRQHandler
 .text.LPTMR0_IRQHandler
                0x000056d2        0x8 ./SDK/startup/startup_mk64f12.o
                0x000056d2                LPTMR0_IRQHandler
 .text.PORTA_IRQHandler
                0x000056da        0x8 ./SDK/startup/startup_mk64f12.o
                0x000056da                PORTA_IRQHandler
 .text.PORTB_IRQHandler
                0x000056e2        0x8 ./SDK/startup/startup_mk64f12.o
                0x000056e2                PORTB_IRQHandler
 .text.PORTC_IRQHandler
                0x000056ea        0x8 ./SDK/startup/startup_mk64f12.o
                0x000056ea                PORTC_IRQHandler
 .text.PORTD_IRQHandler
                0x000056f2        0x8 ./SDK/startup/startup_mk64f12.o
                0x000056f2                PORTD_IRQHandler
 .text.PORTE_IRQHandler
                0x000056fa        0x8 ./SDK/startup/startup_mk64f12.o
                0x000056fa                PORTE_IRQHandler
 .text.SWI_IRQHandler
                0x00005702        0x8 ./SDK/startup/startup_mk64f12.o
                0x00005702                SWI_IRQHandler
 .text.SPI2_IRQHandler
                0x0000570a        0x8 ./SDK/startup/startup_mk64f12.o
                0x0000570a                SPI2_IRQHandler
 .text.UART4_RX_TX_IRQHandler
                0x00005712        0x8 ./SDK/startup/startup_mk64f12.o
                0x00005712                UART4_RX_TX_IRQHandler
 .text.UART4_ERR_IRQHandler
                0x0000571a        0x8 ./SDK/startup/startup_mk64f12.o
                0x0000571a                UART4_ERR_IRQHandler
 .text.UART5_RX_TX_IRQHandler
                0x00005722        0x8 ./SDK/startup/startup_mk64f12.o
                0x00005722                UART5_RX_TX_IRQHandler
 .text.UART5_ERR_IRQHandler
                0x0000572a        0x8 ./SDK/startup/startup_mk64f12.o
                0x0000572a                UART5_ERR_IRQHandler
 .text.CMP2_IRQHandler
                0x00005732        0x8 ./SDK/startup/startup_mk64f12.o
                0x00005732                CMP2_IRQHandler
 .text.FTM3_IRQHandler
                0x0000573a        0x8 ./SDK/startup/startup_mk64f12.o
                0x0000573a                FTM3_IRQHandler
 .text.DAC1_IRQHandler
                0x00005742        0x8 ./SDK/startup/startup_mk64f12.o
                0x00005742                DAC1_IRQHandler
 .text.ADC1_IRQHandler
                0x0000574a        0x8 ./SDK/startup/startup_mk64f12.o
                0x0000574a                ADC1_IRQHandler
 .text.I2C2_IRQHandler
                0x00005752        0x8 ./SDK/startup/startup_mk64f12.o
                0x00005752                I2C2_IRQHandler
 .text.CAN0_ORed_Message_buffer_IRQHandler
                0x0000575a        0x8 ./SDK/startup/startup_mk64f12.o
                0x0000575a                CAN0_ORed_Message_buffer_IRQHandler
 .text.CAN0_Bus_Off_IRQHandler
                0x00005762        0x8 ./SDK/startup/startup_mk64f12.o
                0x00005762                CAN0_Bus_Off_IRQHandler
 .text.CAN0_Error_IRQHandler
                0x0000576a        0x8 ./SDK/startup/startup_mk64f12.o
                0x0000576a                CAN0_Error_IRQHandler
 .text.CAN0_Tx_Warning_IRQHandler
                0x00005772        0x8 ./SDK/startup/startup_mk64f12.o
                0x00005772                CAN0_Tx_Warning_IRQHandler
 .text.CAN0_Rx_Warning_IRQHandler
                0x0000577a        0x8 ./SDK/startup/startup_mk64f12.o
                0x0000577a                CAN0_Rx_Warning_IRQHandler
 .text.CAN0_Wake_Up_IRQHandler
                0x00005782        0x8 ./SDK/startup/startup_mk64f12.o
                0x00005782                CAN0_Wake_Up_IRQHandler
 .text.SDHC_IRQHandler
                0x0000578a        0x8 ./SDK/startup/startup_mk64f12.o
                0x0000578a                SDHC_IRQHandler
 .text.ENET_1588_Timer_IRQHandler
                0x00005792        0x8 ./SDK/startup/startup_mk64f12.o
                0x00005792                ENET_1588_Timer_IRQHandler
 .text.ENET_Transmit_IRQHandler
                0x0000579a        0x8 ./SDK/startup/startup_mk64f12.o
                0x0000579a                ENET_Transmit_IRQHandler
 .text.ENET_Receive_IRQHandler
                0x000057a2        0x8 ./SDK/startup/startup_mk64f12.o
                0x000057a2                ENET_Receive_IRQHandler
 .text.ENET_Error_IRQHandler
                0x000057aa        0x8 ./SDK/startup/startup_mk64f12.o
                0x000057aa                ENET_Error_IRQHandler
 .text.SystemInitHook
                0x000057b2        0xe ./SDK/CMSIS/system_MK64F12.o
                0x000057b2                SystemInitHook
 .text.strlen   0x000057c0       0x4e C:/nxp/MCUXpressoIDE_11.10.0_3148/ide/plugins/com.nxp.mcuxpresso.tools.win32_11.10.0.202311280810/tools/bin/../lib/gcc/arm-none-eabi/13.2.1/../../../../arm-none-eabi/lib/thumb/v7e-m+fp/hard\libcr_c.a(strlen.o)
                0x000057c0                strlen
 *(SORT_BY_ALIGNMENT(.rodata) SORT_BY_ALIGNMENT(.rodata.*) SORT_BY_ALIGNMENT(.constdata) SORT_BY_ALIGNMENT(.constdata.*))
 *fill*         0x0000580e        0x2 ff
 .rodata.OSCfg_IdleTaskStkBasePtr
                0x00005810        0x4 ./source/rtos/uCOSIII/src/uCOS-III/Source/os_cfg_app.o
                0x00005810                OSCfg_IdleTaskStkBasePtr
 .rodata.OSCfg_IdleTaskStkLimit
                0x00005814        0x4 ./source/rtos/uCOSIII/src/uCOS-III/Source/os_cfg_app.o
                0x00005814                OSCfg_IdleTaskStkLimit
 .rodata.OSCfg_IdleTaskStkSize
                0x00005818        0x4 ./source/rtos/uCOSIII/src/uCOS-III/Source/os_cfg_app.o
                0x00005818                OSCfg_IdleTaskStkSize
 .rodata.OSCfg_ISRStkBasePtr
                0x0000581c        0x4 ./source/rtos/uCOSIII/src/uCOS-III/Source/os_cfg_app.o
                0x0000581c                OSCfg_ISRStkBasePtr
 .rodata.OSCfg_ISRStkSize
                0x00005820        0x4 ./source/rtos/uCOSIII/src/uCOS-III/Source/os_cfg_app.o
                0x00005820                OSCfg_ISRStkSize
 .rodata.OSCfg_MsgPoolBasePtr
                0x00005824        0x4 ./source/rtos/uCOSIII/src/uCOS-III/Source/os_cfg_app.o
                0x00005824                OSCfg_MsgPoolBasePtr
 .rodata.OSCfg_StatTaskRate_Hz
                0x00005828        0x4 ./source/rtos/uCOSIII/src/uCOS-III/Source/os_cfg_app.o
                0x00005828                OSCfg_StatTaskRate_Hz
 .rodata.OSCfg_StatTaskStkBasePtr
                0x0000582c        0x4 ./source/rtos/uCOSIII/src/uCOS-III/Source/os_cfg_app.o
                0x0000582c                OSCfg_StatTaskStkBasePtr
 .rodata.OSCfg_StatTaskStkLimit
                0x00005830        0x4 ./source/rtos/uCOSIII/src/uCOS-III/Source/os_cfg_app.o
                0x00005830                OSCfg_StatTaskStkLimit
 .rodata.OSCfg_StatTaskStkSize
                0x00005834        0x4 ./source/rtos/uCOSIII/src/uCOS-III/Source/os_cfg_app.o
                0x00005834                OSCfg_StatTaskStkSize
 .rodata.OSCfg_StkSizeMin
                0x00005838        0x4 ./source/rtos/uCOSIII/src/uCOS-III/Source/os_cfg_app.o
                0x00005838                OSCfg_StkSizeMin
 .rodata.OSCfg_TickRate_Hz
                0x0000583c        0x4 ./source/rtos/uCOSIII/src/uCOS-III/Source/os_cfg_app.o
                0x0000583c                OSCfg_TickRate_Hz
 .rodata.OSCfg_TickTaskStkBasePtr
                0x00005840        0x4 ./source/rtos/uCOSIII/src/uCOS-III/Source/os_cfg_app.o
                0x00005840                OSCfg_TickTaskStkBasePtr
 .rodata.OSCfg_TickTaskStkLimit
                0x00005844        0x4 ./source/rtos/uCOSIII/src/uCOS-III/Source/os_cfg_app.o
                0x00005844                OSCfg_TickTaskStkLimit
 .rodata.OSCfg_TickTaskStkSize
                0x00005848        0x4 ./source/rtos/uCOSIII/src/uCOS-III/Source/os_cfg_app.o
                0x00005848                OSCfg_TickTaskStkSize
 .rodata.OSCfg_TmrTaskRate_Hz
                0x0000584c        0x4 ./source/rtos/uCOSIII/src/uCOS-III/Source/os_cfg_app.o
                0x0000584c                OSCfg_TmrTaskRate_Hz
 .rodata.OSCfg_TmrTaskStkBasePtr
                0x00005850        0x4 ./source/rtos/uCOSIII/src/uCOS-III/Source/os_cfg_app.o
                0x00005850                OSCfg_TmrTaskStkBasePtr
 .rodata.OSCfg_TmrTaskStkLimit
                0x00005854        0x4 ./source/rtos/uCOSIII/src/uCOS-III/Source/os_cfg_app.o
                0x00005854                OSCfg_TmrTaskStkLimit
 .rodata.OSCfg_TmrTaskStkSize
                0x00005858        0x4 ./source/rtos/uCOSIII/src/uCOS-III/Source/os_cfg_app.o
                0x00005858                OSCfg_TmrTaskStkSize
 .rodata.OS_IdleTaskInit.str1.4
                0x0000585c       0xb3 ./source/rtos/uCOSIII/src/uCOS-III/Source/os_core.o
                                 0x14 (size before relaxing)
 .rodata.OS_PendDbgNameAdd.str1.4
                0x0000590f       0x16 ./source/rtos/uCOSIII/src/uCOS-III/Source/os_core.o
 *fill*         0x0000590f        0x1 ff
 .rodata.OSDbg_EndiannessTest
                0x00005910        0x4 ./source/rtos/uCOSIII/src/uCOS-III/Source/os_dbg.o
                0x00005910                OSDbg_EndiannessTest
 .rodata.OSDbg_FlagGrp
                0x00005914       0x28 ./source/rtos/uCOSIII/src/uCOS-III/Source/os_dbg.o
                0x00005914                OSDbg_FlagGrp
 .rodata.OSDbg_Mem
                0x0000593c       0x20 ./source/rtos/uCOSIII/src/uCOS-III/Source/os_dbg.o
                0x0000593c                OSDbg_Mem
 .rodata.OSDbg_Mutex
                0x0000595c       0x30 ./source/rtos/uCOSIII/src/uCOS-III/Source/os_dbg.o
                0x0000595c                OSDbg_Mutex
 .rodata.OSDbg_Q
                0x0000598c       0x30 ./source/rtos/uCOSIII/src/uCOS-III/Source/os_dbg.o
                0x0000598c                OSDbg_Q
 .rodata.OSDbg_Sem
                0x000059bc       0x28 ./source/rtos/uCOSIII/src/uCOS-III/Source/os_dbg.o
                0x000059bc                OSDbg_Sem
 .rodata.OSDbg_RdyListSize
                0x000059e4        0x4 ./source/rtos/uCOSIII/src/uCOS-III/Source/os_dbg.o
                0x000059e4                OSDbg_RdyListSize
 .rodata.OSDbg_Tmr
                0x000059e8       0x30 ./source/rtos/uCOSIII/src/uCOS-III/Source/os_dbg.o
                0x000059e8                OSDbg_Tmr
 .rodata.OSDbg_DataSize
                0x00005a18        0x4 ./source/rtos/uCOSIII/src/uCOS-III/Source/os_dbg.o
                0x00005a18                OSDbg_DataSize
 .rodata.OS_MutexDbgListAdd.str1.4
                0x00005a1c        0x2 ./source/rtos/uCOSIII/src/uCOS-III/Source/os_mutex.o
 .rodata.OS_StatTaskInit.str1.4
                0x00005a1c       0x14 ./source/rtos/uCOSIII/src/uCOS-III/Source/os_stat.o
 .rodata.OS_TaskInitTCB.str1.4
                0x00005a1c        0xa ./source/rtos/uCOSIII/src/uCOS-III/Source/os_task.o
 .rodata.OS_TickTaskInit.str1.4
                0x00005a1c       0x14 ./source/rtos/uCOSIII/src/uCOS-III/Source/os_tick.o
 .rodata.OS_TmrInit.str1.4
                0x00005a1c       0x25 ./source/rtos/uCOSIII/src/uCOS-III/Source/os_tmr.o
 .rodata.segment_pins
                0x00005a1c        0x8 ./source/display.o
                0x00005a1c                segment_pins
 .rodata.PORT_PTRS
                0x00005a24       0x14 ./source/gpio.o
 .rodata.GPIO_PTRS
                0x00005a38       0x14 ./source/gpio.o
 .rodata        0x00005a4c       0x14 ./source/gpio.o
 .rodata.TaskStart.str1.4
                0x00005a60       0x13 ./source/main.o
 .rodata.main.str1.4
                0x00005a60       0x17 ./source/main.o
 .rodata.OSCfg_MsgPoolSize
                0x00005a60        0x2 ./source/rtos/uCOSIII/src/uCOS-III/Source/os_cfg_app.o
                0x00005a60                OSCfg_MsgPoolSize
 .rodata.OSDbg_FlagGrpSize
                0x00005a62        0x2 ./source/rtos/uCOSIII/src/uCOS-III/Source/os_dbg.o
                0x00005a62                OSDbg_FlagGrpSize
 .rodata.OSDbg_FlagWidth
                0x00005a64        0x2 ./source/rtos/uCOSIII/src/uCOS-III/Source/os_dbg.o
                0x00005a64                OSDbg_FlagWidth
 .rodata.OSDbg_MemSize
                0x00005a66        0x2 ./source/rtos/uCOSIII/src/uCOS-III/Source/os_dbg.o
                0x00005a66                OSDbg_MemSize
 .rodata.OSDbg_MsgSize
                0x00005a68        0x2 ./source/rtos/uCOSIII/src/uCOS-III/Source/os_dbg.o
                0x00005a68                OSDbg_MsgSize
 .rodata.OSDbg_MsgPoolSize
                0x00005a6a        0x2 ./source/rtos/uCOSIII/src/uCOS-III/Source/os_dbg.o
                0x00005a6a                OSDbg_MsgPoolSize
 .rodata.OSDbg_MsgQSize
                0x00005a6c        0x2 ./source/rtos/uCOSIII/src/uCOS-III/Source/os_dbg.o
                0x00005a6c                OSDbg_MsgQSize
 .rodata.OSDbg_MutexSize
                0x00005a6e        0x2 ./source/rtos/uCOSIII/src/uCOS-III/Source/os_dbg.o
                0x00005a6e                OSDbg_MutexSize
 .rodata.OSDbg_PendDataSize
                0x00005a70        0x2 ./source/rtos/uCOSIII/src/uCOS-III/Source/os_dbg.o
                0x00005a70                OSDbg_PendDataSize
 .rodata.OSDbg_PendListSize
                0x00005a72        0x2 ./source/rtos/uCOSIII/src/uCOS-III/Source/os_dbg.o
                0x00005a72                OSDbg_PendListSize
 .rodata.OSDbg_PendObjSize
                0x00005a74        0x2 ./source/rtos/uCOSIII/src/uCOS-III/Source/os_dbg.o
                0x00005a74                OSDbg_PendObjSize
 .rodata.OSDbg_PrioMax
                0x00005a76        0x2 ./source/rtos/uCOSIII/src/uCOS-III/Source/os_dbg.o
                0x00005a76                OSDbg_PrioMax
 .rodata.OSDbg_PrioTblSize
                0x00005a78        0x2 ./source/rtos/uCOSIII/src/uCOS-III/Source/os_dbg.o
                0x00005a78                OSDbg_PrioTblSize
 .rodata.OSDbg_PtrSize
                0x00005a7a        0x2 ./source/rtos/uCOSIII/src/uCOS-III/Source/os_dbg.o
                0x00005a7a                OSDbg_PtrSize
 .rodata.OSDbg_QSize
                0x00005a7c        0x2 ./source/rtos/uCOSIII/src/uCOS-III/Source/os_dbg.o
                0x00005a7c                OSDbg_QSize
 .rodata.OSDbg_SemSize
                0x00005a7e        0x2 ./source/rtos/uCOSIII/src/uCOS-III/Source/os_dbg.o
                0x00005a7e                OSDbg_SemSize
 .rodata.OSDbg_RdyList
                0x00005a80        0x2 ./source/rtos/uCOSIII/src/uCOS-III/Source/os_dbg.o
                0x00005a80                OSDbg_RdyList
 .rodata.OSDbg_TaskRegTblSize
                0x00005a82        0x2 ./source/rtos/uCOSIII/src/uCOS-III/Source/os_dbg.o
                0x00005a82                OSDbg_TaskRegTblSize
 .rodata.OSDbg_TCBSize
                0x00005a84        0x2 ./source/rtos/uCOSIII/src/uCOS-III/Source/os_dbg.o
                0x00005a84                OSDbg_TCBSize
 .rodata.OSDbg_TickListSize
                0x00005a86        0x2 ./source/rtos/uCOSIII/src/uCOS-III/Source/os_dbg.o
                0x00005a86                OSDbg_TickListSize
 .rodata.OSDbg_TmrSize
                0x00005a88        0x2 ./source/rtos/uCOSIII/src/uCOS-III/Source/os_dbg.o
                0x00005a88                OSDbg_TmrSize
 .rodata.OSDbg_VersionNbr
                0x00005a8a        0x2 ./source/rtos/uCOSIII/src/uCOS-III/Source/os_dbg.o
                0x00005a8a                OSDbg_VersionNbr
 .rodata.OSCfg_StatTaskPrio
                0x00005a8c        0x1 ./source/rtos/uCOSIII/src/uCOS-III/Source/os_cfg_app.o
                0x00005a8c                OSCfg_StatTaskPrio
 .rodata.OSCfg_TickTaskPrio
                0x00005a8d        0x1 ./source/rtos/uCOSIII/src/uCOS-III/Source/os_cfg_app.o
                0x00005a8d                OSCfg_TickTaskPrio
 .rodata.OSCfg_TmrTaskPrio
                0x00005a8e        0x1 ./source/rtos/uCOSIII/src/uCOS-III/Source/os_cfg_app.o
                0x00005a8e                OSCfg_TmrTaskPrio
 .rodata.OSDbg_DbgEn
                0x00005a8f        0x1 ./source/rtos/uCOSIII/src/uCOS-III/Source/os_dbg.o
                0x00005a8f                OSDbg_DbgEn
 .rodata.OSDbg_ArgChkEn
                0x00005a90        0x1 ./source/rtos/uCOSIII/src/uCOS-III/Source/os_dbg.o
                0x00005a90                OSDbg_ArgChkEn
 .rodata.OSDbg_AppHooksEn
                0x00005a91        0x1 ./source/rtos/uCOSIII/src/uCOS-III/Source/os_dbg.o
                0x00005a91                OSDbg_AppHooksEn
 .rodata.OSDbg_CalledFromISRChkEn
                0x00005a92        0x1 ./source/rtos/uCOSIII/src/uCOS-III/Source/os_dbg.o
                0x00005a92                OSDbg_CalledFromISRChkEn
 .rodata.OSDbg_FlagEn
                0x00005a93        0x1 ./source/rtos/uCOSIII/src/uCOS-III/Source/os_dbg.o
                0x00005a93                OSDbg_FlagEn
 .rodata.OSDbg_FlagDelEn
                0x00005a94        0x1 ./source/rtos/uCOSIII/src/uCOS-III/Source/os_dbg.o
                0x00005a94                OSDbg_FlagDelEn
 .rodata.OSDbg_FlagModeClrEn
                0x00005a95        0x1 ./source/rtos/uCOSIII/src/uCOS-III/Source/os_dbg.o
                0x00005a95                OSDbg_FlagModeClrEn
 .rodata.OSDbg_FlagPendAbortEn
                0x00005a96        0x1 ./source/rtos/uCOSIII/src/uCOS-III/Source/os_dbg.o
                0x00005a96                OSDbg_FlagPendAbortEn
 .rodata.OSDbg_ISRPostDeferredEn
                0x00005a97        0x1 ./source/rtos/uCOSIII/src/uCOS-III/Source/os_dbg.o
                0x00005a97                OSDbg_ISRPostDeferredEn
 .rodata.OSDbg_MemEn
                0x00005a98        0x1 ./source/rtos/uCOSIII/src/uCOS-III/Source/os_dbg.o
                0x00005a98                OSDbg_MemEn
 .rodata.OSDbg_MsgEn
                0x00005a99        0x1 ./source/rtos/uCOSIII/src/uCOS-III/Source/os_dbg.o
                0x00005a99                OSDbg_MsgEn
 .rodata.OSDbg_MutexEn
                0x00005a9a        0x1 ./source/rtos/uCOSIII/src/uCOS-III/Source/os_dbg.o
                0x00005a9a                OSDbg_MutexEn
 .rodata.OSDbg_MutexDelEn
                0x00005a9b        0x1 ./source/rtos/uCOSIII/src/uCOS-III/Source/os_dbg.o
                0x00005a9b                OSDbg_MutexDelEn
 .rodata.OSDbg_MutexPendAbortEn
                0x00005a9c        0x1 ./source/rtos/uCOSIII/src/uCOS-III/Source/os_dbg.o
                0x00005a9c                OSDbg_MutexPendAbortEn
 .rodata.OSDbg_ObjTypeChkEn
                0x00005a9d        0x1 ./source/rtos/uCOSIII/src/uCOS-III/Source/os_dbg.o
                0x00005a9d                OSDbg_ObjTypeChkEn
 .rodata.OSDbg_PendMultiEn
                0x00005a9e        0x1 ./source/rtos/uCOSIII/src/uCOS-III/Source/os_dbg.o
                0x00005a9e                OSDbg_PendMultiEn
 .rodata.OSDbg_QEn
                0x00005a9f        0x1 ./source/rtos/uCOSIII/src/uCOS-III/Source/os_dbg.o
                0x00005a9f                OSDbg_QEn
 .rodata.OSDbg_QDelEn
                0x00005aa0        0x1 ./source/rtos/uCOSIII/src/uCOS-III/Source/os_dbg.o
                0x00005aa0                OSDbg_QDelEn
 .rodata.OSDbg_QFlushEn
                0x00005aa1        0x1 ./source/rtos/uCOSIII/src/uCOS-III/Source/os_dbg.o
                0x00005aa1                OSDbg_QFlushEn
 .rodata.OSDbg_QPendAbortEn
                0x00005aa2        0x1 ./source/rtos/uCOSIII/src/uCOS-III/Source/os_dbg.o
                0x00005aa2                OSDbg_QPendAbortEn
 .rodata.OSDbg_SchedRoundRobinEn
                0x00005aa3        0x1 ./source/rtos/uCOSIII/src/uCOS-III/Source/os_dbg.o
                0x00005aa3                OSDbg_SchedRoundRobinEn
 .rodata.OSDbg_SemEn
                0x00005aa4        0x1 ./source/rtos/uCOSIII/src/uCOS-III/Source/os_dbg.o
                0x00005aa4                OSDbg_SemEn
 .rodata.OSDbg_SemDelEn
                0x00005aa5        0x1 ./source/rtos/uCOSIII/src/uCOS-III/Source/os_dbg.o
                0x00005aa5                OSDbg_SemDelEn
 .rodata.OSDbg_SemPendAbortEn
                0x00005aa6        0x1 ./source/rtos/uCOSIII/src/uCOS-III/Source/os_dbg.o
                0x00005aa6                OSDbg_SemPendAbortEn
 .rodata.OSDbg_SemSetEn
                0x00005aa7        0x1 ./source/rtos/uCOSIII/src/uCOS-III/Source/os_dbg.o
                0x00005aa7                OSDbg_SemSetEn
 .rodata.OSDbg_StkWidth
                0x00005aa8        0x1 ./source/rtos/uCOSIII/src/uCOS-III/Source/os_dbg.o
                0x00005aa8                OSDbg_StkWidth
 .rodata.OSDbg_StatTaskEn
                0x00005aa9        0x1 ./source/rtos/uCOSIII/src/uCOS-III/Source/os_dbg.o
                0x00005aa9                OSDbg_StatTaskEn
 .rodata.OSDbg_StatTaskStkChkEn
                0x00005aaa        0x1 ./source/rtos/uCOSIII/src/uCOS-III/Source/os_dbg.o
                0x00005aaa                OSDbg_StatTaskStkChkEn
 .rodata.OSDbg_TaskChangePrioEn
                0x00005aab        0x1 ./source/rtos/uCOSIII/src/uCOS-III/Source/os_dbg.o
                0x00005aab                OSDbg_TaskChangePrioEn
 .rodata.OSDbg_TaskDelEn
                0x00005aac        0x1 ./source/rtos/uCOSIII/src/uCOS-III/Source/os_dbg.o
                0x00005aac                OSDbg_TaskDelEn
 .rodata.OSDbg_TaskQEn
                0x00005aad        0x1 ./source/rtos/uCOSIII/src/uCOS-III/Source/os_dbg.o
                0x00005aad                OSDbg_TaskQEn
 .rodata.OSDbg_TaskQPendAbortEn
                0x00005aae        0x1 ./source/rtos/uCOSIII/src/uCOS-III/Source/os_dbg.o
                0x00005aae                OSDbg_TaskQPendAbortEn
 .rodata.OSDbg_TaskProfileEn
                0x00005aaf        0x1 ./source/rtos/uCOSIII/src/uCOS-III/Source/os_dbg.o
                0x00005aaf                OSDbg_TaskProfileEn
 .rodata.OSDbg_TaskSemPendAbortEn
                0x00005ab0        0x1 ./source/rtos/uCOSIII/src/uCOS-III/Source/os_dbg.o
                0x00005ab0                OSDbg_TaskSemPendAbortEn
 .rodata.OSDbg_TaskSuspendEn
                0x00005ab1        0x1 ./source/rtos/uCOSIII/src/uCOS-III/Source/os_dbg.o
                0x00005ab1                OSDbg_TaskSuspendEn
 .rodata.OSDbg_TimeDlyHMSMEn
                0x00005ab2        0x1 ./source/rtos/uCOSIII/src/uCOS-III/Source/os_dbg.o
                0x00005ab2                OSDbg_TimeDlyHMSMEn
 .rodata.OSDbg_TimeDlyResumeEn
                0x00005ab3        0x1 ./source/rtos/uCOSIII/src/uCOS-III/Source/os_dbg.o
                0x00005ab3                OSDbg_TimeDlyResumeEn
 .rodata.OSDbg_TmrEn
                0x00005ab4        0x1 ./source/rtos/uCOSIII/src/uCOS-III/Source/os_dbg.o
                0x00005ab4                OSDbg_TmrEn
 .rodata.OSDbg_TmrDelEn
                0x00005ab5        0x1 ./source/rtos/uCOSIII/src/uCOS-III/Source/os_dbg.o
                0x00005ab5                OSDbg_TmrDelEn
                0x00005ab8                        . = ALIGN (0x8)
 *fill*         0x00005ab6        0x2 ff

.glue_7         0x00005ab8        0x0
 .glue_7        0x00005ab8        0x0 linker stubs

.glue_7t        0x00005ab8        0x0
 .glue_7t       0x00005ab8        0x0 linker stubs

.vfp11_veneer   0x00005ab8        0x0
 .vfp11_veneer  0x00005ab8        0x0 linker stubs

.v4_bx          0x00005ab8        0x0
 .v4_bx         0x00005ab8        0x0 linker stubs

.iplt           0x00005ab8        0x0
 .iplt          0x00005ab8        0x0 ./source/rtos/uCOSIII/src/uCOS-III/Source/os_cfg_app.o

.rel.dyn        0x00005ab8        0x0
 .rel.iplt      0x00005ab8        0x0 ./source/rtos/uCOSIII/src/uCOS-III/Source/os_cfg_app.o

.ARM.extab
 *(SORT_BY_ALIGNMENT(.ARM.extab*) SORT_BY_ALIGNMENT(.gnu.linkonce.armextab.*))

.ARM.exidx      0x00005ab8        0x0
                0x00005ab8                        __exidx_start = .
 *(SORT_BY_ALIGNMENT(.ARM.exidx*) SORT_BY_ALIGNMENT(.gnu.linkonce.armexidx.*))
                0x00005ab8                        __exidx_end = .
                0x00005ab8                        _etext = .

.m_usb_data
 *(SORT_BY_ALIGNMENT(m_usb_bdt))

.data_RAM2      0x1fff0000        0x0 load address 0x00005ab8
 FILL mask 0xff
                [!provide]                        PROVIDE (__start_data_RAM2 = .)
                [!provide]                        PROVIDE (__start_data_SRAM_LOWER = .)
 *(SORT_BY_ALIGNMENT(.ramfunc.$RAM2))
 *(SORT_BY_ALIGNMENT(.ramfunc.$SRAM_LOWER))
 *(SORT_BY_ALIGNMENT(.data.$RAM2))
 *(SORT_BY_ALIGNMENT(.data.$SRAM_LOWER))
 *(SORT_BY_ALIGNMENT(.data.$RAM2.*))
 *(SORT_BY_ALIGNMENT(.data.$SRAM_LOWER.*))
                0x1fff0000                        . = ALIGN (0x8)
                [!provide]                        PROVIDE (__end_data_RAM2 = .)
                [!provide]                        PROVIDE (__end_data_SRAM_LOWER = .)

.data_RAM3      0x14000000        0x0 load address 0x00005ab8
 FILL mask 0xff
                [!provide]                        PROVIDE (__start_data_RAM3 = .)
                [!provide]                        PROVIDE (__start_data_FLEX_RAM = .)
 *(SORT_BY_ALIGNMENT(.ramfunc.$RAM3))
 *(SORT_BY_ALIGNMENT(.ramfunc.$FLEX_RAM))
 *(SORT_BY_ALIGNMENT(.data.$RAM3))
 *(SORT_BY_ALIGNMENT(.data.$FLEX_RAM))
 *(SORT_BY_ALIGNMENT(.data.$RAM3.*))
 *(SORT_BY_ALIGNMENT(.data.$FLEX_RAM.*))
                0x14000000                        . = ALIGN (0x8)
                [!provide]                        PROVIDE (__end_data_RAM3 = .)
                [!provide]                        PROVIDE (__end_data_FLEX_RAM = .)

.uninit_RESERVED
                0x20000000        0x0
                0x20000000                        _start_uninit_RESERVED = .
 *(SORT_BY_ALIGNMENT(.bss.$RESERVED*))
                0x20000000                        . = ALIGN (0x8)
                0x20000000                        _end_uninit_RESERVED = .

.data           0x20000000        0x8 load address 0x00005ab8
 FILL mask 0xff
                0x20000000                        _data = .
                [!provide]                        PROVIDE (__start_data_RAM = .)
                [!provide]                        PROVIDE (__start_data_SRAM_UPPER = .)
 *(SORT_BY_ALIGNMENT(vtable))
 *(SORT_BY_ALIGNMENT(.ramfunc*))
 *(SORT_BY_ALIGNMENT(CodeQuickAccess))
 *(SORT_BY_ALIGNMENT(DataQuickAccess))
 *(SORT_BY_ALIGNMENT(RamFunction))
 *(SORT_BY_ALIGNMENT(.data*))
 .data.SystemCoreClock
                0x20000000        0x4 ./SDK/CMSIS/system_MK64F12.o
                0x20000000                SystemCoreClock
 .data.brightness.2
                0x20000004        0x1 ./source/main.o
                0x20000008                        . = ALIGN (0x8)
 *fill*         0x20000005        0x3 ff
                0x20000008                        _edata = .
                [!provide]                        PROVIDE (__end_data_RAM = .)
                [!provide]                        PROVIDE (__end_data_SRAM_UPPER = .)

.igot.plt       0x20000008        0x0 load address 0x00005ac0
 .igot.plt      0x20000008        0x0 ./source/rtos/uCOSIII/src/uCOS-III/Source/os_cfg_app.o

.bss_RAM2       0x1fff0000        0x0
                [!provide]                        PROVIDE (__start_bss_RAM2 = .)
                [!provide]                        PROVIDE (__start_bss_SRAM_LOWER = .)
 *(SORT_BY_ALIGNMENT(.bss.$RAM2))
 *(SORT_BY_ALIGNMENT(.bss.$SRAM_LOWER))
 *(SORT_BY_ALIGNMENT(.bss.$RAM2.*))
 *(SORT_BY_ALIGNMENT(.bss.$SRAM_LOWER.*))
                0x1fff0000                        . = ALIGN ((. != 0x0)?0x8:0x1)
                [!provide]                        PROVIDE (__end_bss_RAM2 = .)
                [!provide]                        PROVIDE (__end_bss_SRAM_LOWER = .)

.bss_RAM3       0x14000000        0x0
                [!provide]                        PROVIDE (__start_bss_RAM3 = .)
                [!provide]                        PROVIDE (__start_bss_FLEX_RAM = .)
 *(SORT_BY_ALIGNMENT(.bss.$RAM3))
 *(SORT_BY_ALIGNMENT(.bss.$FLEX_RAM))
 *(SORT_BY_ALIGNMENT(.bss.$RAM3.*))
 *(SORT_BY_ALIGNMENT(.bss.$FLEX_RAM.*))
                0x14000000                        . = ALIGN ((. != 0x0)?0x8:0x1)
                [!provide]                        PROVIDE (__end_bss_RAM3 = .)
                [!provide]                        PROVIDE (__end_bss_FLEX_RAM = .)

.bss            0x20000008     0x2390
                0x20000008                        _bss = .
                [!provide]                        PROVIDE (__start_bss_RAM = .)
                [!provide]                        PROVIDE (__start_bss_SRAM_UPPER = .)
 *(SORT_BY_ALIGNMENT(.bss*))
 .bss.OSCfg_IdleTaskStk
                0x20000008      0x200 ./source/rtos/uCOSIII/src/uCOS-III/Source/os_cfg_app.o
                0x20000008                OSCfg_IdleTaskStk
 .bss.OSCfg_ISRStk
                0x20000208      0x200 ./source/rtos/uCOSIII/src/uCOS-III/Source/os_cfg_app.o
                0x20000208                OSCfg_ISRStk
 .bss.OSCfg_MsgPool
                0x20000408      0x640 ./source/rtos/uCOSIII/src/uCOS-III/Source/os_cfg_app.o
                0x20000408                OSCfg_MsgPool
 .bss.OSCfg_StatTaskStk
                0x20000a48      0x200 ./source/rtos/uCOSIII/src/uCOS-III/Source/os_cfg_app.o
                0x20000a48                OSCfg_StatTaskStk
 .bss.OSCfg_TickTaskStk
                0x20000c48      0x200 ./source/rtos/uCOSIII/src/uCOS-III/Source/os_cfg_app.o
                0x20000c48                OSCfg_TickTaskStk
 .bss.OSCfg_TmrTaskStk
                0x20000e48      0x200 ./source/rtos/uCOSIII/src/uCOS-III/Source/os_cfg_app.o
                0x20000e48                OSCfg_TmrTaskStk
 .bss.OSPrioTbl
                0x20001048        0x4 ./source/rtos/uCOSIII/src/uCOS-III/Source/os_prio.o
                0x20001048                OSPrioTbl
 .bss.OS_AppTaskCreateHookPtr
                0x2000104c        0x4 ./source/rtos/uCOSIII/src/uCOS-III/Source/os_var.o
                0x2000104c                OS_AppTaskCreateHookPtr
 .bss.OS_AppTaskDelHookPtr
                0x20001050        0x4 ./source/rtos/uCOSIII/src/uCOS-III/Source/os_var.o
                0x20001050                OS_AppTaskDelHookPtr
 .bss.OS_AppTaskReturnHookPtr
                0x20001054        0x4 ./source/rtos/uCOSIII/src/uCOS-III/Source/os_var.o
                0x20001054                OS_AppTaskReturnHookPtr
 .bss.OS_AppIdleTaskHookPtr
                0x20001058        0x4 ./source/rtos/uCOSIII/src/uCOS-III/Source/os_var.o
                0x20001058                OS_AppIdleTaskHookPtr
 .bss.OS_AppStatTaskHookPtr
                0x2000105c        0x4 ./source/rtos/uCOSIII/src/uCOS-III/Source/os_var.o
                0x2000105c                OS_AppStatTaskHookPtr
 .bss.OS_AppTaskSwHookPtr
                0x20001060        0x4 ./source/rtos/uCOSIII/src/uCOS-III/Source/os_var.o
                0x20001060                OS_AppTaskSwHookPtr
 .bss.OS_AppTimeTickHookPtr
                0x20001064        0x4 ./source/rtos/uCOSIII/src/uCOS-III/Source/os_var.o
                0x20001064                OS_AppTimeTickHookPtr
 .bss.OSIdleTaskCtr
                0x20001068        0x4 ./source/rtos/uCOSIII/src/uCOS-III/Source/os_var.o
                0x20001068                OSIdleTaskCtr
 .bss.OSIdleTaskTCB
                0x2000106c       0xc4 ./source/rtos/uCOSIII/src/uCOS-III/Source/os_var.o
                0x2000106c                OSIdleTaskTCB
 .bss.OSFlagDbgListPtr
                0x20001130        0x4 ./source/rtos/uCOSIII/src/uCOS-III/Source/os_var.o
                0x20001130                OSFlagDbgListPtr
 .bss.OSMemDbgListPtr
                0x20001134        0x4 ./source/rtos/uCOSIII/src/uCOS-III/Source/os_var.o
                0x20001134                OSMemDbgListPtr
 .bss.OSMsgPool
                0x20001138        0xc ./source/rtos/uCOSIII/src/uCOS-III/Source/os_var.o
                0x20001138                OSMsgPool
 .bss.OSMutexDbgListPtr
                0x20001144        0x4 ./source/rtos/uCOSIII/src/uCOS-III/Source/os_var.o
                0x20001144                OSMutexDbgListPtr
 .bss.OSQDbgListPtr
                0x20001148        0x4 ./source/rtos/uCOSIII/src/uCOS-III/Source/os_var.o
                0x20001148                OSQDbgListPtr
 .bss.OSRdyList
                0x2000114c      0x180 ./source/rtos/uCOSIII/src/uCOS-III/Source/os_var.o
                0x2000114c                OSRdyList
 .bss.OSSchedRoundRobinDfltTimeQuanta
                0x200012cc        0x4 ./source/rtos/uCOSIII/src/uCOS-III/Source/os_var.o
                0x200012cc                OSSchedRoundRobinDfltTimeQuanta
 .bss.OSSemDbgListPtr
                0x200012d0        0x4 ./source/rtos/uCOSIII/src/uCOS-III/Source/os_var.o
                0x200012d0                OSSemDbgListPtr
 .bss.OSStatTaskCtr
                0x200012d4        0x4 ./source/rtos/uCOSIII/src/uCOS-III/Source/os_var.o
                0x200012d4                OSStatTaskCtr
 .bss.OSStatTaskCtrMax
                0x200012d8        0x4 ./source/rtos/uCOSIII/src/uCOS-III/Source/os_var.o
                0x200012d8                OSStatTaskCtrMax
 .bss.OSStatTaskCtrRun
                0x200012dc        0x4 ./source/rtos/uCOSIII/src/uCOS-III/Source/os_var.o
                0x200012dc                OSStatTaskCtrRun
 .bss.OSStatTaskTCB
                0x200012e0       0xc4 ./source/rtos/uCOSIII/src/uCOS-III/Source/os_var.o
                0x200012e0                OSStatTaskTCB
 .bss.OSStatTaskTimeMax
                0x200013a4        0x4 ./source/rtos/uCOSIII/src/uCOS-III/Source/os_var.o
                0x200013a4                OSStatTaskTimeMax
 .bss.OSTaskCtxSwCtr
                0x200013a8        0x4 ./source/rtos/uCOSIII/src/uCOS-III/Source/os_var.o
                0x200013a8                OSTaskCtxSwCtr
 .bss.OSTaskDbgListPtr
                0x200013ac        0x4 ./source/rtos/uCOSIII/src/uCOS-III/Source/os_var.o
                0x200013ac                OSTaskDbgListPtr
 .bss.OSTickCtr
                0x200013b0        0x4 ./source/rtos/uCOSIII/src/uCOS-III/Source/os_var.o
                0x200013b0                OSTickCtr
 .bss.OSTickTaskTCB
                0x200013b4       0xc4 ./source/rtos/uCOSIII/src/uCOS-III/Source/os_var.o
                0x200013b4                OSTickTaskTCB
 .bss.OSTickTaskTimeMax
                0x20001478        0x4 ./source/rtos/uCOSIII/src/uCOS-III/Source/os_var.o
                0x20001478                OSTickTaskTimeMax
 .bss.OSTickListDly
                0x2000147c        0x8 ./source/rtos/uCOSIII/src/uCOS-III/Source/os_var.o
                0x2000147c                OSTickListDly
 .bss.OSTickListTimeout
                0x20001484        0x8 ./source/rtos/uCOSIII/src/uCOS-III/Source/os_var.o
                0x20001484                OSTickListTimeout
 .bss.OSTmrDbgListPtr
                0x2000148c        0x4 ./source/rtos/uCOSIII/src/uCOS-III/Source/os_var.o
                0x2000148c                OSTmrDbgListPtr
 .bss.OSTmrListPtr
                0x20001490        0x4 ./source/rtos/uCOSIII/src/uCOS-III/Source/os_var.o
                0x20001490                OSTmrListPtr
 .bss.OSTmrMutex
                0x20001494       0x30 ./source/rtos/uCOSIII/src/uCOS-III/Source/os_var.o
                0x20001494                OSTmrMutex
 .bss.OSTmrTaskTCB
                0x200014c4       0xc4 ./source/rtos/uCOSIII/src/uCOS-III/Source/os_var.o
                0x200014c4                OSTmrTaskTCB
 .bss.OSTmrTaskTimeMax
                0x20001588        0x4 ./source/rtos/uCOSIII/src/uCOS-III/Source/os_var.o
                0x20001588                OSTmrTaskTimeMax
 .bss.OSTmrTickCtr
                0x2000158c        0x4 ./source/rtos/uCOSIII/src/uCOS-III/Source/os_var.o
                0x2000158c                OSTmrTickCtr
 .bss.OSTmrUpdateCnt
                0x20001590        0x4 ./source/rtos/uCOSIII/src/uCOS-III/Source/os_var.o
                0x20001590                OSTmrUpdateCnt
 .bss.OSTmrUpdateCtr
                0x20001594        0x4 ./source/rtos/uCOSIII/src/uCOS-III/Source/os_var.o
                0x20001594                OSTmrUpdateCtr
 .bss.OSTCBCurPtr
                0x20001598        0x4 ./source/rtos/uCOSIII/src/uCOS-III/Source/os_var.o
                0x20001598                OSTCBCurPtr
 .bss.OSTCBHighRdyPtr
                0x2000159c        0x4 ./source/rtos/uCOSIII/src/uCOS-III/Source/os_var.o
                0x2000159c                OSTCBHighRdyPtr
 .bss.OS_CPU_ExceptStkBase
                0x200015a0        0x4 ./source/rtos/uCOSIII/src/uCOS-III/Ports/ARM-Cortex-M4/Generic/GNU/os_cpu_c.o
                0x200015a0                OS_CPU_ExceptStkBase
 .bss.CPU_TS_TmrFreq_Hz
                0x200015a4        0x4 ./source/rtos/uCOSIII/src/uC-CPU/cpu_core.o
                0x200015a4                CPU_TS_TmrFreq_Hz
 .bss.display_buffer
                0x200015a8       0x10 ./source/display.o
                0x200015a8                display_buffer
 .bss.mask      0x200015b8        0x4 ./source/display.o
 .bss.TaskStartTCB
                0x200015bc       0xc4 ./source/main.o
 .bss.TaskStartStk
                0x20001680      0x800 ./source/main.o
 .bss.TaskDisplayTCB
                0x20001e80       0xc4 ./source/main.o
 .bss.TaskDisplayStk
                0x20001f44      0x400 ./source/main.o
 .bss.MyMutex   0x20002344       0x30 ./source/main.o
                0x20002344                MyMutex
 .bss.index.0   0x20002374        0x4 ./source/main.o
 .bss.OSFlagQty
                0x20002378        0x2 ./source/rtos/uCOSIII/src/uCOS-III/Source/os_var.o
                0x20002378                OSFlagQty
 .bss.OSMemQty  0x2000237a        0x2 ./source/rtos/uCOSIII/src/uCOS-III/Source/os_var.o
                0x2000237a                OSMemQty
 .bss.OSMutexQty
                0x2000237c        0x2 ./source/rtos/uCOSIII/src/uCOS-III/Source/os_var.o
                0x2000237c                OSMutexQty
 .bss.OSQQty    0x2000237e        0x2 ./source/rtos/uCOSIII/src/uCOS-III/Source/os_var.o
                0x2000237e                OSQQty
 .bss.OSSemQty  0x20002380        0x2 ./source/rtos/uCOSIII/src/uCOS-III/Source/os_var.o
                0x20002380                OSSemQty
 .bss.OSStatTaskCPUUsage
                0x20002382        0x2 ./source/rtos/uCOSIII/src/uCOS-III/Source/os_var.o
                0x20002382                OSStatTaskCPUUsage
 .bss.OSStatTaskCPUUsageMax
                0x20002384        0x2 ./source/rtos/uCOSIII/src/uCOS-III/Source/os_var.o
                0x20002384                OSStatTaskCPUUsageMax
 .bss.OSTaskQty
                0x20002386        0x2 ./source/rtos/uCOSIII/src/uCOS-III/Source/os_var.o
                0x20002386                OSTaskQty
 .bss.OSTmrListEntries
                0x20002388        0x2 ./source/rtos/uCOSIII/src/uCOS-III/Source/os_var.o
                0x20002388                OSTmrListEntries
 .bss.OSIntNestingCtr
                0x2000238a        0x1 ./source/rtos/uCOSIII/src/uCOS-III/Source/os_var.o
                0x2000238a                OSIntNestingCtr
 .bss.OSRunning
                0x2000238b        0x1 ./source/rtos/uCOSIII/src/uCOS-III/Source/os_var.o
                0x2000238b                OSRunning
 .bss.OSPrioCur
                0x2000238c        0x1 ./source/rtos/uCOSIII/src/uCOS-III/Source/os_var.o
                0x2000238c                OSPrioCur
 .bss.OSPrioHighRdy
                0x2000238d        0x1 ./source/rtos/uCOSIII/src/uCOS-III/Source/os_var.o
                0x2000238d                OSPrioHighRdy
 .bss.OSPrioSaved
                0x2000238e        0x1 ./source/rtos/uCOSIII/src/uCOS-III/Source/os_var.o
                0x2000238e                OSPrioSaved
 .bss.OSSchedLockNestingCtr
                0x2000238f        0x1 ./source/rtos/uCOSIII/src/uCOS-III/Source/os_var.o
                0x2000238f                OSSchedLockNestingCtr
 .bss.OSSchedRoundRobinEn
                0x20002390        0x1 ./source/rtos/uCOSIII/src/uCOS-III/Source/os_var.o
                0x20002390                OSSchedRoundRobinEn
 .bss.OSStatResetFlag
                0x20002391        0x1 ./source/rtos/uCOSIII/src/uCOS-III/Source/os_var.o
                0x20002391                OSStatResetFlag
 .bss.OSStatTaskRdy
                0x20002392        0x1 ./source/rtos/uCOSIII/src/uCOS-III/Source/os_var.o
                0x20002392                OSStatTaskRdy
 .bss.OSTaskRegNextAvailID
                0x20002393        0x1 ./source/rtos/uCOSIII/src/uCOS-III/Source/os_var.o
                0x20002393                OSTaskRegNextAvailID
 .bss.digit.4   0x20002394        0x1 ./source/main.o
 .bss.pwm_counter.3
                0x20002395        0x1 ./source/main.o
 .bss.status.1  0x20002396        0x1 ./source/main.o
 *(SORT_BY_ALIGNMENT(COMMON))
                0x20002398                        . = ALIGN (0x8)
 *fill*         0x20002397        0x1 
                0x20002398                        _ebss = .
                [!provide]                        PROVIDE (__end_bss_RAM = .)
                [!provide]                        PROVIDE (__end_bss_SRAM_UPPER = .)
                [!provide]                        PROVIDE (end = .)

.noinit_RAM2    0x1fff0000        0x0
                [!provide]                        PROVIDE (__start_noinit_RAM2 = .)
                [!provide]                        PROVIDE (__start_noinit_SRAM_LOWER = .)
 *(SORT_BY_ALIGNMENT(.noinit.$RAM2))
 *(SORT_BY_ALIGNMENT(.noinit.$SRAM_LOWER))
 *(SORT_BY_ALIGNMENT(.noinit.$RAM2.*))
 *(SORT_BY_ALIGNMENT(.noinit.$SRAM_LOWER.*))
                0x1fff0000                        . = ALIGN (0x8)
                [!provide]                        PROVIDE (__end_noinit_RAM2 = .)
                [!provide]                        PROVIDE (__end_noinit_SRAM_LOWER = .)

.noinit_RAM3    0x14000000        0x0
                [!provide]                        PROVIDE (__start_noinit_RAM3 = .)
                [!provide]                        PROVIDE (__start_noinit_FLEX_RAM = .)
 *(SORT_BY_ALIGNMENT(.noinit.$RAM3))
 *(SORT_BY_ALIGNMENT(.noinit.$FLEX_RAM))
 *(SORT_BY_ALIGNMENT(.noinit.$RAM3.*))
 *(SORT_BY_ALIGNMENT(.noinit.$FLEX_RAM.*))
                0x14000000                        . = ALIGN (0x8)
                [!provide]                        PROVIDE (__end_noinit_RAM3 = .)
                [!provide]                        PROVIDE (__end_noinit_FLEX_RAM = .)

.noinit         0x20002398        0x0
                0x20002398                        _noinit = .
                [!provide]                        PROVIDE (__start_noinit_RAM = .)
                [!provide]                        PROVIDE (__start_noinit_SRAM_UPPER = .)
 *(SORT_BY_ALIGNMENT(.noinit*))
                0x20002398                        . = ALIGN (0x8)
                0x20002398                        _end_noinit = .
                [!provide]                        PROVIDE (__end_noinit_RAM = .)
                [!provide]                        PROVIDE (__end_noinit_SRAM_UPPER = .)
                0x00001000                        _HeapSize = 0x1000

.heap           0x20002398     0x1000
                0x20002398                        _pvHeapStart = .
                0x20003398                        . = (. + _HeapSize)
 *fill*         0x20002398     0x1000 
                0x20003398                        . = ALIGN (0x8)
                0x20003398                        _pvHeapLimit = .
                0x00001000                        _StackSize = 0x1000

.heap2stackfill
                0x20003398     0x1000
                0x20004398                        . = (. + _StackSize)
 *fill*         0x20003398     0x1000 

.stack          0x2002f000        0x0
                0x2002f000                        _vStackBase = .
                0x2002f000                        . = ALIGN (0x8)
                0x20030000                        _vStackTop = (. + _StackSize)
                0x00000000                        _image_start = LOADADDR (.text)
                0x00005ac0                        _image_end = (LOADADDR (.data) + SIZEOF (.data))
                0x00005ac0                        _image_size = (_image_end - _image_start)
OUTPUT(ucosiii_test_project.axf elf32-littlearm)
LOAD linker stubs

.debug_info     0x00000000    0x14e0f
 .debug_info    0x00000000      0x68e ./source/rtos/uCOSIII/src/uCOS-III/Source/os_cfg_app.o
 .debug_info    0x0000068e     0x1b2f ./source/rtos/uCOSIII/src/uCOS-III/Source/os_core.o
 .debug_info    0x000021bd     0x10b9 ./source/rtos/uCOSIII/src/uCOS-III/Source/os_dbg.o
 .debug_info    0x00003276     0x1320 ./source/rtos/uCOSIII/src/uCOS-III/Source/os_flag.o
 .debug_info    0x00004596      0x858 ./source/rtos/uCOSIII/src/uCOS-III/Source/os_mem.o
 .debug_info    0x00004dee      0x892 ./source/rtos/uCOSIII/src/uCOS-III/Source/os_msg.o
 .debug_info    0x00005680     0x1237 ./source/rtos/uCOSIII/src/uCOS-III/Source/os_mutex.o
 .debug_info    0x000068b7      0x1ec ./source/rtos/uCOSIII/src/uCOS-III/Source/os_prio.o
 .debug_info    0x00006aa3     0x1361 ./source/rtos/uCOSIII/src/uCOS-III/Source/os_q.o
 .debug_info    0x00007e04     0x12b5 ./source/rtos/uCOSIII/src/uCOS-III/Source/os_sem.o
 .debug_info    0x000090b9     0x118e ./source/rtos/uCOSIII/src/uCOS-III/Source/os_stat.o
 .debug_info    0x0000a247     0x19f8 ./source/rtos/uCOSIII/src/uCOS-III/Source/os_task.o
 .debug_info    0x0000bc3f     0x10e5 ./source/rtos/uCOSIII/src/uCOS-III/Source/os_tick.o
 .debug_info    0x0000cd24     0x1068 ./source/rtos/uCOSIII/src/uCOS-III/Source/os_time.o
 .debug_info    0x0000dd8c     0x1428 ./source/rtos/uCOSIII/src/uCOS-III/Source/os_tmr.o
 .debug_info    0x0000f1b4     0x1099 ./source/rtos/uCOSIII/src/uCOS-III/Source/os_var.o
 .debug_info    0x0001024d       0x24 ./source/rtos/uCOSIII/src/uCOS-III/Ports/ARM-Cortex-M4/Generic/GNU/os_cpu_a.o
 .debug_info    0x00010271      0xb04 ./source/rtos/uCOSIII/src/uCOS-III/Ports/ARM-Cortex-M4/Generic/GNU/os_cpu_c.o
 .debug_info    0x00010d75       0x23 ./source/rtos/uCOSIII/src/uC-CPU/ARM-Cortex-M4/GNU/cpu_a.o
 .debug_info    0x00010d98      0x497 ./source/rtos/uCOSIII/src/uC-CPU/cpu_core.o
 .debug_info    0x0001122f      0x196 ./source/rtos/uCOSIII/BSP/cpu_bsp.o
 .debug_info    0x000113c5      0x427 ./source/display.o
 .debug_info    0x000117ec      0xad1 ./source/gpio.o
 .debug_info    0x000122bd     0x10a6 ./source/main.o
 .debug_info    0x00013363      0x648 ./SDK/startup/hardware.o
 .debug_info    0x000139ab       0x3c ./SDK/startup/semihost_hardfault.o
 .debug_info    0x000139e7      0xd0c ./SDK/startup/startup_mk64f12.o
 .debug_info    0x000146f3      0x63b ./SDK/CMSIS/system_MK64F12.o
 .debug_info    0x00014d2e       0xe1 C:/nxp/MCUXpressoIDE_11.10.0_3148/ide/plugins/com.nxp.mcuxpresso.tools.win32_11.10.0.202311280810/tools/bin/../lib/gcc/arm-none-eabi/13.2.1/../../../../arm-none-eabi/lib/thumb/v7e-m+fp/hard\libcr_c.a(strlen.o)

.debug_abbrev   0x00000000     0x2da6
 .debug_abbrev  0x00000000      0x104 ./source/rtos/uCOSIII/src/uCOS-III/Source/os_cfg_app.o
 .debug_abbrev  0x00000104      0x238 ./source/rtos/uCOSIII/src/uCOS-III/Source/os_core.o
 .debug_abbrev  0x0000033c       0xf7 ./source/rtos/uCOSIII/src/uCOS-III/Source/os_dbg.o
 .debug_abbrev  0x00000433      0x23d ./source/rtos/uCOSIII/src/uCOS-III/Source/os_flag.o
 .debug_abbrev  0x00000670      0x1af ./source/rtos/uCOSIII/src/uCOS-III/Source/os_mem.o
 .debug_abbrev  0x0000081f      0x194 ./source/rtos/uCOSIII/src/uCOS-III/Source/os_msg.o
 .debug_abbrev  0x000009b3      0x23d ./source/rtos/uCOSIII/src/uCOS-III/Source/os_mutex.o
 .debug_abbrev  0x00000bf0      0x11e ./source/rtos/uCOSIII/src/uCOS-III/Source/os_prio.o
 .debug_abbrev  0x00000d0e      0x254 ./source/rtos/uCOSIII/src/uCOS-III/Source/os_q.o
 .debug_abbrev  0x00000f62      0x23d ./source/rtos/uCOSIII/src/uCOS-III/Source/os_sem.o
 .debug_abbrev  0x0000119f      0x1cc ./source/rtos/uCOSIII/src/uCOS-III/Source/os_stat.o
 .debug_abbrev  0x0000136b      0x259 ./source/rtos/uCOSIII/src/uCOS-III/Source/os_task.o
 .debug_abbrev  0x000015c4      0x258 ./source/rtos/uCOSIII/src/uCOS-III/Source/os_tick.o
 .debug_abbrev  0x0000181c      0x21b ./source/rtos/uCOSIII/src/uCOS-III/Source/os_time.o
 .debug_abbrev  0x00001a37      0x289 ./source/rtos/uCOSIII/src/uCOS-III/Source/os_tmr.o
 .debug_abbrev  0x00001cc0       0xc6 ./source/rtos/uCOSIII/src/uCOS-III/Source/os_var.o
 .debug_abbrev  0x00001d86       0x14 ./source/rtos/uCOSIII/src/uCOS-III/Ports/ARM-Cortex-M4/Generic/GNU/os_cpu_a.o
 .debug_abbrev  0x00001d9a      0x263 ./source/rtos/uCOSIII/src/uCOS-III/Ports/ARM-Cortex-M4/Generic/GNU/os_cpu_c.o
 .debug_abbrev  0x00001ffd       0x14 ./source/rtos/uCOSIII/src/uC-CPU/ARM-Cortex-M4/GNU/cpu_a.o
 .debug_abbrev  0x00002011      0x1f1 ./source/rtos/uCOSIII/src/uC-CPU/cpu_core.o
 .debug_abbrev  0x00002202       0xfb ./source/rtos/uCOSIII/BSP/cpu_bsp.o
 .debug_abbrev  0x000022fd      0x1a8 ./source/display.o
 .debug_abbrev  0x000024a5      0x211 ./source/gpio.o
 .debug_abbrev  0x000026b6      0x244 ./source/main.o
 .debug_abbrev  0x000028fa       0xf2 ./SDK/startup/hardware.o
 .debug_abbrev  0x000029ec       0x31 ./SDK/startup/semihost_hardfault.o
 .debug_abbrev  0x00002a1d      0x19a ./SDK/startup/startup_mk64f12.o
 .debug_abbrev  0x00002bb7      0x148 ./SDK/CMSIS/system_MK64F12.o
 .debug_abbrev  0x00002cff       0xa7 C:/nxp/MCUXpressoIDE_11.10.0_3148/ide/plugins/com.nxp.mcuxpresso.tools.win32_11.10.0.202311280810/tools/bin/../lib/gcc/arm-none-eabi/13.2.1/../../../../arm-none-eabi/lib/thumb/v7e-m+fp/hard\libcr_c.a(strlen.o)

.debug_aranges  0x00000000      0xca0
 .debug_aranges
                0x00000000       0x20 ./source/rtos/uCOSIII/src/uCOS-III/Source/os_cfg_app.o
 .debug_aranges
                0x00000020      0x138 ./source/rtos/uCOSIII/src/uCOS-III/Source/os_core.o
 .debug_aranges
                0x00000158       0x20 ./source/rtos/uCOSIII/src/uCOS-III/Source/os_dbg.o
 .debug_aranges
                0x00000178       0x78 ./source/rtos/uCOSIII/src/uCOS-III/Source/os_flag.o
 .debug_aranges
                0x000001f0       0x40 ./source/rtos/uCOSIII/src/uCOS-III/Source/os_mem.o
 .debug_aranges
                0x00000230       0x40 ./source/rtos/uCOSIII/src/uCOS-III/Source/os_msg.o
 .debug_aranges
                0x00000270       0x78 ./source/rtos/uCOSIII/src/uCOS-III/Source/os_mutex.o
 .debug_aranges
                0x000002e8       0x38 ./source/rtos/uCOSIII/src/uCOS-III/Source/os_prio.o
 .debug_aranges
                0x00000320       0x70 ./source/rtos/uCOSIII/src/uCOS-III/Source/os_q.o
 .debug_aranges
                0x00000390       0x70 ./source/rtos/uCOSIII/src/uCOS-III/Source/os_sem.o
 .debug_aranges
                0x00000400       0x38 ./source/rtos/uCOSIII/src/uCOS-III/Source/os_stat.o
 .debug_aranges
                0x00000438       0xf0 ./source/rtos/uCOSIII/src/uCOS-III/Source/os_task.o
 .debug_aranges
                0x00000528       0x58 ./source/rtos/uCOSIII/src/uCOS-III/Source/os_tick.o
 .debug_aranges
                0x00000580       0x48 ./source/rtos/uCOSIII/src/uCOS-III/Source/os_time.o
 .debug_aranges
                0x000005c8       0x90 ./source/rtos/uCOSIII/src/uCOS-III/Source/os_tmr.o
 .debug_aranges
                0x00000658       0x18 ./source/rtos/uCOSIII/src/uCOS-III/Source/os_var.o
 .debug_aranges
                0x00000670       0x20 ./source/rtos/uCOSIII/src/uCOS-III/Ports/ARM-Cortex-M4/Generic/GNU/os_cpu_a.o
 .debug_aranges
                0x00000690       0x70 ./source/rtos/uCOSIII/src/uCOS-III/Ports/ARM-Cortex-M4/Generic/GNU/os_cpu_c.o
 .debug_aranges
                0x00000700       0x20 ./source/rtos/uCOSIII/src/uC-CPU/ARM-Cortex-M4/GNU/cpu_a.o
 .debug_aranges
                0x00000720       0x90 ./source/rtos/uCOSIII/src/uC-CPU/cpu_core.o
 .debug_aranges
                0x000007b0       0x30 ./source/rtos/uCOSIII/BSP/cpu_bsp.o
 .debug_aranges
                0x000007e0       0x70 ./source/display.o
 .debug_aranges
                0x00000850       0x58 ./source/gpio.o
 .debug_aranges
                0x000008a8       0x38 ./source/main.o
 .debug_aranges
                0x000008e0       0x20 ./SDK/startup/hardware.o
 .debug_aranges
                0x00000900       0x20 ./SDK/startup/semihost_hardfault.o
 .debug_aranges
                0x00000920      0x330 ./SDK/startup/startup_mk64f12.o
 .debug_aranges
                0x00000c50       0x30 ./SDK/CMSIS/system_MK64F12.o
 .debug_aranges
                0x00000c80       0x20 C:/nxp/MCUXpressoIDE_11.10.0_3148/ide/plugins/com.nxp.mcuxpresso.tools.win32_11.10.0.202311280810/tools/bin/../lib/gcc/arm-none-eabi/13.2.1/../../../../arm-none-eabi/lib/thumb/v7e-m+fp/hard\libcr_c.a(strlen.o)

.debug_ranges   0x00000000      0xaa8
 .debug_ranges  0x00000000       0x10 ./source/rtos/uCOSIII/src/uCOS-III/Source/os_cfg_app.o
 .debug_ranges  0x00000010      0x128 ./source/rtos/uCOSIII/src/uCOS-III/Source/os_core.o
 .debug_ranges  0x00000138       0x10 ./source/rtos/uCOSIII/src/uCOS-III/Source/os_dbg.o
 .debug_ranges  0x00000148       0x68 ./source/rtos/uCOSIII/src/uCOS-III/Source/os_flag.o