../source/menu.c:87:13:show_literal4	24	static
../source/menu.c:96:13:show_blank	16	static
../source/menu.c:104:13:render_main_menu	8	static
../source/menu.c:117:13:render_brightness	24	static
../source/menu.c:123:6:render_id_input	16	static
../source/menu.c:147:13:render_pin_input	16	static
../source/menu.c:171:13:show_error	8	static
../source/menu.c:178:13:show_welcome	8	static
../source/menu.c:185:13:show_done	8	static
../source/menu.c:191:13:clear_leds	8	static
../source/menu.c:198:13:enter_main_menu	8	static
../source/menu.c:205:13:enter_brightness	8	static
../source/menu.c:212:13:enter_id_input_state	8	static
../source/menu.c:223:13:enter_pin_input_for_user	16	static
../source/menu.c:245:13:enter_change_pin_id	8	static
../source/menu.c:258:13:main_move	16	static
../source/menu.c:267:6:select_char_with_encoder	24	static
../source/menu.c:283:13:handle_encoder_move_int	24	static
../source/menu.c:316:13:process_entered_pin_for_user	16	static
../source/menu.c:397:13:process_entered_new_pin_for_user	8	static
../source/menu.c:419:13:process_entered_id_for_user	16	static
../source/menu.c:444:13:handle_button_shortpress	8	static
../source/menu.c:511:13:handle_longpress_backspace	8	static
../source/menu.c:539:6:Menu_HandleMessage	24	static
../source/menu.c:581:6:Menu_Tick	8	static
../source/menu.c:632:6:Menu_ShowHome	8	static
../source/menu.c:639:6:Menu_Init	8	static
