../source/rtos/uCOSIII/src/uCOS-III/Source/os_core.c:57:7:OSInit	24	static
../source/rtos/uCOSIII/src/uCOS-III/Source/os_core.c:268:7:OSIntEnter	4	static
../source/rtos/uCOSIII/src/uCOS-III/Source/os_core.c:302:7:OSIntExit	16	static
../source/rtos/uCOSIII/src/uCOS-III/Source/os_core.c:390:7:OSSched	16	static
../source/rtos/uCOSIII/src/uCOS-III/Source/os_core.c:451:7:OSSchedLock	24	static
../source/rtos/uCOSIII/src/uCOS-III/Source/os_core.c:512:7:OSSchedUnlock	24	static
../source/rtos/uCOSIII/src/uCOS-III/Source/os_core.c:579:7:OSSchedRoundRobinCfg	32	static
../source/rtos/uCOSIII/src/uCOS-III/Source/os_core.c:633:7:OSSchedRoundRobinYield	32	static
../source/rtos/uCOSIII/src/uCOS-III/Source/os_core.c:713:7:OSStart	16	static
../source/rtos/uCOSIII/src/uCOS-III/Source/os_core.c:752:13:OSVersion	16	static
../source/rtos/uCOSIII/src/uCOS-III/Source/os_core.c:788:7:OS_IdleTask	24	static
../source/rtos/uCOSIII/src/uCOS-III/Source/os_core.c:823:7:OS_IdleTaskInit	56	static
../source/rtos/uCOSIII/src/uCOS-III/Source/os_core.c:880:7:OS_Pend	32	static
../source/rtos/uCOSIII/src/uCOS-III/Source/os_core.c:934:7:OS_PendAbort	24	static
../source/rtos/uCOSIII/src/uCOS-III/Source/os_core.c:1045:7:OS_PendAbort1	32	static
../source/rtos/uCOSIII/src/uCOS-III/Source/os_core.c:1110:7:OS_PendDataInit	32	static
../source/rtos/uCOSIII/src/uCOS-III/Source/os_core.c:1153:7:OS_PendDbgNameAdd	32	static
../source/rtos/uCOSIII/src/uCOS-III/Source/os_core.c:1186:7:OS_PendDbgNameRemove	32	static
../source/rtos/uCOSIII/src/uCOS-III/Source/os_core.c:1286:7:OS_PendListChangePrio	32	static
../source/rtos/uCOSIII/src/uCOS-III/Source/os_core.c:1327:7:OS_PendListInit	16	static
../source/rtos/uCOSIII/src/uCOS-III/Source/os_core.c:1381:7:OS_PendListInsertHead	24	static
../source/rtos/uCOSIII/src/uCOS-III/Source/os_core.c:1469:7:OS_PendListInsertPrio	40	static
../source/rtos/uCOSIII/src/uCOS-III/Source/os_core.c:1572:7:OS_PendListRemove	32	static
../source/rtos/uCOSIII/src/uCOS-III/Source/os_core.c:1647:7:OS_PendListRemove1	24	static
../source/rtos/uCOSIII/src/uCOS-III/Source/os_core.c:1701:7:OS_PendObjDel	24	static
../source/rtos/uCOSIII/src/uCOS-III/Source/os_core.c:1808:7:OS_PendObjDel1	32	static
../source/rtos/uCOSIII/src/uCOS-III/Source/os_core.c:1857:7:OS_Post	32	static
../source/rtos/uCOSIII/src/uCOS-III/Source/os_core.c:1988:7:OS_Post1	32	static
../source/rtos/uCOSIII/src/uCOS-III/Source/os_core.c:2058:7:OS_RdyListInit	16	static
../source/rtos/uCOSIII/src/uCOS-III/Source/os_core.c:2092:7:OS_RdyListInsert	16	static
../source/rtos/uCOSIII/src/uCOS-III/Source/os_core.c:2163:7:OS_RdyListInsertHead	24	static
../source/rtos/uCOSIII/src/uCOS-III/Source/os_core.c:2244:7:OS_RdyListInsertTail	24	static
../source/rtos/uCOSIII/src/uCOS-III/Source/os_core.c:2321:7:OS_RdyListMoveHeadToTail	32	static
../source/rtos/uCOSIII/src/uCOS-III/Source/os_core.c:2408:7:OS_RdyListRemove	32	static
../source/rtos/uCOSIII/src/uCOS-III/Source/os_core.c:2551:7:OS_SchedRoundRobin	24	static
../source/rtos/uCOSIII/src/uCOS-III/Source/os_core.c:2624:7:OS_TaskBlock	16	static
