../source/rtos/uCOSIII/src/uCOS-III/Source/os_task.c:66:7:OSTaskChangePrio	32	static
../source/rtos/uCOSIII/src/uCOS-III/Source/os_task.c:225:7:OSTaskCreate	56	static
../source/rtos/uCOSIII/src/uCOS-III/Source/os_task.c:496:7:OSTaskDel	32	static
../source/rtos/uCOSIII/src/uCOS-III/Source/os_task.c:666:13:OSTaskQFlush	24	static
../source/rtos/uCOSIII/src/uCOS-III/Source/os_task.c:744:8:OSTaskQPend	40	static
../source/rtos/uCOSIII/src/uCOS-III/Source/os_task.c:1022:7:OSTaskQPost	40	static
../source/rtos/uCOSIII/src/uCOS-III/Source/os_task.c:1113:9:OSTaskRegGet	32	static
../source/rtos/uCOSIII/src/uCOS-III/Source/os_task.c:1166:12:OSTaskRegGetID	24	static
../source/rtos/uCOSIII/src/uCOS-III/Source/os_task.c:1222:7:OSTaskRegSet	32	static
../source/rtos/uCOSIII/src/uCOS-III/Source/os_task.c:1278:7:OSTaskResume	24	static
../source/rtos/uCOSIII/src/uCOS-III/Source/os_task.c:1368:13:OSTaskSemPend	32	static
../source/rtos/uCOSIII/src/uCOS-III/Source/os_task.c:1547:14:OSTaskSemPendAbort	32	static
../source/rtos/uCOSIII/src/uCOS-III/Source/os_task.c:1635:13:OSTaskSemPost	32	static
../source/rtos/uCOSIII/src/uCOS-III/Source/os_task.c:1718:13:OSTaskSemSet	32	static
../source/rtos/uCOSIII/src/uCOS-III/Source/os_task.c:1778:7:OSTaskStkChk	40	static
../source/rtos/uCOSIII/src/uCOS-III/Source/os_task.c:1888:8:OSTaskSuspend	16	static
../source/rtos/uCOSIII/src/uCOS-III/Source/os_task.c:1956:7:OSTaskTimeQuantaSet	32	static
../source/rtos/uCOSIII/src/uCOS-III/Source/os_task.c:2012:7:OS_TaskDbgListAdd	16	static
../source/rtos/uCOSIII/src/uCOS-III/Source/os_task.c:2026:7:OS_TaskDbgListRemove	24	static
../source/rtos/uCOSIII/src/uCOS-III/Source/os_task.c:2073:7:OS_TaskInit	16	static
../source/rtos/uCOSIII/src/uCOS-III/Source/os_task.c:2107:7:OS_TaskInitTCB	24	static
../source/rtos/uCOSIII/src/uCOS-III/Source/os_task.c:2292:7:OS_TaskQPost	40	static
../source/rtos/uCOSIII/src/uCOS-III/Source/os_task.c:2380:7:OS_TaskResume	24	static
../source/rtos/uCOSIII/src/uCOS-III/Source/os_task.c:2457:7:OS_TaskReturn	16	static
../source/rtos/uCOSIII/src/uCOS-III/Source/os_task.c:2507:13:OS_TaskSemPost	40	static
../source/rtos/uCOSIII/src/uCOS-III/Source/os_task.c:2651:7:OS_TaskSuspend	24	static
../source/rtos/uCOSIII/src/uCOS-III/Source/os_task.c:2737:7:OS_TaskChangePrio	24	static
